0 verbose cli /Users/timothycheng/.nvm/versions/node/v20.19.0/bin/node /Users/timothycheng/.nvm/versions/node/v20.19.0/bin/npm
1 info using npm@11.7.0
2 info using node@v20.19.0
3 silly config load:file:/Users/timothycheng/.nvm/versions/node/v20.19.0/lib/node_modules/npm/npmrc
4 silly config load:file:/Users/timothycheng/fd-staging/.npmrc
5 silly config load:file:/Users/timothycheng/.npmrc
6 silly config load:file:/Users/timothycheng/.nvm/versions/node/v20.19.0/etc/npmrc
7 verbose title npm install @playwright/test
8 verbose argv "install" "--save-dev" "@playwright/test" "--cache" "/Users/timothycheng/fd-staging/.npm-cache"
9 verbose logfile logs-max:10 dir:/Users/timothycheng/fd-staging/.npm-cache/_logs/2025-12-17T02_32_06_938Z-
10 verbose logfile /Users/timothycheng/fd-staging/.npm-cache/_logs/2025-12-17T02_32_06_938Z-debug-0.log
11 silly logfile done cleaning log files
12 silly packumentCache heap:2197815296 maxSize:549453824 maxEntrySize:274726912
13 silly idealTree buildDeps
14 silly fetch manifest @playwright/test@*
15 silly packumentCache full:https://registry.npmjs.org/@playwright%2ftest cache-miss
16 http fetch GET 200 https://registry.npmjs.org/@playwright%2ftest 758ms (cache miss)
17 silly packumentCache full:https://registry.npmjs.org/@playwright%2ftest set size:undefined disposed:false
18 silly placeDep ROOT @playwright/test@1.57.0 OK for: fd-staging-elite@1.0.0 want: *
19 silly fetch manifest playwright@1.57.0
20 silly packumentCache full:https://registry.npmjs.org/playwright cache-miss
21 http fetch GET 200 https://registry.npmjs.org/playwright 620ms (cache miss)
22 silly packumentCache full:https://registry.npmjs.org/playwright set size:undefined disposed:false
23 silly placeDep ROOT playwright@1.57.0 OK for: @playwright/test@1.57.0 want: 1.57.0
24 silly fetch manifest playwright-core@1.57.0
25 silly packumentCache full:https://registry.npmjs.org/playwright-core cache-miss
26 silly fetch manifest fsevents@2.3.2
27 silly packumentCache full:https://registry.npmjs.org/fsevents cache-miss
28 http fetch GET 200 https://registry.npmjs.org/fsevents 278ms (cache miss)
29 silly packumentCache full:https://registry.npmjs.org/fsevents set size:undefined disposed:false
30 http fetch GET 200 https://registry.npmjs.org/playwright-core 701ms (cache miss)
31 silly packumentCache full:https://registry.npmjs.org/playwright-core set size:undefined disposed:false
32 silly placeDep node_modules/playwright fsevents@2.3.2 OK for: playwright@1.57.0 want: 2.3.2
33 silly placeDep ROOT playwright-core@1.57.0 OK for: playwright@1.57.0 want: 1.57.0
34 silly reify moves {}
35 silly audit bulk request {
35 silly audit   '@alloc/quick-lru': [ '5.2.0' ],
35 silly audit   '@emnapi/core': [ '1.7.1' ],
35 silly audit   '@emnapi/runtime': [ '1.7.1' ],
35 silly audit   '@emnapi/wasi-threads': [ '1.1.0' ],
35 silly audit   '@emotion/is-prop-valid': [ '0.8.8' ],
35 silly audit   '@emotion/memoize': [ '0.7.4' ],
35 silly audit   '@eslint-community/eslint-utils': [ '4.9.0' ],
35 silly audit   '@eslint-community/regexpp': [ '4.12.2' ],
35 silly audit   '@eslint/eslintrc': [ '2.1.4' ],
35 silly audit   '@eslint/js': [ '8.57.0' ],
35 silly audit   '@humanwhocodes/config-array': [ '0.11.14' ],
35 silly audit   '@humanwhocodes/module-importer': [ '1.0.1' ],
35 silly audit   '@humanwhocodes/object-schema': [ '2.0.3' ],
35 silly audit   '@isaacs/cliui': [ '8.0.2' ],
35 silly audit   'ansi-regex': [ '6.2.2', '5.0.1' ],
35 silly audit   'strip-ansi': [ '7.1.2', '6.0.1' ],
35 silly audit   '@jridgewell/gen-mapping': [ '0.3.13' ],
35 silly audit   '@jridgewell/resolve-uri': [ '3.1.2' ],
35 silly audit   '@jridgewell/sourcemap-codec': [ '1.5.5' ],
35 silly audit   '@jridgewell/trace-mapping': [ '0.3.31' ],
35 silly audit   '@napi-rs/wasm-runtime': [ '0.2.12' ],
35 silly audit   '@next/env': [ '14.1.0' ],
35 silly audit   '@next/eslint-plugin-next': [ '14.1.0' ],
35 silly audit   'brace-expansion': [ '2.0.2', '1.1.12' ],
35 silly audit   glob: [ '10.3.10', '7.2.3' ],
35 silly audit   minimatch: [ '9.0.5', '9.0.3', '3.1.2' ],
35 silly audit   '@next/swc-darwin-arm64': [ '14.1.0' ],
35 silly audit   '@next/swc-darwin-x64': [ '14.1.0' ],
35 silly audit   '@next/swc-linux-arm64-gnu': [ '14.1.0' ],
35 silly audit   '@next/swc-linux-arm64-musl': [ '14.1.0' ],
35 silly audit   '@next/swc-linux-x64-gnu': [ '14.1.0' ],
35 silly audit   '@next/swc-linux-x64-musl': [ '14.1.0' ],
35 silly audit   '@next/swc-win32-arm64-msvc': [ '14.1.0' ],
35 silly audit   '@next/swc-win32-ia32-msvc': [ '14.1.0' ],
35 silly audit   '@next/swc-win32-x64-msvc': [ '14.1.0' ],
35 silly audit   '@nodelib/fs.scandir': [ '2.1.5' ],
35 silly audit   '@nodelib/fs.stat': [ '2.0.5' ],
35 silly audit   '@nodelib/fs.walk': [ '1.2.8' ],
35 silly audit   '@nolyfill/is-core-module': [ '1.0.39' ],
35 silly audit   '@pkgjs/parseargs': [ '0.11.0' ],
35 silly audit   '@rtsao/scc': [ '1.1.0' ],
35 silly audit   '@rushstack/eslint-patch': [ '1.15.0' ],
35 silly audit   '@swc/helpers': [ '0.5.2' ],
35 silly audit   '@tybys/wasm-util': [ '0.10.1' ],
35 silly audit   '@types/json5': [ '0.0.29' ],
35 silly audit   '@typescript-eslint/parser': [ '6.21.0' ],
35 silly audit   '@typescript-eslint/scope-manager': [ '6.21.0' ],
35 silly audit   '@typescript-eslint/types': [ '6.21.0' ],
35 silly audit   '@typescript-eslint/typescript-estree': [ '6.21.0' ],
35 silly audit   '@typescript-eslint/visitor-keys': [ '6.21.0' ],
35 silly audit   '@ungap/structured-clone': [ '1.3.0' ],
35 silly audit   '@unrs/resolver-binding-android-arm-eabi': [ '1.11.1' ],
35 silly audit   '@unrs/resolver-binding-android-arm64': [ '1.11.1' ],
35 silly audit   '@unrs/resolver-binding-darwin-arm64': [ '1.11.1' ],
35 silly audit   '@unrs/resolver-binding-darwin-x64': [ '1.11.1' ],
35 silly audit   '@unrs/resolver-binding-freebsd-x64': [ '1.11.1' ],
35 silly audit   '@unrs/resolver-binding-linux-arm-gnueabihf': [ '1.11.1' ],
35 silly audit   '@unrs/resolver-binding-linux-arm-musleabihf': [ '1.11.1' ],
35 silly audit   '@unrs/resolver-binding-linux-arm64-gnu': [ '1.11.1' ],
35 silly audit   '@unrs/resolver-binding-linux-arm64-musl': [ '1.11.1' ],
35 silly audit   '@unrs/resolver-binding-linux-ppc64-gnu': [ '1.11.1' ],
35 silly audit   '@unrs/resolver-binding-linux-riscv64-gnu': [ '1.11.1' ],
35 silly audit   '@unrs/resolver-binding-linux-riscv64-musl': [ '1.11.1' ],
35 silly audit   '@unrs/resolver-binding-linux-s390x-gnu': [ '1.11.1' ],
35 silly audit   '@unrs/resolver-binding-linux-x64-gnu': [ '1.11.1' ],
35 silly audit   '@unrs/resolver-binding-linux-x64-musl': [ '1.11.1' ],
35 silly audit   '@unrs/resolver-binding-wasm32-wasi': [ '1.11.1' ],
35 silly audit   '@unrs/resolver-binding-win32-arm64-msvc': [ '1.11.1' ],
35 silly audit   '@unrs/resolver-binding-win32-ia32-msvc': [ '1.11.1' ],
35 silly audit   '@unrs/resolver-binding-win32-x64-msvc': [ '1.11.1' ],
35 silly audit   acorn: [ '8.15.0' ],
35 silly audit   'acorn-jsx': [ '5.3.2' ],
35 silly audit   ajv: [ '6.12.6' ],
35 silly audit   'ansi-styles': [ '4.3.0', '6.2.3' ],
35 silly audit   'any-promise': [ '1.3.0' ],
35 silly audit   anymatch: [ '3.1.3' ],
35 silly audit   arg: [ '5.0.2' ],
35 silly audit   argparse: [ '2.0.1' ],
35 silly audit   'aria-query': [ '5.3.2' ],
35 silly audit   'array-buffer-byte-length': [ '1.0.2' ],
35 silly audit   'array-includes': [ '3.1.9' ],
35 silly audit   'array-union': [ '2.1.0' ],
35 silly audit   'array.prototype.findlast': [ '1.2.5' ],
35 silly audit   'array.prototype.findlastindex': [ '1.2.6' ],
35 silly audit   'array.prototype.flat': [ '1.3.3' ],
35 silly audit   'array.prototype.flatmap': [ '1.3.3' ],
35 silly audit   'array.prototype.tosorted': [ '1.1.4' ],
35 silly audit   'arraybuffer.prototype.slice': [ '1.0.4' ],
35 silly audit   'ast-types-flow': [ '0.0.8' ],
35 silly audit   'async-function': [ '1.0.0' ],
35 silly audit   autoprefixer: [ '10.4.16' ],
35 silly audit   'available-typed-arrays': [ '1.0.7' ],
35 silly audit   'axe-core': [ '4.11.0' ],
35 silly audit   'axobject-query': [ '4.1.0' ],
35 silly audit   'balanced-match': [ '1.0.2' ],
35 silly audit   'baseline-browser-mapping': [ '2.9.5' ],
35 silly audit   'binary-extensions': [ '2.3.0' ],
35 silly audit   braces: [ '3.0.3' ],
35 silly audit   browserslist: [ '4.28.1' ],
35 silly audit   busboy: [ '1.6.0' ],
35 silly audit   'call-bind': [ '1.0.8' ],
35 silly audit   'call-bind-apply-helpers': [ '1.0.2' ],
35 silly audit   'call-bound': [ '1.0.4' ],
35 silly audit   callsites: [ '3.1.0' ],
35 silly audit   'camelcase-css': [ '2.0.1' ],
35 silly audit   'caniuse-lite': [ '1.0.30001759' ],
35 silly audit   chalk: [ '4.1.2' ],
35 silly audit   chokidar: [ '3.6.0' ],
35 silly audit   'glob-parent': [ '5.1.2', '6.0.2' ],
35 silly audit   'client-only': [ '0.0.1' ],
35 silly audit   'color-convert': [ '2.0.1' ],
35 silly audit   'color-name': [ '1.1.4' ],
35 silly audit   commander: [ '4.1.1' ],
35 silly audit   'concat-map': [ '0.0.1' ],
35 silly audit   'cross-spawn': [ '7.0.6' ],
35 silly audit   cssesc: [ '3.0.0' ],
35 silly audit   'damerau-levenshtein': [ '1.0.8' ],
35 silly audit   'data-view-buffer': [ '1.0.2' ],
35 silly audit   'data-view-byte-length': [ '1.0.2' ],
35 silly audit   'data-view-byte-offset': [ '1.0.1' ],
35 silly audit   debug: [ '4.4.3', '3.2.7' ],
35 silly audit   'deep-is': [ '0.1.4' ],
35 silly audit   'define-data-property': [ '1.1.4' ],
35 silly audit   'define-properties': [ '1.2.1' ],
35 silly audit   didyoumean: [ '1.2.2' ],
35 silly audit   'dir-glob': [ '3.0.1' ],
35 silly audit   dlv: [ '1.1.3' ],
35 silly audit   doctrine: [ '3.0.0', '2.1.0' ],
35 silly audit   'dunder-proto': [ '1.0.1' ],
35 silly audit   eastasianwidth: [ '0.2.0' ],
35 silly audit   'electron-to-chromium': [ '1.5.267' ],
35 silly audit   'emoji-regex': [ '9.2.2', '8.0.0' ],
35 silly audit   'es-abstract': [ '1.24.1' ],
35 silly audit   'es-define-property': [ '1.0.1' ],
35 silly audit   'es-errors': [ '1.3.0' ],
35 silly audit   'es-iterator-helpers': [ '1.2.2' ],
35 silly audit   'es-object-atoms': [ '1.1.1' ],
35 silly audit   'es-set-tostringtag': [ '2.1.0' ],
35 silly audit   'es-shim-unscopables': [ '1.1.0' ],
35 silly audit   'es-to-primitive': [ '1.3.0' ],
35 silly audit   escalade: [ '3.2.0' ],
35 silly audit   'escape-string-regexp': [ '4.0.0' ],
35 silly audit   eslint: [ '8.57.0' ],
35 silly audit   'eslint-config-next': [ '14.1.0' ],
35 silly audit   'eslint-import-resolver-node': [ '0.3.9' ],
35 silly audit   'eslint-import-resolver-typescript': [ '3.10.1' ],
35 silly audit   'eslint-module-utils': [ '2.12.1' ],
35 silly audit   'eslint-plugin-import': [ '2.32.0' ],
35 silly audit   semver: [ '6.3.1', '7.7.3' ],
35 silly audit   'eslint-plugin-jsx-a11y': [ '6.10.2' ],
35 silly audit   'eslint-plugin-react': [ '7.37.5' ],
35 silly audit   'eslint-plugin-react-hooks': [ '5.0.0-canary-7118f5dd7-20230705' ],
35 silly audit   resolve: [ '2.0.0-next.5', '1.22.11' ],
35 silly audit   'eslint-scope': [ '7.2.2' ],
35 silly audit   'eslint-visitor-keys': [ '3.4.3' ],
35 silly audit   espree: [ '9.6.1' ],
35 silly audit   esquery: [ '1.6.0' ],
35 silly audit   esrecurse: [ '4.3.0' ],
35 silly audit   estraverse: [ '5.3.0' ],
35 silly audit   esutils: [ '2.0.3' ],
35 silly audit   'fast-deep-equal': [ '3.1.3' ],
35 silly audit   'fast-glob': [ '3.3.3' ],
35 silly audit   'fast-json-stable-stringify': [ '2.1.0' ],
35 silly audit   'fast-levenshtein': [ '2.0.6' ],
35 silly audit   fastq: [ '1.19.1' ],
35 silly audit   'file-entry-cache': [ '6.0.1' ],
35 silly audit   'fill-range': [ '7.1.1' ],
35 silly audit   'find-up': [ '5.0.0' ],
35 silly audit   'flat-cache': [ '3.2.0' ],
35 silly audit   flatted: [ '3.3.3' ],
35 silly audit   'for-each': [ '0.3.5' ],
35 silly audit   'foreground-child': [ '3.3.1' ],
35 silly audit   'fraction.js': [ '4.3.7' ],
35 silly audit   'framer-motion': [ '11.0.3' ],
35 silly audit   'fs.realpath': [ '1.0.0' ],
35 silly audit   fsevents: [ '2.3.3', '2.3.2' ],
35 silly audit   'function-bind': [ '1.1.2' ],
35 silly audit   'function.prototype.name': [ '1.1.8' ],
35 silly audit   'functions-have-names': [ '1.2.3' ],
35 silly audit   'generator-function': [ '2.0.1' ],
35 silly audit   'get-intrinsic': [ '1.3.0' ],
35 silly audit   'get-proto': [ '1.0.1' ],
35 silly audit   'get-symbol-description': [ '1.1.0' ],
35 silly audit   'get-tsconfig': [ '4.13.0' ],
35 silly audit   globals: [ '13.24.0' ],
35 silly audit   globalthis: [ '1.0.4' ],
35 silly audit   globby: [ '11.1.0' ],
35 silly audit   gopd: [ '1.2.0' ],
35 silly audit   'graceful-fs': [ '4.2.11' ],
35 silly audit   graphemer: [ '1.4.0' ],
35 silly audit   'has-bigints': [ '1.1.0' ],
35 silly audit   'has-flag': [ '4.0.0' ],
35 silly audit   'has-property-descriptors': [ '1.0.2' ],
35 silly audit   'has-proto': [ '1.2.0' ],
35 silly audit   'has-symbols': [ '1.1.0' ],
35 silly audit   'has-tostringtag': [ '1.0.2' ],
35 silly audit   hasown: [ '2.0.2' ],
35 silly audit   ignore: [ '5.3.2' ],
35 silly audit   'import-fresh': [ '3.3.1' ],
35 silly audit   imurmurhash: [ '0.1.4' ],
35 silly audit   inflight: [ '1.0.6' ],
35 silly audit   inherits: [ '2.0.4' ],
35 silly audit   'internal-slot': [ '1.1.0' ],
35 silly audit   'is-array-buffer': [ '3.0.5' ],
35 silly audit   'is-async-function': [ '2.1.1' ],
35 silly audit   'is-bigint': [ '1.1.0' ],
35 silly audit   'is-binary-path': [ '2.1.0' ],
35 silly audit   'is-boolean-object': [ '1.2.2' ],
35 silly audit   'is-bun-module': [ '2.0.0' ],
35 silly audit   'is-callable': [ '1.2.7' ],
35 silly audit   'is-core-module': [ '2.16.1' ],
35 silly audit   'is-data-view': [ '1.0.2' ],
35 silly audit   'is-date-object': [ '1.1.0' ],
35 silly audit   'is-extglob': [ '2.1.1' ],
35 silly audit   'is-finalizationregistry': [ '1.1.1' ],
35 silly audit   'is-fullwidth-code-point': [ '3.0.0' ],
35 silly audit   'is-generator-function': [ '1.1.2' ],
35 silly audit   'is-glob': [ '4.0.3' ],
35 silly audit   'is-map': [ '2.0.3' ],
35 silly audit   'is-negative-zero': [ '2.0.3' ],
35 silly audit   'is-number': [ '7.0.0' ],
35 silly audit   'is-number-object': [ '1.1.1' ],
35 silly audit   'is-path-inside': [ '3.0.3' ],
35 silly audit   'is-regex': [ '1.2.1' ],
35 silly audit   'is-set': [ '2.0.3' ],
35 silly audit   'is-shared-array-buffer': [ '1.0.4' ],
35 silly audit   'is-string': [ '1.1.1' ],
35 silly audit   'is-symbol': [ '1.1.1' ],
35 silly audit   'is-typed-array': [ '1.1.15' ],
35 silly audit   'is-weakmap': [ '2.0.2' ],
35 silly audit   'is-weakref': [ '1.1.1' ],
35 silly audit   'is-weakset': [ '2.0.4' ],
35 silly audit   isarray: [ '2.0.5' ],
35 silly audit   isexe: [ '2.0.0' ],
35 silly audit   'iterator.prototype': [ '1.1.5' ],
35 silly audit   jackspeak: [ '2.3.6' ],
35 silly audit   jiti: [ '1.21.7' ],
35 silly audit   'js-tokens': [ '4.0.0' ],
35 silly audit   'js-yaml': [ '4.1.1' ],
35 silly audit   'json-buffer': [ '3.0.1' ],
35 silly audit   'json-schema-traverse': [ '0.4.1' ],
35 silly audit   'json-stable-stringify-without-jsonify': [ '1.0.1' ],
35 silly audit   json5: [ '1.0.2' ],
35 silly audit   'jsx-ast-utils': [ '3.3.5' ],
35 silly audit   keyv: [ '4.5.4' ],
35 silly audit   'language-subtag-registry': [ '0.3.23' ],
35 silly audit   'language-tags': [ '1.0.9' ],
35 silly audit   levn: [ '0.4.1' ],
35 silly audit   lilconfig: [ '2.1.0', '3.1.3' ],
35 silly audit   'lines-and-columns': [ '1.2.4' ],
35 silly audit   'locate-path': [ '6.0.0' ],
35 silly audit   'lodash.merge': [ '4.6.2' ],
35 silly audit   'loose-envify': [ '1.4.0' ],
35 silly audit   'lru-cache': [ '10.4.3' ],
35 silly audit   'math-intrinsics': [ '1.1.0' ],
35 silly audit   merge2: [ '1.4.1' ],
35 silly audit   micromatch: [ '4.0.8' ],
35 silly audit   minimist: [ '1.2.8' ],
35 silly audit   minipass: [ '7.1.2' ],
35 silly audit   ms: [ '2.1.3' ],
35 silly audit   mz: [ '2.7.0' ],
35 silly audit   nanoid: [ '3.3.11' ],
35 silly audit   'napi-postinstall': [ '0.3.4' ],
35 silly audit   'natural-compare': [ '1.4.0' ],
35 silly audit   next: [ '14.1.0' ],
35 silly audit   postcss: [ '8.4.31', '8.4.33' ],
35 silly audit   'node-releases': [ '2.0.27' ],
35 silly audit   'normalize-path': [ '3.0.0' ],
35 silly audit   'normalize-range': [ '0.1.2' ],
35 silly audit   'object-assign': [ '4.1.1' ],
35 silly audit   'object-hash': [ '3.0.0' ],
35 silly audit   'object-inspect': [ '1.13.4' ],
35 silly audit   'object-keys': [ '1.1.1' ],
35 silly audit   'object.assign': [ '4.1.7' ],
35 silly audit   'object.entries': [ '1.1.9' ],
35 silly audit   'object.fromentries': [ '2.0.8' ],
35 silly audit   'object.groupby': [ '1.0.3' ],
35 silly audit   'object.values': [ '1.2.1' ],
35 silly audit   once: [ '1.4.0' ],
35 silly audit   optionator: [ '0.9.4' ],
35 silly audit   'own-keys': [ '1.0.1' ],
35 silly audit   'p-limit': [ '3.1.0' ],
35 silly audit   'p-locate': [ '5.0.0' ],
35 silly audit   'parent-module': [ '1.0.1' ],
35 silly audit   'path-exists': [ '4.0.0' ],
35 silly audit   'path-is-absolute': [ '1.0.1' ],
35 silly audit   'path-key': [ '3.1.1' ],
35 silly audit   'path-parse': [ '1.0.7' ],
35 silly audit   'path-scurry': [ '1.11.1' ],
35 silly audit   'path-type': [ '4.0.0' ],
35 silly audit   picocolors: [ '1.1.1' ],
35 silly audit   picomatch: [ '2.3.1', '4.0.3' ],
35 silly audit   pify: [ '2.3.0' ],
35 silly audit   pirates: [ '4.0.7' ],
35 silly audit   'possible-typed-array-names': [ '1.1.0' ],
35 silly audit   'postcss-import': [ '15.1.0' ],
35 silly audit   'postcss-js': [ '4.1.0' ],
35 silly audit   'postcss-nested': [ '6.2.0' ],
35 silly audit   'postcss-selector-parser': [ '6.1.2' ],
35 silly audit   'postcss-value-parser': [ '4.2.0' ],
35 silly audit   'prelude-ls': [ '1.2.1' ],
35 silly audit   'prop-types': [ '15.8.1' ],
35 silly audit   punycode: [ '2.3.1' ],
35 silly audit   'queue-microtask': [ '1.2.3' ],
35 silly audit   react: [ '18.2.0' ],
35 silly audit   'react-dom': [ '18.2.0' ],
35 silly audit   'react-is': [ '16.13.1' ],
35 silly audit   'read-cache': [ '1.0.0' ],
35 silly audit   readdirp: [ '3.6.0' ],
35 silly audit   'reflect.getprototypeof': [ '1.0.10' ],
35 silly audit   'regexp.prototype.flags': [ '1.5.4' ],
35 silly audit   'resolve-from': [ '4.0.0' ],
35 silly audit   'resolve-pkg-maps': [ '1.0.0' ],
35 silly audit   reusify: [ '1.1.0' ],
35 silly audit   rimraf: [ '3.0.2' ],
35 silly audit   'run-parallel': [ '1.2.0' ],
35 silly audit   'safe-array-concat': [ '1.1.3' ],
35 silly audit   'safe-push-apply': [ '1.0.0' ],
35 silly audit   'safe-regex-test': [ '1.1.0' ],
35 silly audit   scheduler: [ '0.23.2' ],
35 silly audit   'set-function-length': [ '1.2.2' ],
35 silly audit   'set-function-name': [ '2.0.2' ],
35 silly audit   'set-proto': [ '1.0.0' ],
35 silly audit   'shebang-command': [ '2.0.0' ],
35 silly audit   'shebang-regex': [ '3.0.0' ],
35 silly audit   'side-channel': [ '1.1.0' ],
35 silly audit   'side-channel-list': [ '1.0.0' ],
35 silly audit   'side-channel-map': [ '1.0.1' ],
35 silly audit   'side-channel-weakmap': [ '1.0.2' ],
35 silly audit   'signal-exit': [ '4.1.0' ],
35 silly audit   slash: [ '3.0.0' ],
35 silly audit   'source-map-js': [ '1.2.1' ],
35 silly audit   'stable-hash': [ '0.0.5' ],
35 silly audit   'stop-iteration-iterator': [ '1.1.0' ],
35 silly audit   streamsearch: [ '1.1.0' ],
35 silly audit   'string-width': [ '5.1.2', '4.2.3' ],
35 silly audit   'string.prototype.includes': [ '2.0.1' ],
35 silly audit   'string.prototype.matchall': [ '4.0.12' ],
35 silly audit   'string.prototype.repeat': [ '1.0.0' ],
35 silly audit   'string.prototype.trim': [ '1.2.10' ],
35 silly audit   'string.prototype.trimend': [ '1.0.9' ],
35 silly audit   'string.prototype.trimstart': [ '1.0.8' ],
35 silly audit   'strip-bom': [ '3.0.0' ],
35 silly audit   'strip-json-comments': [ '3.1.1' ],
35 silly audit   'styled-jsx': [ '5.1.1' ],
35 silly audit   sucrase: [ '3.35.1' ],
35 silly audit   'supports-color': [ '7.2.0' ],
35 silly audit   'supports-preserve-symlinks-flag': [ '1.0.0' ],
35 silly audit   tailwindcss: [ '3.4.1' ],
35 silly audit   'postcss-load-config': [ '4.0.2' ],
35 silly audit   'text-table': [ '0.2.0' ],
35 silly audit   thenify: [ '3.3.1' ],
35 silly audit   'thenify-all': [ '1.6.0' ],
35 silly audit   tinyglobby: [ '0.2.15' ],
35 silly audit   fdir: [ '6.5.0' ],
35 silly audit   'to-regex-range': [ '5.0.1' ],
35 silly audit   'ts-api-utils': [ '1.4.3' ],
35 silly audit   'ts-interface-checker': [ '0.1.13' ],
35 silly audit   'tsconfig-paths': [ '3.15.0' ],
35 silly audit   tslib: [ '2.8.1' ],
35 silly audit   'type-check': [ '0.4.0' ],
35 silly audit   'type-fest': [ '0.20.2' ],
35 silly audit   'typed-array-buffer': [ '1.0.3' ],
35 silly audit   'typed-array-byte-length': [ '1.0.3' ],
35 silly audit   'typed-array-byte-offset': [ '1.0.4' ],
35 silly audit   'typed-array-length': [ '1.0.7' ],
35 silly audit   typescript: [ '5.9.3' ],
35 silly audit   'unbox-primitive': [ '1.1.0' ],
35 silly audit   'unrs-resolver': [ '1.11.1' ],
35 silly audit   'update-browserslist-db': [ '1.2.2' ],
35 silly audit   'uri-js': [ '4.4.1' ],
35 silly audit   'util-deprecate': [ '1.0.2' ],
35 silly audit   which: [ '2.0.2' ],
35 silly audit   'which-boxed-primitive': [ '1.1.1' ],
35 silly audit   'which-builtin-type': [ '1.2.1' ],
35 silly audit   'which-collection': [ '1.0.2' ],
35 silly audit   'which-typed-array': [ '1.1.19' ],
35 silly audit   'word-wrap': [ '1.2.5' ],
35 silly audit   'wrap-ansi': [ '8.1.0', '7.0.0' ],
35 silly audit   wrappy: [ '1.0.2' ],
35 silly audit   yaml: [ '2.8.2' ],
35 silly audit   'yocto-queue': [ '0.1.0' ],
35 silly audit   '@playwright/test': [ '1.57.0' ],
35 silly audit   playwright: [ '1.57.0' ],
35 silly audit   'playwright-core': [ '1.57.0' ]
35 silly audit }
36 http cache playwright-core@https://registry.npmjs.org/playwright-core/-/playwright-core-1.57.0.tgz 0ms (cache hit)
37 http cache playwright@https://registry.npmjs.org/playwright/-/playwright-1.57.0.tgz 0ms (cache hit)
38 http cache @playwright/test@https://registry.npmjs.org/@playwright/test/-/test-1.57.0.tgz 0ms (cache hit)
39 http cache fsevents@https://registry.npmjs.org/fsevents/-/fsevents-2.3.2.tgz 0ms (cache hit)
40 silly tarball no local data for playwright-core@https://registry.npmjs.org/playwright-core/-/playwright-core-1.57.0.tgz. Extracting by manifest.
41 silly tarball no local data for playwright@https://registry.npmjs.org/playwright/-/playwright-1.57.0.tgz. Extracting by manifest.
42 silly tarball no local data for @playwright/test@https://registry.npmjs.org/@playwright/test/-/test-1.57.0.tgz. Extracting by manifest.
43 silly tarball no local data for fsevents@https://registry.npmjs.org/fsevents/-/fsevents-2.3.2.tgz. Extracting by manifest.
44 http fetch POST 200 https://registry.npmjs.org/-/npm/v1/security/advisories/bulk 174ms
45 silly audit report {
45 silly audit report   glob: [
45 silly audit report     {
45 silly audit report       id: 1109842,
45 silly audit report       url: 'https://github.com/advisories/GHSA-5j98-mcp5-4vw2',
45 silly audit report       title: 'glob CLI: Command injection via -c/--cmd executes matches with shell:true',
45 silly audit report       severity: 'high',
45 silly audit report       vulnerable_versions: '>=10.2.0 <10.5.0',
45 silly audit report       cwe: [Array],
45 silly audit report       cvss: [Object]
45 silly audit report     }
45 silly audit report   ],
45 silly audit report   next: [
45 silly audit report     {
45 silly audit report       id: 1099638,
45 silly audit report       url: 'https://github.com/advisories/GHSA-gp8f-8m3g-qvj9',
45 silly audit report       title: 'Next.js Cache Poisoning',
45 silly audit report       severity: 'high',
45 silly audit report       vulnerable_versions: '>=14.0.0 <14.2.10',
45 silly audit report       cwe: [Array],
45 silly audit report       cvss: [Object]
45 silly audit report     },
45 silly audit report     {
45 silly audit report       id: 1100421,
45 silly audit report       url: 'https://github.com/advisories/GHSA-g77x-44xx-532m',
45 silly audit report       title: 'Denial of Service condition in Next.js image optimization',
45 silly audit report       severity: 'moderate',
45 silly audit report       vulnerable_versions: '>=10.0.0 <14.2.7',
45 silly audit report       cwe: [Array],
45 silly audit report       cvss: [Object]
45 silly audit report     },
45 silly audit report     {
45 silly audit report       id: 1101438,
45 silly audit report       url: 'https://github.com/advisories/GHSA-7m27-7ghc-44w9',
45 silly audit report       title: 'Next.js Allows a Denial of Service (DoS) with Server Actions',
45 silly audit report       severity: 'moderate',
45 silly audit report       vulnerable_versions: '>=14.0.0 <14.2.21',
45 silly audit report       cwe: [Array],
45 silly audit report       cvss: [Object]
45 silly audit report     },
45 silly audit report     {
45 silly audit report       id: 1105461,
45 silly audit report       url: 'https://github.com/advisories/GHSA-3h52-269p-cp9r',
45 silly audit report       title: 'Information exposure in Next.js dev server due to lack of origin verification',
45 silly audit report       severity: 'low',
45 silly audit report       vulnerable_versions: '>=13.0 <14.2.30',
45 silly audit report       cwe: [Array],
45 silly audit report       cvss: [Object]
45 silly audit report     },
45 silly audit report     {
45 silly audit report       id: 1111391,
45 silly audit report       url: 'https://github.com/advisories/GHSA-mwv6-3258-q52c',
45 silly audit report       title: 'Next Vulnerable to Denial of Service with Server Components',
45 silly audit report       severity: 'high',
45 silly audit report       vulnerable_versions: '>=13.3.0 <14.2.34',
45 silly audit report       cwe: [Array],
45 silly audit report       cvss: [Object]
45 silly audit report     },
45 silly audit report     {
45 silly audit report       id: 1111461,
45 silly audit report       url: 'https://github.com/advisories/GHSA-5j59-xgg2-r9c4',
45 silly audit report       title: 'Next has a Denial of Service with Server Components - Incomplete Fix Follow-Up',
45 silly audit report       severity: 'high',
45 silly audit report       vulnerable_versions: '>=13.3.1-canary.0 <14.2.35',
45 silly audit report       cwe: [Array],
45 silly audit report       cvss: [Object]
45 silly audit report     },
45 silly audit report     {
45 silly audit report       id: 1107226,
45 silly audit report       url: 'https://github.com/advisories/GHSA-g5qg-72qw-gw5v',
45 silly audit report       title: 'Next.js Affected by Cache Key Confusion for Image Optimization API Routes',
45 silly audit report       severity: 'moderate',
45 silly audit report       vulnerable_versions: '>=0.9.9 <14.2.31',
45 silly audit report       cwe: [Array],
45 silly audit report       cvss: [Object]
45 silly audit report     },
45 silly audit report     {
45 silly audit report       id: 1107420,
45 silly audit report       url: 'https://github.com/advisories/GHSA-7gfc-8cq8-jh5f',
45 silly audit report       title: 'Next.js authorization bypass vulnerability',
45 silly audit report       severity: 'high',
45 silly audit report       vulnerable_versions: '>=9.5.5 <14.2.15',
45 silly audit report       cwe: [Array],
45 silly audit report       cvss: [Object]
45 silly audit report     },
45 silly audit report     {
45 silly audit report       id: 1107512,
45 silly audit report       url: 'https://github.com/advisories/GHSA-4342-x723-ch2f',
45 silly audit report       title: 'Next.js Improper Middleware Redirect Handling Leads to SSRF',
45 silly audit report       severity: 'moderate',
45 silly audit report       vulnerable_versions: '>=0.9.9 <14.2.32',
45 silly audit report       cwe: [Array],
45 silly audit report       cvss: [Object]
45 silly audit report     },
45 silly audit report     {
45 silly audit report       id: 1107513,
45 silly audit report       url: 'https://github.com/advisories/GHSA-xv57-4mr9-wg8v',
45 silly audit report       title: 'Next.js Content Injection Vulnerability for Image Optimization',
45 silly audit report       severity: 'moderate',
45 silly audit report       vulnerable_versions: '>=0.9.9 <14.2.31',
45 silly audit report       cwe: [Array],
45 silly audit report       cvss: [Object]
45 silly audit report     },
45 silly audit report     {
45 silly audit report       id: 1108291,
45 silly audit report       url: 'https://github.com/advisories/GHSA-qpjv-v59x-3qc4',
45 silly audit report       title: 'Next.js Race Condition to Cache Poisoning',
45 silly audit report       severity: 'low',
45 silly audit report       vulnerable_versions: '>=0.9.9 <14.2.24',
45 silly audit report       cwe: [Array],
45 silly audit report       cvss: [Object]
45 silly audit report     },
45 silly audit report     {
45 silly audit report       id: 1108953,
45 silly audit report       url: 'https://github.com/advisories/GHSA-f82v-jwr5-mffw',
45 silly audit report       title: 'Authorization Bypass in Next.js Middleware',
45 silly audit report       severity: 'critical',
45 silly audit report       vulnerable_versions: '>=14.0.0 <14.2.25',
45 silly audit report       cwe: [Array],
45 silly audit report       cvss: [Object]
45 silly audit report     },
45 silly audit report     {
45 silly audit report       id: 1097295,
45 silly audit report       url: 'https://github.com/advisories/GHSA-fr5h-rqp8-mj6g',
45 silly audit report       title: 'Next.js Server-Side Request Forgery in Server Actions',
45 silly audit report       severity: 'high',
45 silly audit report       vulnerable_versions: '>=13.4.0 <14.1.1',
45 silly audit report       cwe: [Array],
45 silly audit report       cvss: [Object]
45 silly audit report     }
45 silly audit report   ]
45 silly audit report }
46 silly packumentCache corgi:https://registry.npmjs.org/glob cache-miss
47 silly packumentCache corgi:https://registry.npmjs.org/next cache-miss
48 http fetch GET 200 https://registry.npmjs.org/glob 161ms (cache revalidated)
49 silly packumentCache corgi:https://registry.npmjs.org/glob set size:159574 disposed:false
50 http fetch GET 200 https://registry.npmjs.org/next 305ms (cache revalidated)
51 silly packumentCache corgi:https://registry.npmjs.org/next set size:23040026 disposed:false
52 silly packumentCache corgi:https://registry.npmjs.org/@next%2feslint-plugin-next cache-miss
53 http fetch GET 200 https://registry.npmjs.org/@playwright/test/-/test-1.57.0.tgz 3781ms (cache miss)
54 http fetch GET 200 https://registry.npmjs.org/fsevents/-/fsevents-2.3.2.tgz 3875ms (cache miss)
55 http fetch GET 200 https://registry.npmjs.org/@next%2feslint-plugin-next 186ms (cache revalidated)
56 silly packumentCache corgi:https://registry.npmjs.org/@next%2feslint-plugin-next set size:3013107 disposed:false
57 silly packumentCache corgi:https://registry.npmjs.org/eslint-config-next cache-miss
58 http fetch GET 200 https://registry.npmjs.org/eslint-config-next 133ms (cache revalidated)
59 silly packumentCache corgi:https://registry.npmjs.org/eslint-config-next set size:3565359 disposed:false
60 http fetch GET 200 https://registry.npmjs.org/playwright/-/playwright-1.57.0.tgz 5368ms (cache miss)
61 http fetch GET 200 https://registry.npmjs.org/playwright-core/-/playwright-core-1.57.0.tgz 5841ms (cache miss)
62 info run fsevents@2.3.2 install node_modules/playwright/node_modules/fsevents node-gyp rebuild
63 info run fsevents@2.3.2 install { code: 1, signal: null }
64 verbose reify failed optional dependency /Users/timothycheng/fd-staging/node_modules/playwright/node_modules/fsevents
65 silly reify mark deleted [
65 silly reify   '/Users/timothycheng/fd-staging/node_modules/playwright/node_modules/fsevents'
65 silly reify ]
66 silly ADD node_modules/playwright-core
67 silly ADD node_modules/playwright
68 silly ADD
69 silly ADD node_modules/@playwright/test
70 verbose cwd /Users/timothycheng/fd-staging
71 verbose os Darwin 23.6.0
72 verbose node v20.19.0
73 verbose npm  v11.7.0
74 verbose exit 0
75 info ok
