0 verbose cli /Users/timothycheng/.nvm/versions/node/v20.19.0/bin/node /Users/timothycheng/.nvm/versions/node/v20.19.0/bin/npm
1 info using npm@11.7.0
2 info using node@v20.19.0
3 silly config load:file:/Users/timothycheng/.nvm/versions/node/v20.19.0/lib/node_modules/npm/npmrc
4 silly config load:file:/Users/timothycheng/fd-staging/.npmrc
5 silly config load:file:/Users/timothycheng/.npmrc
6 silly config load:file:/Users/timothycheng/.nvm/versions/node/v20.19.0/etc/npmrc
7 verbose title npm install eslint@8.57.0
8 verbose argv "install" "--save-dev" "eslint@8.57.0" "--cache" "/Users/timothycheng/fd-staging/.npm-cache"
9 verbose logfile logs-max:10 dir:/Users/timothycheng/fd-staging/.npm-cache/_logs/2025-12-17T02_07_26_692Z-
10 verbose logfile /Users/timothycheng/fd-staging/.npm-cache/_logs/2025-12-17T02_07_26_692Z-debug-0.log
11 silly logfile done cleaning log files
12 silly packumentCache heap:2197815296 maxSize:549453824 maxEntrySize:274726912
13 silly idealTree buildDeps
14 silly fetch manifest eslint@8.57.0
15 silly packumentCache full:https://registry.npmjs.org/eslint cache-miss
16 http cache https://registry.npmjs.org/eslint 99ms (cache hit)
17 silly packumentCache full:https://registry.npmjs.org/eslint set size:1900943 disposed:false
18 silly placeDep ROOT eslint@8.57.0 REPLACE for: fd-staging-elite@1.0.0 want: 8.57.0
19 silly fetch manifest ajv@^6.12.4
20 silly packumentCache full:https://registry.npmjs.org/ajv cache-miss
21 silly fetch manifest debug@^4.3.2
22 silly packumentCache full:https://registry.npmjs.org/debug cache-miss
23 silly fetch manifest espree@^9.6.1
24 silly packumentCache full:https://registry.npmjs.org/espree cache-miss
25 http cache https://registry.npmjs.org/debug 29ms (cache hit)
26 silly packumentCache full:https://registry.npmjs.org/debug set size:195840 disposed:false
27 silly fetch manifest ignore@^5.2.0
28 silly packumentCache full:https://registry.npmjs.org/ignore cache-miss
29 http cache https://registry.npmjs.org/espree 39ms (cache hit)
30 silly packumentCache full:https://registry.npmjs.org/espree set size:317497 disposed:false
31 silly fetch manifest globals@^13.19.0
32 silly packumentCache full:https://registry.npmjs.org/globals cache-miss
33 http cache https://registry.npmjs.org/ajv 66ms (cache hit)
34 silly packumentCache full:https://registry.npmjs.org/ajv set size:1126055 disposed:false
35 silly fetch manifest js-yaml@^4.1.0
36 silly packumentCache full:https://registry.npmjs.org/js-yaml cache-miss
37 http cache https://registry.npmjs.org/js-yaml 20ms (cache hit)
38 silly packumentCache full:https://registry.npmjs.org/js-yaml set size:152232 disposed:false
39 silly fetch manifest doctrine@^3.0.0
40 silly packumentCache full:https://registry.npmjs.org/doctrine cache-miss
41 http cache https://registry.npmjs.org/ignore 83ms (cache hit)
42 silly packumentCache full:https://registry.npmjs.org/ignore set size:237380 disposed:false
43 silly fetch manifest graphemer@^1.4.0
44 silly packumentCache full:https://registry.npmjs.org/graphemer cache-miss
45 http cache https://registry.npmjs.org/globals 75ms (cache hit)
46 silly packumentCache full:https://registry.npmjs.org/globals set size:290151 disposed:false
47 silly fetch manifest minimatch@^3.1.2
48 silly packumentCache full:https://registry.npmjs.org/minimatch cache-miss
49 http fetch GET https://registry.npmjs.org/doctrine attempt 1 failed with ENOTFOUND
50 http fetch GET https://registry.npmjs.org/graphemer attempt 1 failed with ENOTFOUND
51 http cache https://registry.npmjs.org/minimatch 168ms (cache hit)
52 silly packumentCache full:https://registry.npmjs.org/minimatch set size:303959 disposed:false
53 silly fetch manifest @eslint/js@8.57.0
54 silly packumentCache full:https://registry.npmjs.org/@eslint%2fjs cache-miss
55 http cache https://registry.npmjs.org/@eslint%2fjs 10ms (cache hit)
56 silly packumentCache full:https://registry.npmjs.org/@eslint%2fjs set size:133473 disposed:false
57 silly fetch manifest strip-ansi@^6.0.1
58 silly packumentCache full:https://registry.npmjs.org/strip-ansi cache-miss
59 http fetch GET https://registry.npmjs.org/strip-ansi attempt 1 failed with ENOTFOUND
60 http fetch GET https://registry.npmjs.org/doctrine attempt 2 failed with ENOTFOUND
61 http fetch GET https://registry.npmjs.org/graphemer attempt 2 failed with ENOTFOUND
62 http fetch GET https://registry.npmjs.org/strip-ansi attempt 2 failed with ENOTFOUND
63 http fetch GET https://registry.npmjs.org/doctrine attempt 3 failed with ENOTFOUND
64 silly fetch manifest text-table@^0.2.0
65 silly packumentCache full:https://registry.npmjs.org/text-table cache-miss
66 http fetch GET https://registry.npmjs.org/graphemer attempt 3 failed with ENOTFOUND
67 silly fetch manifest eslint-scope@^7.2.2
68 silly packumentCache full:https://registry.npmjs.org/eslint-scope cache-miss
69 http fetch GET https://registry.npmjs.org/text-table attempt 1 failed with ENOTFOUND
70 http cache https://registry.npmjs.org/eslint-scope 20ms (cache hit)
71 silly packumentCache full:https://registry.npmjs.org/eslint-scope set size:90946 disposed:false
72 silly fetch manifest is-path-inside@^3.0.3
73 silly packumentCache full:https://registry.npmjs.org/is-path-inside cache-miss
74 http fetch GET https://registry.npmjs.org/strip-ansi attempt 3 failed with ENOTFOUND
75 silly fetch manifest fast-deep-equal@^3.1.3
76 silly packumentCache full:https://registry.npmjs.org/fast-deep-equal cache-miss
77 http fetch GET https://registry.npmjs.org/is-path-inside attempt 1 failed with ENOTFOUND
78 http cache https://registry.npmjs.org/fast-deep-equal 7ms (cache hit)
79 silly packumentCache full:https://registry.npmjs.org/fast-deep-equal set size:48634 disposed:false
80 silly fetch manifest @eslint/eslintrc@^2.1.4
81 silly packumentCache full:https://registry.npmjs.org/@eslint%2feslintrc cache-miss
82 http cache https://registry.npmjs.org/@eslint%2feslintrc 6ms (cache hit)
83 silly packumentCache full:https://registry.npmjs.org/@eslint%2feslintrc set size:163118 disposed:false
84 silly fetch manifest file-entry-cache@^6.0.1
85 silly packumentCache full:https://registry.npmjs.org/file-entry-cache cache-miss
86 http cache https://registry.npmjs.org/file-entry-cache 9ms (cache hit)
87 silly packumentCache full:https://registry.npmjs.org/file-entry-cache set size:148818 disposed:false
88 silly fetch manifest eslint-visitor-keys@^3.4.3
89 silly packumentCache full:https://registry.npmjs.org/eslint-visitor-keys cache-miss
90 http cache https://registry.npmjs.org/eslint-visitor-keys 4ms (cache hit)
91 silly packumentCache full:https://registry.npmjs.org/eslint-visitor-keys set size:67352 disposed:false
92 silly fetch manifest @ungap/structured-clone@^1.2.0
93 silly packumentCache full:https://registry.npmjs.org/@ungap%2fstructured-clone cache-miss
94 http fetch GET https://registry.npmjs.org/@ungap%2fstructured-clone attempt 1 failed with ENOTFOUND
95 http fetch GET https://registry.npmjs.org/text-table attempt 2 failed with ENOTFOUND
96 http fetch GET https://registry.npmjs.org/is-path-inside attempt 2 failed with ENOTFOUND
97 http fetch GET https://registry.npmjs.org/@ungap%2fstructured-clone attempt 2 failed with ENOTFOUND
98 http fetch GET https://registry.npmjs.org/text-table attempt 3 failed with ENOTFOUND
99 silly fetch manifest @humanwhocodes/config-array@^0.11.14
100 silly packumentCache full:https://registry.npmjs.org/@humanwhocodes%2fconfig-array cache-miss
101 http fetch GET https://registry.npmjs.org/@humanwhocodes%2fconfig-array attempt 1 failed with ENOTFOUND
102 http fetch GET https://registry.npmjs.org/is-path-inside attempt 3 failed with ENOTFOUND
103 http fetch GET https://registry.npmjs.org/@ungap%2fstructured-clone attempt 3 failed with ENOTFOUND
104 http fetch GET https://registry.npmjs.org/@humanwhocodes%2fconfig-array attempt 2 failed with ENOTFOUND
105 http fetch GET https://registry.npmjs.org/@humanwhocodes%2fconfig-array attempt 3 failed with ENOTFOUND
106 silly fetch manifest doctrine@^3.0.0
107 silly packumentCache full:https://registry.npmjs.org/doctrine cache-miss
108 http fetch GET https://registry.npmjs.org/doctrine attempt 1 failed with ENOTFOUND
109 http fetch GET https://registry.npmjs.org/doctrine attempt 2 failed with ENOTFOUND
110 http fetch GET https://registry.npmjs.org/doctrine attempt 3 failed with ENOTFOUND
111 silly fetch manifest graphemer@^1.4.0
112 silly packumentCache full:https://registry.npmjs.org/graphemer cache-miss
113 http fetch GET https://registry.npmjs.org/graphemer attempt 1 failed with ENOTFOUND
114 http fetch GET https://registry.npmjs.org/graphemer attempt 2 failed with ENOTFOUND
115 http fetch GET https://registry.npmjs.org/graphemer attempt 3 failed with ENOTFOUND
116 silly fetch manifest strip-ansi@^6.0.1
117 silly packumentCache full:https://registry.npmjs.org/strip-ansi cache-miss
118 http fetch GET https://registry.npmjs.org/strip-ansi attempt 1 failed with ENOTFOUND
119 http fetch GET https://registry.npmjs.org/strip-ansi attempt 2 failed with ENOTFOUND
120 http fetch GET https://registry.npmjs.org/strip-ansi attempt 3 failed with ENOTFOUND
121 silly fetch manifest text-table@^0.2.0
122 silly packumentCache full:https://registry.npmjs.org/text-table cache-miss
123 http fetch GET https://registry.npmjs.org/text-table attempt 1 failed with ENOTFOUND
124 http fetch GET https://registry.npmjs.org/text-table attempt 2 failed with ENOTFOUND
125 http fetch GET https://registry.npmjs.org/text-table attempt 3 failed with ENOTFOUND
126 silly fetch manifest is-path-inside@^3.0.3
127 silly packumentCache full:https://registry.npmjs.org/is-path-inside cache-miss
128 http fetch GET https://registry.npmjs.org/is-path-inside attempt 1 failed with ENOTFOUND
129 http fetch GET https://registry.npmjs.org/is-path-inside attempt 2 failed with ENOTFOUND
130 http fetch GET https://registry.npmjs.org/is-path-inside attempt 3 failed with ENOTFOUND
131 silly fetch manifest @ungap/structured-clone@^1.2.0
132 silly packumentCache full:https://registry.npmjs.org/@ungap%2fstructured-clone cache-miss
133 http fetch GET https://registry.npmjs.org/@ungap%2fstructured-clone attempt 1 failed with ENOTFOUND
134 http fetch GET https://registry.npmjs.org/@ungap%2fstructured-clone attempt 2 failed with ENOTFOUND
135 http fetch GET https://registry.npmjs.org/@ungap%2fstructured-clone attempt 3 failed with ENOTFOUND
136 silly fetch manifest @humanwhocodes/config-array@^0.11.14
137 silly packumentCache full:https://registry.npmjs.org/@humanwhocodes%2fconfig-array cache-miss
138 http fetch GET https://registry.npmjs.org/@humanwhocodes%2fconfig-array attempt 1 failed with ENOTFOUND
139 http fetch GET https://registry.npmjs.org/@humanwhocodes%2fconfig-array attempt 2 failed with ENOTFOUND
140 http fetch GET https://registry.npmjs.org/@humanwhocodes%2fconfig-array attempt 3 failed with ENOTFOUND
141 silly placeDep ROOT @eslint/eslintrc@2.1.4 OK for: eslint@8.57.0 want: ^2.1.4
142 silly placeDep ROOT @eslint/js@8.57.0 OK for: eslint@8.57.0 want: 8.57.0
143 silly placeDep node_modules/eslint @humanwhocodes/config-array@ OK for: eslint@8.57.0 want: ^0.11.14
144 silly placeDep node_modules/eslint @ungap/structured-clone@ OK for: eslint@8.57.0 want: ^1.2.0
145 silly placeDep ROOT ajv@6.12.6 OK for: eslint@8.57.0 want: ^6.12.4
146 silly placeDep ROOT debug@4.4.3 OK for: eslint@8.57.0 want: ^4.3.2
147 silly placeDep node_modules/eslint doctrine@ OK for: eslint@8.57.0 want: ^3.0.0
148 silly placeDep ROOT eslint-scope@7.2.2 OK for: eslint@8.57.0 want: ^7.2.2
149 silly placeDep ROOT eslint-visitor-keys@3.4.3 OK for: eslint@8.57.0 want: ^3.4.3
150 silly placeDep ROOT espree@9.6.1 OK for: eslint@8.57.0 want: ^9.6.1
151 silly placeDep ROOT fast-deep-equal@3.1.3 OK for: eslint@8.57.0 want: ^3.1.3
152 silly placeDep ROOT file-entry-cache@6.0.1 OK for: eslint@8.57.0 want: ^6.0.1
153 silly placeDep ROOT globals@13.24.0 OK for: eslint@8.57.0 want: ^13.19.0
154 silly placeDep node_modules/eslint graphemer@ OK for: eslint@8.57.0 want: ^1.4.0
155 silly placeDep ROOT ignore@5.3.2 OK for: eslint@8.57.0 want: ^5.2.0
156 silly placeDep node_modules/eslint is-path-inside@ OK for: eslint@8.57.0 want: ^3.0.3
157 silly placeDep ROOT js-yaml@4.1.1 OK for: eslint@8.57.0 want: ^4.1.0
158 silly placeDep ROOT minimatch@3.1.2 OK for: eslint@8.57.0 want: ^3.1.2
159 silly placeDep node_modules/eslint strip-ansi@ OK for: eslint@8.57.0 want: ^6.0.1
160 silly placeDep node_modules/eslint text-table@ OK for: eslint@8.57.0 want: ^0.2.0
161 silly fetch manifest espree@^9.6.0
162 silly packumentCache full:https://registry.npmjs.org/espree cache-hit
163 silly fetch manifest import-fresh@^3.2.1
164 silly packumentCache full:https://registry.npmjs.org/import-fresh cache-miss
165 silly fetch manifest strip-json-comments@^3.1.1
166 silly packumentCache full:https://registry.npmjs.org/strip-json-comments cache-miss
167 silly fetch manifest uri-js@^4.2.2
168 silly packumentCache full:https://registry.npmjs.org/uri-js cache-miss
169 http fetch GET https://registry.npmjs.org/import-fresh attempt 1 failed with ENOTFOUND
170 http fetch GET https://registry.npmjs.org/strip-json-comments attempt 1 failed with ENOTFOUND
171 http fetch GET https://registry.npmjs.org/uri-js attempt 1 failed with ENOTFOUND
172 http fetch GET https://registry.npmjs.org/import-fresh attempt 2 failed with ENOTFOUND
173 http fetch GET https://registry.npmjs.org/strip-json-comments attempt 2 failed with ENOTFOUND
174 http fetch GET https://registry.npmjs.org/uri-js attempt 2 failed with ENOTFOUND
175 http fetch GET https://registry.npmjs.org/import-fresh attempt 3 failed with ENOTFOUND
176 http fetch GET https://registry.npmjs.org/strip-json-comments attempt 3 failed with ENOTFOUND
177 http fetch GET https://registry.npmjs.org/uri-js attempt 3 failed with ENOTFOUND
178 http fetch GET 200 https://registry.npmjs.org/import-fresh 70064ms (cache stale)
179 silly packumentCache full:https://registry.npmjs.org/import-fresh set size:21461 disposed:false
180 silly fetch manifest fast-deep-equal@^3.1.1
181 silly packumentCache full:https://registry.npmjs.org/fast-deep-equal cache-hit
182 silly fetch manifest json-schema-traverse@^0.4.1
183 silly packumentCache full:https://registry.npmjs.org/json-schema-traverse cache-miss
184 http fetch GET 200 https://registry.npmjs.org/strip-json-comments 70067ms (cache stale)
185 silly packumentCache full:https://registry.npmjs.org/strip-json-comments set size:43569 disposed:false
186 silly fetch manifest fast-json-stable-stringify@^2.0.0
187 silly packumentCache full:https://registry.npmjs.org/fast-json-stable-stringify cache-miss
188 http fetch GET 200 https://registry.npmjs.org/uri-js 70070ms (cache stale)
189 silly packumentCache full:https://registry.npmjs.org/uri-js set size:42559 disposed:false
190 silly fetch manifest ms@^2.1.3
191 silly packumentCache full:https://registry.npmjs.org/ms cache-miss
192 http fetch GET https://registry.npmjs.org/ms attempt 1 failed with ENOTFOUND
193 http fetch GET https://registry.npmjs.org/fast-json-stable-stringify attempt 1 failed with ENOTFOUND
194 http fetch GET https://registry.npmjs.org/json-schema-traverse attempt 1 failed with ENOTFOUND
195 http fetch GET https://registry.npmjs.org/ms attempt 2 failed with ENOTFOUND
196 http fetch GET https://registry.npmjs.org/fast-json-stable-stringify attempt 2 failed with ENOTFOUND
197 http fetch GET https://registry.npmjs.org/json-schema-traverse attempt 2 failed with ENOTFOUND
198 http fetch GET https://registry.npmjs.org/ms attempt 3 failed with ENOTFOUND
199 http fetch GET https://registry.npmjs.org/fast-json-stable-stringify attempt 3 failed with ENOTFOUND
200 http fetch GET https://registry.npmjs.org/json-schema-traverse attempt 3 failed with ENOTFOUND
201 http fetch GET 200 https://registry.npmjs.org/fast-json-stable-stringify 70083ms (cache stale)
202 silly packumentCache full:https://registry.npmjs.org/fast-json-stable-stringify set size:11337 disposed:false
203 silly fetch manifest esrecurse@^4.3.0
204 silly packumentCache full:https://registry.npmjs.org/esrecurse cache-miss
205 http fetch GET 200 https://registry.npmjs.org/json-schema-traverse 70096ms (cache stale)
206 silly packumentCache full:https://registry.npmjs.org/json-schema-traverse set size:23537 disposed:false
207 silly fetch manifest acorn@^8.9.0
208 silly packumentCache full:https://registry.npmjs.org/acorn cache-miss
209 http fetch GET 200 https://registry.npmjs.org/ms 70088ms (cache stale)
210 silly packumentCache full:https://registry.npmjs.org/ms set size:92208 disposed:false
211 silly fetch manifest acorn-jsx@^5.3.2
212 silly packumentCache full:https://registry.npmjs.org/acorn-jsx cache-miss
213 http fetch GET https://registry.npmjs.org/acorn-jsx attempt 1 failed with ENOTFOUND
214 http fetch GET https://registry.npmjs.org/esrecurse attempt 1 failed with ENOTFOUND
215 http fetch GET https://registry.npmjs.org/acorn attempt 1 failed with ENOTFOUND
216 http fetch GET https://registry.npmjs.org/acorn-jsx attempt 2 failed with ENOTFOUND
217 http fetch GET https://registry.npmjs.org/esrecurse attempt 2 failed with ENOTFOUND
218 http fetch GET https://registry.npmjs.org/acorn attempt 2 failed with ENOTFOUND
219 http fetch GET https://registry.npmjs.org/acorn-jsx attempt 3 failed with ENOTFOUND
220 http fetch GET https://registry.npmjs.org/esrecurse attempt 3 failed with ENOTFOUND
221 http fetch GET https://registry.npmjs.org/acorn attempt 3 failed with ENOTFOUND
222 http fetch GET 200 https://registry.npmjs.org/esrecurse 70069ms (cache stale)
223 silly packumentCache full:https://registry.npmjs.org/esrecurse set size:29005 disposed:false
224 silly fetch manifest flat-cache@^3.0.4
225 silly packumentCache full:https://registry.npmjs.org/flat-cache cache-miss
226 http fetch GET 200 https://registry.npmjs.org/acorn-jsx 70062ms (cache stale)
227 silly packumentCache full:https://registry.npmjs.org/acorn-jsx set size:71068 disposed:false
228 silly fetch manifest type-fest@^0.20.2
229 silly packumentCache full:https://registry.npmjs.org/type-fest cache-miss
230 http fetch GET 200 https://registry.npmjs.org/acorn 70074ms (cache stale)
231 silly packumentCache full:https://registry.npmjs.org/acorn set size:377362 disposed:false
232 silly fetch manifest argparse@^2.0.1
233 silly packumentCache full:https://registry.npmjs.org/argparse cache-miss
234 http fetch GET https://registry.npmjs.org/type-fest attempt 1 failed with ENOTFOUND
235 http fetch GET https://registry.npmjs.org/argparse attempt 1 failed with ENOTFOUND
236 http fetch GET https://registry.npmjs.org/flat-cache attempt 1 failed with ENOTFOUND
237 http fetch GET https://registry.npmjs.org/type-fest attempt 2 failed with ENOTFOUND
238 http fetch GET https://registry.npmjs.org/argparse attempt 2 failed with ENOTFOUND
239 http fetch GET https://registry.npmjs.org/flat-cache attempt 2 failed with ENOTFOUND
240 http fetch GET https://registry.npmjs.org/type-fest attempt 3 failed with ENOTFOUND
241 silly fetch manifest brace-expansion@^1.1.7
242 silly packumentCache full:https://registry.npmjs.org/brace-expansion cache-miss
243 http fetch GET https://registry.npmjs.org/brace-expansion attempt 1 failed with ENOTFOUND
244 http fetch GET https://registry.npmjs.org/argparse attempt 3 failed with ENOTFOUND
245 http fetch GET https://registry.npmjs.org/flat-cache attempt 3 failed with ENOTFOUND
246 http fetch GET 200 https://registry.npmjs.org/argparse 70042ms (cache stale)
247 silly packumentCache full:https://registry.npmjs.org/argparse set size:49266 disposed:false
248 http fetch GET 200 https://registry.npmjs.org/flat-cache 70062ms (cache stale)
249 silly packumentCache full:https://registry.npmjs.org/flat-cache set size:161118 disposed:false
250 http fetch GET https://registry.npmjs.org/brace-expansion attempt 2 failed with ENOTFOUND
