0 verbose cli /Users/timothycheng/.nvm/versions/node/v20.19.0/bin/node /Users/timothycheng/.nvm/versions/node/v20.19.0/bin/npm
1 info using npm@11.7.0
2 info using node@v20.19.0
3 silly config load:file:/Users/timothycheng/.nvm/versions/node/v20.19.0/lib/node_modules/npm/npmrc
4 silly config load:file:/Users/timothycheng/fd-staging/.npmrc
5 silly config load:file:/Users/timothycheng/.npmrc
6 silly config load:file:/Users/timothycheng/.nvm/versions/node/v20.19.0/etc/npmrc
7 verbose title npm install eslint-config-next
8 verbose argv "install" "--save-dev" "eslint-config-next" "--cache" "/Users/timothycheng/fd-staging/.npm-cache"
9 verbose logfile logs-max:10 dir:/Users/timothycheng/fd-staging/.npm-cache/_logs/2025-12-17T02_26_14_421Z-
10 verbose logfile /Users/timothycheng/fd-staging/.npm-cache/_logs/2025-12-17T02_26_14_421Z-debug-0.log
11 silly logfile done cleaning log files
12 silly packumentCache heap:2197815296 maxSize:549453824 maxEntrySize:274726912
13 silly idealTree buildDeps
14 silly fetch manifest eslint-config-next@*
15 silly packumentCache full:https://registry.npmjs.org/eslint-config-next cache-miss
16 http fetch GET 200 https://registry.npmjs.org/eslint-config-next 373ms (cache miss)
17 silly packumentCache full:https://registry.npmjs.org/eslint-config-next set size:undefined disposed:false
18 silly fetch manifest eslint@^8.57.0
19 silly packumentCache full:https://registry.npmjs.org/eslint cache-miss
20 http cache https://registry.npmjs.org/eslint 33ms (cache hit)
21 silly packumentCache full:https://registry.npmjs.org/eslint set size:1900943 disposed:false
22 silly fetch manifest eslint@>=9.0.0
23 silly packumentCache full:https://registry.npmjs.org/eslint cache-miss
24 http cache https://registry.npmjs.org/eslint 9ms (cache hit)
25 silly packumentCache full:https://registry.npmjs.org/eslint set size:1900943 disposed:false
26 verbose stack Error: unable to resolve dependency tree
26 verbose stack     at #failPeerConflict (/Users/timothycheng/.nvm/versions/node/v20.19.0/lib/node_modules/npm/node_modules/@npmcli/arborist/lib/arborist/build-ideal-tree.js:1404:25)
26 verbose stack     at #loadPeerSet (/Users/timothycheng/.nvm/versions/node/v20.19.0/lib/node_modules/npm/node_modules/@npmcli/arborist/lib/arborist/build-ideal-tree.js:1370:33)
26 verbose stack     at async #buildDepStep (/Users/timothycheng/.nvm/versions/node/v20.19.0/lib/node_modules/npm/node_modules/@npmcli/arborist/lib/arborist/build-ideal-tree.js:918:11)
26 verbose stack     at async Arborist.buildIdealTree (/Users/timothycheng/.nvm/versions/node/v20.19.0/lib/node_modules/npm/node_modules/@npmcli/arborist/lib/arborist/build-ideal-tree.js:170:7)
26 verbose stack     at async Promise.all (index 1)
26 verbose stack     at async Arborist.reify (/Users/timothycheng/.nvm/versions/node/v20.19.0/lib/node_modules/npm/node_modules/@npmcli/arborist/lib/arborist/reify.js:110:5)
26 verbose stack     at async Install.exec (/Users/timothycheng/.nvm/versions/node/v20.19.0/lib/node_modules/npm/lib/commands/install.js:150:5)
26 verbose stack     at async Npm.exec (/Users/timothycheng/.nvm/versions/node/v20.19.0/lib/node_modules/npm/lib/npm.js:208:9)
26 verbose stack     at async module.exports (/Users/timothycheng/.nvm/versions/node/v20.19.0/lib/node_modules/npm/lib/cli/entry.js:67:5)
27 error code ERESOLVE
28 error ERESOLVE unable to resolve dependency tree
29 error
30 error While resolving: fd-staging-elite@1.0.0
30 error Found: eslint@8.57.1
30 error node_modules/eslint
30 error   dev eslint@"^8.57.0" from the root project
30 error
30 error Could not resolve dependency:
30 error peer eslint@">=9.0.0" from eslint-config-next@16.0.10
30 error node_modules/eslint-config-next
30 error   dev eslint-config-next@"*" from the root project
30 error
30 error Fix the upstream dependency conflict, or retry
30 error this command with --force or --legacy-peer-deps
30 error to accept an incorrect (and potentially broken) dependency resolution.
31 error
31 error
31 error For a full report see:
31 error /Users/timothycheng/fd-staging/.npm-cache/_logs/2025-12-17T02_26_14_421Z-eresolve-report.txt
32 silly unfinished npm timer reify 1765938375155
33 silly unfinished npm timer reify:loadTrees 1765938375155
34 silly unfinished npm timer idealTree:buildDeps 1765938375454
35 silly unfinished npm timer idealTree:#root 1765938375455
36 verbose cwd /Users/timothycheng/fd-staging
37 verbose os Darwin 23.6.0
38 verbose node v20.19.0
39 verbose npm  v11.7.0
40 verbose exit 1
41 verbose code 1
42 error A complete log of this run can be found in: /Users/timothycheng/fd-staging/.npm-cache/_logs/2025-12-17T02_26_14_421Z-debug-0.log
