0 verbose cli /Users/timothycheng/.nvm/versions/node/v20.19.0/bin/node /Users/timothycheng/.nvm/versions/node/v20.19.0/bin/npm
1 info using npm@11.7.0
2 info using node@v20.19.0
3 silly config load:file:/Users/timothycheng/.nvm/versions/node/v20.19.0/lib/node_modules/npm/npmrc
4 silly config load:file:/Users/timothycheng/fd-staging/.npmrc
5 silly config load:file:/Users/timothycheng/.npmrc
6 silly config load:file:/Users/timothycheng/.nvm/versions/node/v20.19.0/etc/npmrc
7 verbose title npm install eslint@8.57.0
8 verbose argv "install" "--save-dev" "eslint@8.57.0" "--cache" "/Users/timothycheng/fd-staging/.npm-cache"
9 verbose logfile logs-max:10 dir:/Users/timothycheng/fd-staging/.npm-cache/_logs/2025-12-17T02_25_05_084Z-
10 verbose logfile /Users/timothycheng/fd-staging/.npm-cache/_logs/2025-12-17T02_25_05_084Z-debug-0.log
11 silly logfile done cleaning log files
12 silly packumentCache heap:2197815296 maxSize:549453824 maxEntrySize:274726912
13 silly idealTree buildDeps
14 silly fetch manifest eslint@8.57.0
15 silly packumentCache full:https://registry.npmjs.org/eslint cache-miss
16 http fetch GET 200 https://registry.npmjs.org/eslint 434ms (cache revalidated)
17 silly packumentCache full:https://registry.npmjs.org/eslint set size:1900943 disposed:false
18 silly placeDep ROOT eslint@8.57.0 REPLACE for: fd-staging-elite@1.0.0 want: 8.57.0
19 silly fetch manifest ajv@^6.12.4
20 silly packumentCache full:https://registry.npmjs.org/ajv cache-miss
21 silly fetch manifest debug@^4.3.2
22 silly packumentCache full:https://registry.npmjs.org/debug cache-miss
23 silly fetch manifest espree@^9.6.1
24 silly packumentCache full:https://registry.npmjs.org/espree cache-miss
25 http fetch GET 200 https://registry.npmjs.org/espree 61ms (cache revalidated)
26 silly packumentCache full:https://registry.npmjs.org/espree set size:317497 disposed:false
27 silly fetch manifest ignore@^5.2.0
28 silly packumentCache full:https://registry.npmjs.org/ignore cache-miss
29 http fetch GET 200 https://registry.npmjs.org/ajv 127ms (cache revalidated)
30 silly packumentCache full:https://registry.npmjs.org/ajv set size:1126055 disposed:false
31 silly fetch manifest globals@^13.19.0
32 silly packumentCache full:https://registry.npmjs.org/globals cache-miss
33 http fetch GET 200 https://registry.npmjs.org/debug 149ms (cache revalidated)
34 silly packumentCache full:https://registry.npmjs.org/debug set size:195840 disposed:false
35 silly fetch manifest js-yaml@^4.1.0
36 silly packumentCache full:https://registry.npmjs.org/js-yaml cache-miss
37 http fetch GET 200 https://registry.npmjs.org/ignore 87ms (cache revalidated)
38 silly packumentCache full:https://registry.npmjs.org/ignore set size:237380 disposed:false
39 silly fetch manifest doctrine@^3.0.0
40 silly packumentCache full:https://registry.npmjs.org/doctrine cache-miss
41 http fetch GET 200 https://registry.npmjs.org/js-yaml 56ms (cache revalidated)
42 silly packumentCache full:https://registry.npmjs.org/js-yaml set size:152232 disposed:false
43 silly fetch manifest graphemer@^1.4.0
44 silly packumentCache full:https://registry.npmjs.org/graphemer cache-miss
45 http fetch GET 200 https://registry.npmjs.org/doctrine 58ms (cache miss)
46 silly packumentCache full:https://registry.npmjs.org/doctrine set size:undefined disposed:false
47 silly fetch manifest minimatch@^3.1.2
48 silly packumentCache full:https://registry.npmjs.org/minimatch cache-miss
49 http fetch GET 200 https://registry.npmjs.org/globals 81ms (cache revalidated)
50 silly packumentCache full:https://registry.npmjs.org/globals set size:290151 disposed:false
51 silly fetch manifest @eslint/js@8.57.0
52 silly packumentCache full:https://registry.npmjs.org/@eslint%2fjs cache-miss
53 http fetch GET 200 https://registry.npmjs.org/minimatch 64ms (cache revalidated)
54 silly packumentCache full:https://registry.npmjs.org/minimatch set size:303959 disposed:false
55 silly fetch manifest strip-ansi@^6.0.1
56 silly packumentCache full:https://registry.npmjs.org/strip-ansi cache-miss
57 http fetch GET 200 https://registry.npmjs.org/graphemer 89ms (cache miss)
58 silly packumentCache full:https://registry.npmjs.org/graphemer set size:undefined disposed:false
59 silly fetch manifest text-table@^0.2.0
60 silly packumentCache full:https://registry.npmjs.org/text-table cache-miss
61 http fetch GET 200 https://registry.npmjs.org/@eslint%2fjs 82ms (cache revalidated)
62 silly packumentCache full:https://registry.npmjs.org/@eslint%2fjs set size:133473 disposed:false
63 silly fetch manifest eslint-scope@^7.2.2
64 silly packumentCache full:https://registry.npmjs.org/eslint-scope cache-miss
65 http fetch GET 200 https://registry.npmjs.org/strip-ansi 54ms (cache miss)
66 silly packumentCache full:https://registry.npmjs.org/strip-ansi set size:undefined disposed:false
67 silly fetch manifest is-path-inside@^3.0.3
68 silly packumentCache full:https://registry.npmjs.org/is-path-inside cache-miss
69 http fetch GET 200 https://registry.npmjs.org/eslint-scope 52ms (cache revalidated)
70 silly packumentCache full:https://registry.npmjs.org/eslint-scope set size:90946 disposed:false
71 silly fetch manifest fast-deep-equal@^3.1.3
72 silly packumentCache full:https://registry.npmjs.org/fast-deep-equal cache-miss
73 http fetch GET 200 https://registry.npmjs.org/text-table 70ms (cache miss)
74 silly packumentCache full:https://registry.npmjs.org/text-table set size:undefined disposed:false
75 silly fetch manifest @eslint/eslintrc@^2.1.4
76 silly packumentCache full:https://registry.npmjs.org/@eslint%2feslintrc cache-miss
77 http fetch GET 200 https://registry.npmjs.org/is-path-inside 59ms (cache miss)
78 silly packumentCache full:https://registry.npmjs.org/is-path-inside set size:undefined disposed:false
79 silly fetch manifest file-entry-cache@^6.0.1
80 silly packumentCache full:https://registry.npmjs.org/file-entry-cache cache-miss
81 http fetch GET 200 https://registry.npmjs.org/fast-deep-equal 55ms (cache revalidated)
82 silly packumentCache full:https://registry.npmjs.org/fast-deep-equal set size:48634 disposed:false
83 silly fetch manifest eslint-visitor-keys@^3.4.3
84 silly packumentCache full:https://registry.npmjs.org/eslint-visitor-keys cache-miss
85 http fetch GET 200 https://registry.npmjs.org/@eslint%2feslintrc 68ms (cache revalidated)
86 silly packumentCache full:https://registry.npmjs.org/@eslint%2feslintrc set size:163118 disposed:false
87 silly fetch manifest @ungap/structured-clone@^1.2.0
88 silly packumentCache full:https://registry.npmjs.org/@ungap%2fstructured-clone cache-miss
89 http fetch GET 200 https://registry.npmjs.org/file-entry-cache 53ms (cache revalidated)
90 silly packumentCache full:https://registry.npmjs.org/file-entry-cache set size:148818 disposed:false
91 silly fetch manifest @humanwhocodes/config-array@^0.11.14
92 silly packumentCache full:https://registry.npmjs.org/@humanwhocodes%2fconfig-array cache-miss
93 http fetch GET 200 https://registry.npmjs.org/eslint-visitor-keys 50ms (cache revalidated)
94 silly packumentCache full:https://registry.npmjs.org/eslint-visitor-keys set size:67352 disposed:false
95 http fetch GET 200 https://registry.npmjs.org/@ungap%2fstructured-clone 70ms (cache miss)
96 silly packumentCache full:https://registry.npmjs.org/@ungap%2fstructured-clone set size:undefined disposed:false
97 http fetch GET 200 https://registry.npmjs.org/@humanwhocodes%2fconfig-array 63ms (cache miss)
98 silly packumentCache full:https://registry.npmjs.org/@humanwhocodes%2fconfig-array set size:undefined disposed:false
99 silly placeDep ROOT @eslint/eslintrc@2.1.4 OK for: eslint@8.57.0 want: ^2.1.4
100 silly placeDep ROOT @eslint/js@8.57.0 OK for: eslint@8.57.0 want: 8.57.0
101 silly placeDep ROOT @humanwhocodes/config-array@0.11.14 OK for: eslint@8.57.0 want: ^0.11.14
102 silly placeDep ROOT @ungap/structured-clone@1.3.0 OK for: eslint@8.57.0 want: ^1.2.0
103 silly placeDep ROOT ajv@6.12.6 OK for: eslint@8.57.0 want: ^6.12.4
104 silly placeDep ROOT debug@4.4.3 OK for: eslint@8.57.0 want: ^4.3.2
105 silly placeDep ROOT doctrine@3.0.0 OK for: eslint@8.57.0 want: ^3.0.0
106 silly placeDep ROOT eslint-scope@7.2.2 OK for: eslint@8.57.0 want: ^7.2.2
107 silly placeDep ROOT eslint-visitor-keys@3.4.3 OK for: eslint@8.57.0 want: ^3.4.3
108 silly placeDep ROOT espree@9.6.1 OK for: eslint@8.57.0 want: ^9.6.1
109 silly placeDep ROOT fast-deep-equal@3.1.3 OK for: eslint@8.57.0 want: ^3.1.3
110 silly placeDep ROOT file-entry-cache@6.0.1 OK for: eslint@8.57.0 want: ^6.0.1
111 silly placeDep ROOT globals@13.24.0 OK for: eslint@8.57.0 want: ^13.19.0
112 silly placeDep ROOT graphemer@1.4.0 OK for: eslint@8.57.0 want: ^1.4.0
113 silly placeDep ROOT ignore@5.3.2 OK for: eslint@8.57.0 want: ^5.2.0
114 silly placeDep ROOT is-path-inside@3.0.3 OK for: eslint@8.57.0 want: ^3.0.3
115 silly placeDep ROOT js-yaml@4.1.1 OK for: eslint@8.57.0 want: ^4.1.0
116 silly placeDep ROOT minimatch@3.1.2 OK for: eslint@8.57.0 want: ^3.1.2
117 silly placeDep ROOT strip-ansi@6.0.1 OK for: eslint@8.57.0 want: ^6.0.1
118 silly placeDep ROOT text-table@0.2.0 OK for: eslint@8.57.0 want: ^0.2.0
119 silly fetch manifest espree@^9.6.0
120 silly packumentCache full:https://registry.npmjs.org/espree cache-hit
121 silly fetch manifest import-fresh@^3.2.1
122 silly packumentCache full:https://registry.npmjs.org/import-fresh cache-miss
123 silly fetch manifest strip-json-comments@^3.1.1
124 silly packumentCache full:https://registry.npmjs.org/strip-json-comments cache-miss
125 silly fetch manifest debug@^4.3.1
126 silly packumentCache full:https://registry.npmjs.org/debug cache-hit
127 silly fetch manifest minimatch@^3.0.5
128 silly packumentCache full:https://registry.npmjs.org/minimatch cache-hit
129 silly fetch manifest @humanwhocodes/object-schema@^2.0.2
130 silly packumentCache full:https://registry.npmjs.org/@humanwhocodes%2fobject-schema cache-miss
131 http fetch GET 200 https://registry.npmjs.org/strip-json-comments 61ms (cache revalidated)
132 silly packumentCache full:https://registry.npmjs.org/strip-json-comments set size:43569 disposed:false
133 silly fetch manifest uri-js@^4.2.2
134 silly packumentCache full:https://registry.npmjs.org/uri-js cache-miss
135 http fetch GET 200 https://registry.npmjs.org/import-fresh 67ms (cache revalidated)
136 silly packumentCache full:https://registry.npmjs.org/import-fresh set size:21461 disposed:false
137 silly fetch manifest fast-deep-equal@^3.1.1
138 silly packumentCache full:https://registry.npmjs.org/fast-deep-equal cache-hit
139 silly fetch manifest json-schema-traverse@^0.4.1
140 silly packumentCache full:https://registry.npmjs.org/json-schema-traverse cache-miss
141 http fetch GET 200 https://registry.npmjs.org/@humanwhocodes%2fobject-schema 77ms (cache miss)
142 silly packumentCache full:https://registry.npmjs.org/@humanwhocodes%2fobject-schema set size:undefined disposed:false
143 silly fetch manifest fast-json-stable-stringify@^2.0.0
144 silly packumentCache full:https://registry.npmjs.org/fast-json-stable-stringify cache-miss
145 http fetch GET 200 https://registry.npmjs.org/json-schema-traverse 47ms (cache revalidated)
146 silly packumentCache full:https://registry.npmjs.org/json-schema-traverse set size:23537 disposed:false
147 silly fetch manifest ms@^2.1.3
148 silly packumentCache full:https://registry.npmjs.org/ms cache-miss
149 http fetch GET 200 https://registry.npmjs.org/uri-js 53ms (cache revalidated)
150 silly packumentCache full:https://registry.npmjs.org/uri-js set size:42559 disposed:false
151 silly fetch manifest esrecurse@^4.3.0
152 silly packumentCache full:https://registry.npmjs.org/esrecurse cache-miss
153 http fetch GET 200 https://registry.npmjs.org/fast-json-stable-stringify 43ms (cache revalidated)
154 silly packumentCache full:https://registry.npmjs.org/fast-json-stable-stringify set size:11337 disposed:false
155 silly fetch manifest acorn@^8.9.0
156 silly packumentCache full:https://registry.npmjs.org/acorn cache-miss
157 http fetch GET 200 https://registry.npmjs.org/esrecurse 64ms (cache revalidated)
158 silly packumentCache full:https://registry.npmjs.org/esrecurse set size:29005 disposed:false
159 silly fetch manifest acorn-jsx@^5.3.2
160 silly packumentCache full:https://registry.npmjs.org/acorn-jsx cache-miss
161 http fetch GET 200 https://registry.npmjs.org/ms 72ms (cache revalidated)
162 silly packumentCache full:https://registry.npmjs.org/ms set size:92208 disposed:false
163 silly fetch manifest flat-cache@^3.0.4
164 silly packumentCache full:https://registry.npmjs.org/flat-cache cache-miss
165 http fetch GET 200 https://registry.npmjs.org/acorn 76ms (cache revalidated)
166 silly packumentCache full:https://registry.npmjs.org/acorn set size:377362 disposed:false
167 silly fetch manifest type-fest@^0.20.2
168 silly packumentCache full:https://registry.npmjs.org/type-fest cache-miss
169 http fetch GET 200 https://registry.npmjs.org/flat-cache 92ms (cache revalidated)
170 silly packumentCache full:https://registry.npmjs.org/flat-cache set size:161118 disposed:false
171 silly fetch manifest argparse@^2.0.1
172 silly packumentCache full:https://registry.npmjs.org/argparse cache-miss
173 http fetch GET 200 https://registry.npmjs.org/acorn-jsx 118ms (cache revalidated)
174 silly packumentCache full:https://registry.npmjs.org/acorn-jsx set size:71068 disposed:false
175 silly fetch manifest brace-expansion@^1.1.7
176 silly packumentCache full:https://registry.npmjs.org/brace-expansion cache-miss
177 http fetch GET 200 https://registry.npmjs.org/type-fest 107ms (cache miss)
178 silly packumentCache full:https://registry.npmjs.org/type-fest set size:undefined disposed:false
179 silly fetch manifest ansi-regex@^5.0.1
180 silly packumentCache full:https://registry.npmjs.org/ansi-regex cache-miss
181 http fetch GET 200 https://registry.npmjs.org/brace-expansion 48ms (cache revalidated)
182 silly packumentCache full:https://registry.npmjs.org/brace-expansion set size:46250 disposed:false
183 http fetch GET 200 https://registry.npmjs.org/argparse 96ms (cache revalidated)
184 silly packumentCache full:https://registry.npmjs.org/argparse set size:49266 disposed:false
185 http fetch GET 200 https://registry.npmjs.org/ansi-regex 67ms (cache miss)
186 silly packumentCache full:https://registry.npmjs.org/ansi-regex set size:undefined disposed:false
187 silly placeDep ROOT import-fresh@3.3.1 OK for: @eslint/eslintrc@2.1.4 want: ^3.2.1
188 silly placeDep ROOT strip-json-comments@3.1.1 OK for: @eslint/eslintrc@2.1.4 want: ^3.1.1
189 silly fetch manifest parent-module@^1.0.0
190 silly packumentCache full:https://registry.npmjs.org/parent-module cache-miss
191 silly fetch manifest resolve-from@^4.0.0
192 silly packumentCache full:https://registry.npmjs.org/resolve-from cache-miss
193 http fetch GET 200 https://registry.npmjs.org/resolve-from 52ms (cache revalidated)
194 silly packumentCache full:https://registry.npmjs.org/resolve-from set size:12911 disposed:false
195 http fetch GET 200 https://registry.npmjs.org/parent-module 71ms (cache revalidated)
196 silly packumentCache full:https://registry.npmjs.org/parent-module set size:18255 disposed:false
197 silly placeDep ROOT @humanwhocodes/object-schema@2.0.3 OK for: @humanwhocodes/config-array@0.11.14 want: ^2.0.2
198 silly placeDep ROOT fast-json-stable-stringify@2.1.0 OK for: ajv@6.12.6 want: ^2.0.0
199 silly placeDep ROOT json-schema-traverse@0.4.1 OK for: ajv@6.12.6 want: ^0.4.1
200 silly placeDep ROOT uri-js@4.4.1 OK for: ajv@6.12.6 want: ^4.2.2
201 silly fetch manifest punycode@^2.1.0
202 silly packumentCache full:https://registry.npmjs.org/punycode cache-miss
203 http fetch GET 200 https://registry.npmjs.org/punycode 62ms (cache revalidated)
204 silly packumentCache full:https://registry.npmjs.org/punycode set size:61302 disposed:false
205 silly placeDep ROOT ms@2.1.3 OK for: debug@4.4.3 want: ^2.1.3
206 silly placeDep ROOT esrecurse@4.3.0 OK for: eslint-scope@7.2.2 want: ^4.3.0
207 silly placeDep ROOT acorn@8.15.0 OK for: espree@9.6.1 want: ^8.9.0
208 silly placeDep ROOT acorn-jsx@5.3.2 OK for: espree@9.6.1 want: ^5.3.2
209 silly placeDep ROOT flat-cache@3.2.0 OK for: file-entry-cache@6.0.1 want: ^3.0.4
210 silly fetch manifest keyv@^4.5.3
211 silly packumentCache full:https://registry.npmjs.org/keyv cache-miss
212 silly fetch manifest rimraf@^3.0.2
213 silly packumentCache full:https://registry.npmjs.org/rimraf cache-miss
214 silly fetch manifest flatted@^3.2.9
215 silly packumentCache full:https://registry.npmjs.org/flatted cache-miss
216 http fetch GET 200 https://registry.npmjs.org/keyv 45ms (cache revalidated)
217 silly packumentCache full:https://registry.npmjs.org/keyv set size:233041 disposed:false
218 http fetch GET 200 https://registry.npmjs.org/flatted 57ms (cache revalidated)
219 silly packumentCache full:https://registry.npmjs.org/flatted set size:126610 disposed:false
220 http fetch GET 200 https://registry.npmjs.org/rimraf 68ms (cache miss)
221 silly packumentCache full:https://registry.npmjs.org/rimraf set size:undefined disposed:false
222 silly placeDep ROOT flatted@3.3.3 OK for: flat-cache@3.2.0 want: ^3.2.9
223 silly placeDep ROOT keyv@4.5.4 OK for: flat-cache@3.2.0 want: ^4.5.3
224 silly placeDep ROOT rimraf@3.0.2 OK for: flat-cache@3.2.0 want: ^3.0.2
225 silly fetch manifest json-buffer@3.0.1
226 silly packumentCache full:https://registry.npmjs.org/json-buffer cache-miss
227 silly fetch manifest glob@^7.1.3
228 silly packumentCache full:https://registry.npmjs.org/glob cache-miss
229 http fetch GET 200 https://registry.npmjs.org/json-buffer 65ms (cache revalidated)
230 silly packumentCache full:https://registry.npmjs.org/json-buffer set size:23474 disposed:false
231 http fetch GET 200 https://registry.npmjs.org/glob 80ms (cache miss)
232 silly packumentCache full:https://registry.npmjs.org/glob set size:undefined disposed:false
233 silly placeDep ROOT type-fest@0.20.2 OK for: globals@13.24.0 want: ^0.20.2
234 silly placeDep ROOT parent-module@1.0.1 OK for: import-fresh@3.3.1 want: ^1.0.0
235 silly placeDep ROOT resolve-from@4.0.0 OK for: import-fresh@3.3.1 want: ^4.0.0
236 silly fetch manifest callsites@^3.0.0
237 silly packumentCache full:https://registry.npmjs.org/callsites cache-miss
238 http fetch GET 200 https://registry.npmjs.org/callsites 129ms (cache revalidated)
239 silly packumentCache full:https://registry.npmjs.org/callsites set size:21349 disposed:false
240 silly placeDep ROOT argparse@2.0.1 OK for: js-yaml@4.1.1 want: ^2.0.1
241 silly placeDep ROOT json-buffer@3.0.1 OK for: keyv@4.5.4 want: 3.0.1
242 silly placeDep ROOT brace-expansion@1.1.12 OK for: minimatch@3.1.2 want: ^1.1.7
243 silly fetch manifest balanced-match@^1.0.0
244 silly packumentCache full:https://registry.npmjs.org/balanced-match cache-miss
245 silly fetch manifest concat-map@0.0.1
246 silly packumentCache full:https://registry.npmjs.org/concat-map cache-miss
247 http fetch GET 200 https://registry.npmjs.org/concat-map 49ms (cache revalidated)
248 silly packumentCache full:https://registry.npmjs.org/concat-map set size:9290 disposed:false
249 http fetch GET 200 https://registry.npmjs.org/balanced-match 50ms (cache revalidated)
250 silly packumentCache full:https://registry.npmjs.org/balanced-match set size:33860 disposed:false
251 silly placeDep ROOT balanced-match@1.0.2 OK for: brace-expansion@1.1.12 want: ^1.0.0
252 silly placeDep ROOT concat-map@0.0.1 OK for: brace-expansion@1.1.12 want: 0.0.1
253 silly placeDep ROOT callsites@3.1.0 OK for: parent-module@1.0.1 want: ^3.0.0
254 silly placeDep ROOT glob@7.2.3 OK for: rimraf@3.0.2 want: ^7.1.3
255 silly fetch manifest once@^1.3.0
256 silly packumentCache full:https://registry.npmjs.org/once cache-miss
257 silly fetch manifest inflight@^1.0.4
258 silly packumentCache full:https://registry.npmjs.org/inflight cache-miss
259 silly fetch manifest inherits@2
260 silly packumentCache full:https://registry.npmjs.org/inherits cache-miss
261 http fetch GET 200 https://registry.npmjs.org/inflight 56ms (cache miss)
262 silly packumentCache full:https://registry.npmjs.org/inflight set size:undefined disposed:false
263 silly fetch manifest fs.realpath@^1.0.0
264 silly packumentCache full:https://registry.npmjs.org/fs.realpath cache-miss
265 http fetch GET 200 https://registry.npmjs.org/once 64ms (cache miss)
266 silly packumentCache full:https://registry.npmjs.org/once set size:undefined disposed:false
267 silly fetch manifest path-is-absolute@^1.0.0
268 silly packumentCache full:https://registry.npmjs.org/path-is-absolute cache-miss
269 http fetch GET 200 https://registry.npmjs.org/inherits 73ms (cache miss)
270 silly packumentCache full:https://registry.npmjs.org/inherits set size:undefined disposed:false
271 http fetch GET 200 https://registry.npmjs.org/fs.realpath 45ms (cache miss)
272 silly packumentCache full:https://registry.npmjs.org/fs.realpath set size:undefined disposed:false
273 http fetch GET 200 https://registry.npmjs.org/path-is-absolute 54ms (cache miss)
274 silly packumentCache full:https://registry.npmjs.org/path-is-absolute set size:undefined disposed:false
275 silly placeDep ROOT fs.realpath@1.0.0 OK for: glob@7.2.3 want: ^1.0.0
276 silly placeDep ROOT inflight@1.0.6 OK for: glob@7.2.3 want: ^1.0.4
277 silly placeDep ROOT inherits@2.0.4 OK for: glob@7.2.3 want: 2
278 silly placeDep ROOT once@1.4.0 OK for: glob@7.2.3 want: ^1.3.0
279 silly placeDep ROOT path-is-absolute@1.0.1 OK for: glob@7.2.3 want: ^1.0.0
280 silly fetch manifest wrappy@1
281 silly packumentCache full:https://registry.npmjs.org/wrappy cache-miss
282 silly fetch manifest wrappy@1
283 silly packumentCache full:https://registry.npmjs.org/wrappy cache-miss
284 http fetch GET 200 https://registry.npmjs.org/wrappy 49ms (cache miss)
285 silly packumentCache full:https://registry.npmjs.org/wrappy set size:undefined disposed:false
286 http fetch GET 200 https://registry.npmjs.org/wrappy 49ms (cache miss)
287 silly packumentCache full:https://registry.npmjs.org/wrappy set size:undefined disposed:false
288 silly placeDep ROOT wrappy@1.0.2 OK for: inflight@1.0.6 want: 1
289 silly placeDep ROOT ansi-regex@5.0.1 OK for: strip-ansi@6.0.1 want: ^5.0.1
290 silly placeDep ROOT punycode@2.3.1 OK for: uri-js@4.4.1 want: ^2.1.0
291 silly reify mark retired [
291 silly reify   '/Users/timothycheng/fd-staging/node_modules/@eslint-community/eslint-utils/node_modules/eslint-visitor-keys'
291 silly reify ]
292 silly reify mark retired [ '/Users/timothycheng/fd-staging/node_modules/@eslint/config-array' ]
293 silly reify mark retired [
293 silly reify   '/Users/timothycheng/fd-staging/node_modules/@eslint/config-helpers'
293 silly reify ]
294 silly reify mark retired [ '/Users/timothycheng/fd-staging/node_modules/@eslint/core' ]
295 silly reify mark retired [ '/Users/timothycheng/fd-staging/node_modules/@eslint/eslintrc' ]
296 silly reify mark retired [ '/Users/timothycheng/fd-staging/node_modules/@eslint/js' ]
297 silly reify mark retired [ '/Users/timothycheng/fd-staging/node_modules/@eslint/object-schema' ]
298 silly reify mark retired [ '/Users/timothycheng/fd-staging/node_modules/@eslint/plugin-kit' ]
299 silly reify mark retired [ '/Users/timothycheng/fd-staging/node_modules/@humanfs/core' ]
300 silly reify mark retired [ '/Users/timothycheng/fd-staging/node_modules/@humanfs/node' ]
301 silly reify mark retired [ '/Users/timothycheng/fd-staging/node_modules/@humanwhocodes/retry' ]
302 silly reify mark retired [ '/Users/timothycheng/fd-staging/node_modules/@types/estree' ]
303 silly reify mark retired [ '/Users/timothycheng/fd-staging/node_modules/@types/json-schema' ]
304 silly reify mark retired [
304 silly reify   '/Users/timothycheng/fd-staging/node_modules/eslint',
304 silly reify   '/Users/timothycheng/fd-staging/node_modules/.bin/eslint'
304 silly reify ]
305 silly reify mark retired [ '/Users/timothycheng/fd-staging/node_modules/eslint-scope' ]
306 silly reify mark retired [ '/Users/timothycheng/fd-staging/node_modules/eslint-visitor-keys' ]
307 silly reify mark retired [ '/Users/timothycheng/fd-staging/node_modules/espree' ]
308 silly reify mark retired [ '/Users/timothycheng/fd-staging/node_modules/file-entry-cache' ]
309 silly reify mark retired [ '/Users/timothycheng/fd-staging/node_modules/flat-cache' ]
310 silly reify mark retired [ '/Users/timothycheng/fd-staging/node_modules/globals' ]
311 silly reify moves {
311 silly reify   '/Users/timothycheng/fd-staging/node_modules/@eslint-community/eslint-utils/node_modules/eslint-visitor-keys': '/Users/timothycheng/fd-staging/node_modules/@eslint-community/eslint-utils/node_modules/.eslint-visitor-keys-SpN3ohXi',
311 silly reify   '/Users/timothycheng/fd-staging/node_modules/@eslint/config-array': '/Users/timothycheng/fd-staging/node_modules/@eslint/.config-array-Vf95oxOi',
311 silly reify   '/Users/timothycheng/fd-staging/node_modules/@eslint/config-helpers': '/Users/timothycheng/fd-staging/node_modules/@eslint/.config-helpers-PltuKdmk',
311 silly reify   '/Users/timothycheng/fd-staging/node_modules/@eslint/core': '/Users/timothycheng/fd-staging/node_modules/@eslint/.core-X9VbUs2Q',
311 silly reify   '/Users/timothycheng/fd-staging/node_modules/@eslint/eslintrc': '/Users/timothycheng/fd-staging/node_modules/@eslint/.eslintrc-t3WvCMIT',
311 silly reify   '/Users/timothycheng/fd-staging/node_modules/@eslint/js': '/Users/timothycheng/fd-staging/node_modules/@eslint/.js-C8HIsbgN',
311 silly reify   '/Users/timothycheng/fd-staging/node_modules/@eslint/object-schema': '/Users/timothycheng/fd-staging/node_modules/@eslint/.object-schema-Rej9yqec',
311 silly reify   '/Users/timothycheng/fd-staging/node_modules/@eslint/plugin-kit': '/Users/timothycheng/fd-staging/node_modules/@eslint/.plugin-kit-Yn5tXMH4',
311 silly reify   '/Users/timothycheng/fd-staging/node_modules/@humanfs/core': '/Users/timothycheng/fd-staging/node_modules/@humanfs/.core-4SlwPbEY',
311 silly reify   '/Users/timothycheng/fd-staging/node_modules/@humanfs/node': '/Users/timothycheng/fd-staging/node_modules/@humanfs/.node-a8DrnqGi',
311 silly reify   '/Users/timothycheng/fd-staging/node_modules/@humanwhocodes/retry': '/Users/timothycheng/fd-staging/node_modules/@humanwhocodes/.retry-hvfqQKs0',
311 silly reify   '/Users/timothycheng/fd-staging/node_modules/@types/estree': '/Users/timothycheng/fd-staging/node_modules/@types/.estree-kwFRrpFV',
311 silly reify   '/Users/timothycheng/fd-staging/node_modules/@types/json-schema': '/Users/timothycheng/fd-staging/node_modules/@types/.json-schema-eqBCI2DC',
311 silly reify   '/Users/timothycheng/fd-staging/node_modules/eslint': '/Users/timothycheng/fd-staging/node_modules/.eslint-BBoOynye',
311 silly reify   '/Users/timothycheng/fd-staging/node_modules/.bin/eslint': '/Users/timothycheng/fd-staging/node_modules/.bin/.eslint-ILRu7OX5',
311 silly reify   '/Users/timothycheng/fd-staging/node_modules/eslint-scope': '/Users/timothycheng/fd-staging/node_modules/.eslint-scope-MO2xVnJ6',
311 silly reify   '/Users/timothycheng/fd-staging/node_modules/eslint-visitor-keys': '/Users/timothycheng/fd-staging/node_modules/.eslint-visitor-keys-bK0ZqHro',
311 silly reify   '/Users/timothycheng/fd-staging/node_modules/espree': '/Users/timothycheng/fd-staging/node_modules/.espree-5Yzl0D32',
311 silly reify   '/Users/timothycheng/fd-staging/node_modules/file-entry-cache': '/Users/timothycheng/fd-staging/node_modules/.file-entry-cache-UrgyZPux',
311 silly reify   '/Users/timothycheng/fd-staging/node_modules/flat-cache': '/Users/timothycheng/fd-staging/node_modules/.flat-cache-2gGLtjEw',
311 silly reify   '/Users/timothycheng/fd-staging/node_modules/globals': '/Users/timothycheng/fd-staging/node_modules/.globals-f40Vsy91'
311 silly reify }
312 silly audit bulk request {
312 silly audit   '@alloc/quick-lru': [ '5.2.0' ],
312 silly audit   '@emotion/is-prop-valid': [ '0.8.8' ],
312 silly audit   '@emotion/memoize': [ '0.7.4' ],
312 silly audit   '@eslint-community/eslint-utils': [ '4.9.0' ],
312 silly audit   'eslint-visitor-keys': [ '3.4.3' ],
312 silly audit   '@eslint-community/regexpp': [ '4.12.2' ],
312 silly audit   '@humanwhocodes/module-importer': [ '1.0.1' ],
312 silly audit   '@jridgewell/gen-mapping': [ '0.3.13' ],
312 silly audit   '@jridgewell/resolve-uri': [ '3.1.2' ],
312 silly audit   '@jridgewell/sourcemap-codec': [ '1.5.5' ],
312 silly audit   '@jridgewell/trace-mapping': [ '0.3.31' ],
312 silly audit   '@next/env': [ '14.1.0' ],
312 silly audit   '@next/swc-darwin-arm64': [ '14.1.0' ],
312 silly audit   '@next/swc-darwin-x64': [ '14.1.0' ],
312 silly audit   '@next/swc-linux-arm64-gnu': [ '14.1.0' ],
312 silly audit   '@next/swc-linux-arm64-musl': [ '14.1.0' ],
312 silly audit   '@next/swc-linux-x64-gnu': [ '14.1.0' ],
312 silly audit   '@next/swc-linux-x64-musl': [ '14.1.0' ],
312 silly audit   '@next/swc-win32-arm64-msvc': [ '14.1.0' ],
312 silly audit   '@next/swc-win32-ia32-msvc': [ '14.1.0' ],
312 silly audit   '@next/swc-win32-x64-msvc': [ '14.1.0' ],
312 silly audit   '@nodelib/fs.scandir': [ '2.1.5' ],
312 silly audit   '@nodelib/fs.stat': [ '2.0.5' ],
312 silly audit   '@nodelib/fs.walk': [ '1.2.8' ],
312 silly audit   '@swc/helpers': [ '0.5.2' ],
312 silly audit   'ansi-styles': [ '4.3.0' ],
312 silly audit   'any-promise': [ '1.3.0' ],
312 silly audit   anymatch: [ '3.1.3' ],
312 silly audit   arg: [ '5.0.2' ],
312 silly audit   autoprefixer: [ '10.4.16' ],
312 silly audit   'baseline-browser-mapping': [ '2.9.5' ],
312 silly audit   'binary-extensions': [ '2.3.0' ],
312 silly audit   braces: [ '3.0.3' ],
312 silly audit   browserslist: [ '4.28.1' ],
312 silly audit   busboy: [ '1.6.0' ],
312 silly audit   'camelcase-css': [ '2.0.1' ],
312 silly audit   'caniuse-lite': [ '1.0.30001759' ],
312 silly audit   chalk: [ '4.1.2' ],
312 silly audit   chokidar: [ '3.6.0' ],
312 silly audit   'glob-parent': [ '5.1.2', '6.0.2' ],
312 silly audit   'client-only': [ '0.0.1' ],
312 silly audit   'color-convert': [ '2.0.1' ],
312 silly audit   'color-name': [ '1.1.4' ],
312 silly audit   commander: [ '4.1.1' ],
312 silly audit   'cross-spawn': [ '7.0.6' ],
312 silly audit   cssesc: [ '3.0.0' ],
312 silly audit   'deep-is': [ '0.1.4' ],
312 silly audit   didyoumean: [ '1.2.2' ],
312 silly audit   dlv: [ '1.1.3' ],
312 silly audit   'electron-to-chromium': [ '1.5.267' ],
312 silly audit   escalade: [ '3.2.0' ],
312 silly audit   'escape-string-regexp': [ '4.0.0' ],
312 silly audit   esquery: [ '1.6.0' ],
312 silly audit   estraverse: [ '5.3.0' ],
312 silly audit   esutils: [ '2.0.3' ],
312 silly audit   'fast-glob': [ '3.3.3' ],
312 silly audit   'fast-levenshtein': [ '2.0.6' ],
312 silly audit   fastq: [ '1.19.1' ],
312 silly audit   'fill-range': [ '7.1.1' ],
312 silly audit   'find-up': [ '5.0.0' ],
312 silly audit   'fraction.js': [ '4.3.7' ],
312 silly audit   'framer-motion': [ '11.0.3' ],
312 silly audit   fsevents: [ '2.3.3' ],
312 silly audit   'function-bind': [ '1.1.2' ],
312 silly audit   'graceful-fs': [ '4.2.11' ],
312 silly audit   'has-flag': [ '4.0.0' ],
312 silly audit   hasown: [ '2.0.2' ],
312 silly audit   imurmurhash: [ '0.1.4' ],
312 silly audit   'is-binary-path': [ '2.1.0' ],
312 silly audit   'is-core-module': [ '2.16.1' ],
312 silly audit   'is-extglob': [ '2.1.1' ],
312 silly audit   'is-glob': [ '4.0.3' ],
312 silly audit   'is-number': [ '7.0.0' ],
312 silly audit   isexe: [ '2.0.0' ],
312 silly audit   jiti: [ '1.21.7' ],
312 silly audit   'js-tokens': [ '4.0.0' ],
312 silly audit   'json-stable-stringify-without-jsonify': [ '1.0.1' ],
312 silly audit   levn: [ '0.4.1' ],
312 silly audit   lilconfig: [ '2.1.0', '3.1.3' ],
312 silly audit   'lines-and-columns': [ '1.2.4' ],
312 silly audit   'locate-path': [ '6.0.0' ],
312 silly audit   'lodash.merge': [ '4.6.2' ],
312 silly audit   'loose-envify': [ '1.4.0' ],
312 silly audit   merge2: [ '1.4.1' ],
312 silly audit   micromatch: [ '4.0.8' ],
312 silly audit   mz: [ '2.7.0' ],
312 silly audit   nanoid: [ '3.3.11' ],
312 silly audit   'natural-compare': [ '1.4.0' ],
312 silly audit   next: [ '14.1.0' ],
312 silly audit   postcss: [ '8.4.31', '8.4.33' ],
312 silly audit   'node-releases': [ '2.0.27' ],
312 silly audit   'normalize-path': [ '3.0.0' ],
312 silly audit   'normalize-range': [ '0.1.2' ],
312 silly audit   'object-assign': [ '4.1.1' ],
312 silly audit   'object-hash': [ '3.0.0' ],
312 silly audit   optionator: [ '0.9.4' ],
312 silly audit   'p-limit': [ '3.1.0' ],
312 silly audit   'p-locate': [ '5.0.0' ],
312 silly audit   'path-exists': [ '4.0.0' ],
312 silly audit   'path-key': [ '3.1.1' ],
312 silly audit   'path-parse': [ '1.0.7' ],
312 silly audit   picocolors: [ '1.1.1' ],
312 silly audit   picomatch: [ '2.3.1', '4.0.3' ],
312 silly audit   pify: [ '2.3.0' ],
312 silly audit   pirates: [ '4.0.7' ],
312 silly audit   'postcss-import': [ '15.1.0' ],
312 silly audit   'postcss-js': [ '4.1.0' ],
312 silly audit   'postcss-nested': [ '6.2.0' ],
312 silly audit   'postcss-selector-parser': [ '6.1.2' ],
312 silly audit   'postcss-value-parser': [ '4.2.0' ],
312 silly audit   'prelude-ls': [ '1.2.1' ],
312 silly audit   'queue-microtask': [ '1.2.3' ],
312 silly audit   react: [ '18.2.0' ],
312 silly audit   'react-dom': [ '18.2.0' ],
312 silly audit   'read-cache': [ '1.0.0' ],
312 silly audit   readdirp: [ '3.6.0' ],
312 silly audit   resolve: [ '1.22.11' ],
312 silly audit   reusify: [ '1.1.0' ],
312 silly audit   'run-parallel': [ '1.2.0' ],
312 silly audit   scheduler: [ '0.23.2' ],
312 silly audit   'shebang-command': [ '2.0.0' ],
312 silly audit   'shebang-regex': [ '3.0.0' ],
312 silly audit   'source-map-js': [ '1.2.1' ],
312 silly audit   streamsearch: [ '1.1.0' ],
312 silly audit   'styled-jsx': [ '5.1.1' ],
312 silly audit   sucrase: [ '3.35.1' ],
312 silly audit   'supports-color': [ '7.2.0' ],
312 silly audit   'supports-preserve-symlinks-flag': [ '1.0.0' ],
312 silly audit   tailwindcss: [ '3.4.1' ],
312 silly audit   'postcss-load-config': [ '4.0.2' ],
312 silly audit   thenify: [ '3.3.1' ],
312 silly audit   'thenify-all': [ '1.6.0' ],
312 silly audit   tinyglobby: [ '0.2.15' ],
312 silly audit   fdir: [ '6.5.0' ],
312 silly audit   'to-regex-range': [ '5.0.1' ],
312 silly audit   'ts-interface-checker': [ '0.1.13' ],
312 silly audit   tslib: [ '2.8.1' ],
312 silly audit   'type-check': [ '0.4.0' ],
312 silly audit   'update-browserslist-db': [ '1.2.2' ],
312 silly audit   'util-deprecate': [ '1.0.2' ],
312 silly audit   which: [ '2.0.2' ],
312 silly audit   'word-wrap': [ '1.2.5' ],
312 silly audit   yaml: [ '2.8.2' ],
312 silly audit   'yocto-queue': [ '0.1.0' ],
312 silly audit   eslint: [ '8.57.0' ],
312 silly audit   '@eslint/eslintrc': [ '2.1.4' ],
312 silly audit   '@eslint/js': [ '8.57.0' ],
312 silly audit   '@humanwhocodes/config-array': [ '0.11.14' ],
312 silly audit   '@ungap/structured-clone': [ '1.3.0' ],
312 silly audit   ajv: [ '6.12.6' ],
312 silly audit   debug: [ '4.4.3' ],
312 silly audit   doctrine: [ '3.0.0' ],
312 silly audit   'eslint-scope': [ '7.2.2' ],
312 silly audit   espree: [ '9.6.1' ],
312 silly audit   'fast-deep-equal': [ '3.1.3' ],
312 silly audit   'file-entry-cache': [ '6.0.1' ],
312 silly audit   globals: [ '13.24.0' ],
312 silly audit   graphemer: [ '1.4.0' ],
312 silly audit   ignore: [ '5.3.2' ],
312 silly audit   'is-path-inside': [ '3.0.3' ],
312 silly audit   'js-yaml': [ '4.1.1' ],
312 silly audit   minimatch: [ '3.1.2' ],
312 silly audit   'strip-ansi': [ '6.0.1' ],
312 silly audit   'text-table': [ '0.2.0' ],
312 silly audit   'import-fresh': [ '3.3.1' ],
312 silly audit   'strip-json-comments': [ '3.1.1' ],
312 silly audit   '@humanwhocodes/object-schema': [ '2.0.3' ],
312 silly audit   'fast-json-stable-stringify': [ '2.1.0' ],
312 silly audit   'json-schema-traverse': [ '0.4.1' ],
312 silly audit   'uri-js': [ '4.4.1' ],
312 silly audit   ms: [ '2.1.3' ],
312 silly audit   esrecurse: [ '4.3.0' ],
312 silly audit   acorn: [ '8.15.0' ],
312 silly audit   'acorn-jsx': [ '5.3.2' ],
312 silly audit   'flat-cache': [ '3.2.0' ],
312 silly audit   flatted: [ '3.3.3' ],
312 silly audit   keyv: [ '4.5.4' ],
312 silly audit   rimraf: [ '3.0.2' ],
312 silly audit   'type-fest': [ '0.20.2' ],
312 silly audit   'parent-module': [ '1.0.1' ],
312 silly audit   'resolve-from': [ '4.0.0' ],
312 silly audit   argparse: [ '2.0.1' ],
312 silly audit   'json-buffer': [ '3.0.1' ],
312 silly audit   'brace-expansion': [ '1.1.12' ],
312 silly audit   'balanced-match': [ '1.0.2' ],
312 silly audit   'concat-map': [ '0.0.1' ],
312 silly audit   callsites: [ '3.1.0' ],
312 silly audit   glob: [ '7.2.3' ],
312 silly audit   'fs.realpath': [ '1.0.0' ],
312 silly audit   inflight: [ '1.0.6' ],
312 silly audit   inherits: [ '2.0.4' ],
312 silly audit   once: [ '1.4.0' ],
312 silly audit   'path-is-absolute': [ '1.0.1' ],
312 silly audit   wrappy: [ '1.0.2' ],
312 silly audit   'ansi-regex': [ '5.0.1' ],
312 silly audit   punycode: [ '2.3.1' ]
312 silly audit }
313 http cache ansi-regex@https://registry.npmjs.org/ansi-regex/-/ansi-regex-5.0.1.tgz 0ms (cache hit)
314 http cache wrappy@https://registry.npmjs.org/wrappy/-/wrappy-1.0.2.tgz 0ms (cache hit)
315 http cache path-is-absolute@https://registry.npmjs.org/path-is-absolute/-/path-is-absolute-1.0.1.tgz 0ms (cache hit)
316 http cache once@https://registry.npmjs.org/once/-/once-1.4.0.tgz 0ms (cache hit)
317 http cache inherits@https://registry.npmjs.org/inherits/-/inherits-2.0.4.tgz 0ms (cache hit)
318 http cache inflight@https://registry.npmjs.org/inflight/-/inflight-1.0.6.tgz 0ms (cache hit)
319 http cache fs.realpath@https://registry.npmjs.org/fs.realpath/-/fs.realpath-1.0.0.tgz 0ms (cache hit)
320 http cache glob@https://registry.npmjs.org/glob/-/glob-7.2.3.tgz 0ms (cache hit)
321 http cache type-fest@https://registry.npmjs.org/type-fest/-/type-fest-0.20.2.tgz 0ms (cache hit)
322 http cache rimraf@https://registry.npmjs.org/rimraf/-/rimraf-3.0.2.tgz 0ms (cache hit)
323 http cache @humanwhocodes/object-schema@https://registry.npmjs.org/@humanwhocodes/object-schema/-/object-schema-2.0.3.tgz 0ms (cache hit)
324 http cache text-table@https://registry.npmjs.org/text-table/-/text-table-0.2.0.tgz 0ms (cache hit)
325 http cache is-path-inside@https://registry.npmjs.org/is-path-inside/-/is-path-inside-3.0.3.tgz 0ms (cache hit)
326 http cache strip-ansi@https://registry.npmjs.org/strip-ansi/-/strip-ansi-6.0.1.tgz 0ms (cache hit)
327 http cache graphemer@https://registry.npmjs.org/graphemer/-/graphemer-1.4.0.tgz 0ms (cache hit)
328 http cache doctrine@https://registry.npmjs.org/doctrine/-/doctrine-3.0.0.tgz 0ms (cache hit)
329 http cache @ungap/structured-clone@https://registry.npmjs.org/@ungap/structured-clone/-/structured-clone-1.3.0.tgz 0ms (cache hit)
330 http cache globals@https://registry.npmjs.org/globals/-/globals-13.24.0.tgz 0ms (cache hit)
331 http cache flat-cache@https://registry.npmjs.org/flat-cache/-/flat-cache-3.2.0.tgz 0ms (cache hit)
332 http cache @humanwhocodes/config-array@https://registry.npmjs.org/@humanwhocodes/config-array/-/config-array-0.11.14.tgz 0ms (cache hit)
333 http cache file-entry-cache@https://registry.npmjs.org/file-entry-cache/-/file-entry-cache-6.0.1.tgz 0ms (cache hit)
334 http cache espree@https://registry.npmjs.org/espree/-/espree-9.6.1.tgz 0ms (cache hit)
335 http cache eslint-visitor-keys@https://registry.npmjs.org/eslint-visitor-keys/-/eslint-visitor-keys-3.4.3.tgz 0ms (cache hit)
336 http cache eslint-scope@https://registry.npmjs.org/eslint-scope/-/eslint-scope-7.2.2.tgz 0ms (cache hit)
337 http cache eslint@https://registry.npmjs.org/eslint/-/eslint-8.57.0.tgz 0ms (cache hit)
338 http cache @eslint/js@https://registry.npmjs.org/@eslint/js/-/js-8.57.0.tgz 0ms (cache hit)
339 http cache @eslint/eslintrc@https://registry.npmjs.org/@eslint/eslintrc/-/eslintrc-2.1.4.tgz 0ms (cache hit)
340 silly tarball no local data for ansi-regex@https://registry.npmjs.org/ansi-regex/-/ansi-regex-5.0.1.tgz. Extracting by manifest.
341 silly tarball no local data for wrappy@https://registry.npmjs.org/wrappy/-/wrappy-1.0.2.tgz. Extracting by manifest.
342 silly tarball no local data for path-is-absolute@https://registry.npmjs.org/path-is-absolute/-/path-is-absolute-1.0.1.tgz. Extracting by manifest.
343 silly tarball no local data for once@https://registry.npmjs.org/once/-/once-1.4.0.tgz. Extracting by manifest.
344 silly tarball no local data for inherits@https://registry.npmjs.org/inherits/-/inherits-2.0.4.tgz. Extracting by manifest.
345 silly tarball no local data for inflight@https://registry.npmjs.org/inflight/-/inflight-1.0.6.tgz. Extracting by manifest.
346 silly tarball no local data for fs.realpath@https://registry.npmjs.org/fs.realpath/-/fs.realpath-1.0.0.tgz. Extracting by manifest.
347 silly tarball no local data for glob@https://registry.npmjs.org/glob/-/glob-7.2.3.tgz. Extracting by manifest.
348 silly tarball no local data for type-fest@https://registry.npmjs.org/type-fest/-/type-fest-0.20.2.tgz. Extracting by manifest.
349 silly tarball no local data for rimraf@https://registry.npmjs.org/rimraf/-/rimraf-3.0.2.tgz. Extracting by manifest.
350 silly tarball no local data for @humanwhocodes/object-schema@https://registry.npmjs.org/@humanwhocodes/object-schema/-/object-schema-2.0.3.tgz. Extracting by manifest.
351 silly tarball no local data for text-table@https://registry.npmjs.org/text-table/-/text-table-0.2.0.tgz. Extracting by manifest.
352 silly tarball no local data for is-path-inside@https://registry.npmjs.org/is-path-inside/-/is-path-inside-3.0.3.tgz. Extracting by manifest.
353 silly tarball no local data for strip-ansi@https://registry.npmjs.org/strip-ansi/-/strip-ansi-6.0.1.tgz. Extracting by manifest.
354 silly tarball no local data for graphemer@https://registry.npmjs.org/graphemer/-/graphemer-1.4.0.tgz. Extracting by manifest.
355 silly tarball no local data for doctrine@https://registry.npmjs.org/doctrine/-/doctrine-3.0.0.tgz. Extracting by manifest.
356 silly tarball no local data for @ungap/structured-clone@https://registry.npmjs.org/@ungap/structured-clone/-/structured-clone-1.3.0.tgz. Extracting by manifest.
357 silly tarball no local data for globals@https://registry.npmjs.org/globals/-/globals-13.24.0.tgz. Extracting by manifest.
358 silly tarball no local data for flat-cache@https://registry.npmjs.org/flat-cache/-/flat-cache-3.2.0.tgz. Extracting by manifest.
359 silly tarball no local data for @humanwhocodes/config-array@https://registry.npmjs.org/@humanwhocodes/config-array/-/config-array-0.11.14.tgz. Extracting by manifest.
360 silly tarball no local data for file-entry-cache@https://registry.npmjs.org/file-entry-cache/-/file-entry-cache-6.0.1.tgz. Extracting by manifest.
361 silly tarball no local data for espree@https://registry.npmjs.org/espree/-/espree-9.6.1.tgz. Extracting by manifest.
362 silly tarball no local data for eslint-scope@https://registry.npmjs.org/eslint-scope/-/eslint-scope-7.2.2.tgz. Extracting by manifest.
363 silly tarball no local data for eslint@https://registry.npmjs.org/eslint/-/eslint-8.57.0.tgz. Extracting by manifest.
364 silly tarball no local data for @eslint/js@https://registry.npmjs.org/@eslint/js/-/js-8.57.0.tgz. Extracting by manifest.
365 silly tarball no local data for @eslint/eslintrc@https://registry.npmjs.org/@eslint/eslintrc/-/eslintrc-2.1.4.tgz. Extracting by manifest.
366 http fetch POST 200 https://registry.npmjs.org/-/npm/v1/security/advisories/bulk 199ms
367 silly audit report {
367 silly audit report   next: [
367 silly audit report     {
367 silly audit report       id: 1099638,
367 silly audit report       url: 'https://github.com/advisories/GHSA-gp8f-8m3g-qvj9',
367 silly audit report       title: 'Next.js Cache Poisoning',
367 silly audit report       severity: 'high',
367 silly audit report       vulnerable_versions: '>=14.0.0 <14.2.10',
367 silly audit report       cwe: [Array],
367 silly audit report       cvss: [Object]
367 silly audit report     },
367 silly audit report     {
367 silly audit report       id: 1100421,
367 silly audit report       url: 'https://github.com/advisories/GHSA-g77x-44xx-532m',
367 silly audit report       title: 'Denial of Service condition in Next.js image optimization',
367 silly audit report       severity: 'moderate',
367 silly audit report       vulnerable_versions: '>=10.0.0 <14.2.7',
367 silly audit report       cwe: [Array],
367 silly audit report       cvss: [Object]
367 silly audit report     },
367 silly audit report     {
367 silly audit report       id: 1101438,
367 silly audit report       url: 'https://github.com/advisories/GHSA-7m27-7ghc-44w9',
367 silly audit report       title: 'Next.js Allows a Denial of Service (DoS) with Server Actions',
367 silly audit report       severity: 'moderate',
367 silly audit report       vulnerable_versions: '>=14.0.0 <14.2.21',
367 silly audit report       cwe: [Array],
367 silly audit report       cvss: [Object]
367 silly audit report     },
367 silly audit report     {
367 silly audit report       id: 1105461,
367 silly audit report       url: 'https://github.com/advisories/GHSA-3h52-269p-cp9r',
367 silly audit report       title: 'Information exposure in Next.js dev server due to lack of origin verification',
367 silly audit report       severity: 'low',
367 silly audit report       vulnerable_versions: '>=13.0 <14.2.30',
367 silly audit report       cwe: [Array],
367 silly audit report       cvss: [Object]
367 silly audit report     },
367 silly audit report     {
367 silly audit report       id: 1111391,
367 silly audit report       url: 'https://github.com/advisories/GHSA-mwv6-3258-q52c',
367 silly audit report       title: 'Next Vulnerable to Denial of Service with Server Components',
367 silly audit report       severity: 'high',
367 silly audit report       vulnerable_versions: '>=13.3.0 <14.2.34',
367 silly audit report       cwe: [Array],
367 silly audit report       cvss: [Object]
367 silly audit report     },
367 silly audit report     {
367 silly audit report       id: 1111461,
367 silly audit report       url: 'https://github.com/advisories/GHSA-5j59-xgg2-r9c4',
367 silly audit report       title: 'Next has a Denial of Service with Server Components - Incomplete Fix Follow-Up',
367 silly audit report       severity: 'high',
367 silly audit report       vulnerable_versions: '>=13.3.1-canary.0 <14.2.35',
367 silly audit report       cwe: [Array],
367 silly audit report       cvss: [Object]
367 silly audit report     },
367 silly audit report     {
367 silly audit report       id: 1107226,
367 silly audit report       url: 'https://github.com/advisories/GHSA-g5qg-72qw-gw5v',
367 silly audit report       title: 'Next.js Affected by Cache Key Confusion for Image Optimization API Routes',
367 silly audit report       severity: 'moderate',
367 silly audit report       vulnerable_versions: '>=0.9.9 <14.2.31',
367 silly audit report       cwe: [Array],
367 silly audit report       cvss: [Object]
367 silly audit report     },
367 silly audit report     {
367 silly audit report       id: 1107420,
367 silly audit report       url: 'https://github.com/advisories/GHSA-7gfc-8cq8-jh5f',
367 silly audit report       title: 'Next.js authorization bypass vulnerability',
367 silly audit report       severity: 'high',
367 silly audit report       vulnerable_versions: '>=9.5.5 <14.2.15',
367 silly audit report       cwe: [Array],
367 silly audit report       cvss: [Object]
367 silly audit report     },
367 silly audit report     {
367 silly audit report       id: 1107512,
367 silly audit report       url: 'https://github.com/advisories/GHSA-4342-x723-ch2f',
367 silly audit report       title: 'Next.js Improper Middleware Redirect Handling Leads to SSRF',
367 silly audit report       severity: 'moderate',
367 silly audit report       vulnerable_versions: '>=0.9.9 <14.2.32',
367 silly audit report       cwe: [Array],
367 silly audit report       cvss: [Object]
367 silly audit report     },
367 silly audit report     {
367 silly audit report       id: 1107513,
367 silly audit report       url: 'https://github.com/advisories/GHSA-xv57-4mr9-wg8v',
367 silly audit report       title: 'Next.js Content Injection Vulnerability for Image Optimization',
367 silly audit report       severity: 'moderate',
367 silly audit report       vulnerable_versions: '>=0.9.9 <14.2.31',
367 silly audit report       cwe: [Array],
367 silly audit report       cvss: [Object]
367 silly audit report     },
367 silly audit report     {
367 silly audit report       id: 1108291,
367 silly audit report       url: 'https://github.com/advisories/GHSA-qpjv-v59x-3qc4',
367 silly audit report       title: 'Next.js Race Condition to Cache Poisoning',
367 silly audit report       severity: 'low',
367 silly audit report       vulnerable_versions: '>=0.9.9 <14.2.24',
367 silly audit report       cwe: [Array],
367 silly audit report       cvss: [Object]
367 silly audit report     },
367 silly audit report     {
367 silly audit report       id: 1108953,
367 silly audit report       url: 'https://github.com/advisories/GHSA-f82v-jwr5-mffw',
367 silly audit report       title: 'Authorization Bypass in Next.js Middleware',
367 silly audit report       severity: 'critical',
367 silly audit report       vulnerable_versions: '>=14.0.0 <14.2.25',
367 silly audit report       cwe: [Array],
367 silly audit report       cvss: [Object]
367 silly audit report     },
367 silly audit report     {
367 silly audit report       id: 1097295,
367 silly audit report       url: 'https://github.com/advisories/GHSA-fr5h-rqp8-mj6g',
367 silly audit report       title: 'Next.js Server-Side Request Forgery in Server Actions',
367 silly audit report       severity: 'high',
367 silly audit report       vulnerable_versions: '>=13.4.0 <14.1.1',
367 silly audit report       cwe: [Array],
367 silly audit report       cvss: [Object]
367 silly audit report     }
367 silly audit report   ]
367 silly audit report }
368 silly packumentCache corgi:https://registry.npmjs.org/next cache-miss
369 http fetch GET 200 https://registry.npmjs.org/ansi-regex/-/ansi-regex-5.0.1.tgz 700ms (cache miss)
370 http fetch GET 200 https://registry.npmjs.org/wrappy/-/wrappy-1.0.2.tgz 739ms (cache miss)
371 http fetch GET 200 https://registry.npmjs.org/globals/-/globals-13.24.0.tgz 734ms (cache miss)
372 http fetch GET 200 https://registry.npmjs.org/once/-/once-1.4.0.tgz 758ms (cache miss)
373 http fetch GET 200 https://registry.npmjs.org/inflight/-/inflight-1.0.6.tgz 760ms (cache miss)
374 warn deprecated inflight@1.0.6: This module is not supported, and leaks memory. Do not use it. Check out lru-cache if you want a good and tested way to coalesce async requests by a key value, which is much more comprehensive and powerful.
375 http fetch GET 200 https://registry.npmjs.org/flat-cache/-/flat-cache-3.2.0.tgz 740ms (cache miss)
376 http fetch GET 200 https://registry.npmjs.org/inherits/-/inherits-2.0.4.tgz 778ms (cache miss)
377 http fetch GET 200 https://registry.npmjs.org/@humanwhocodes/config-array/-/config-array-0.11.14.tgz 751ms (cache miss)
378 warn deprecated @humanwhocodes/config-array@0.11.14: Use @eslint/config-array instead
379 http fetch GET 200 https://registry.npmjs.org/is-path-inside/-/is-path-inside-3.0.3.tgz 794ms (cache miss)
380 http fetch GET 200 https://registry.npmjs.org/strip-ansi/-/strip-ansi-6.0.1.tgz 848ms (cache miss)
381 http fetch GET 200 https://registry.npmjs.org/path-is-absolute/-/path-is-absolute-1.0.1.tgz 878ms (cache miss)
382 http fetch GET 200 https://registry.npmjs.org/file-entry-cache/-/file-entry-cache-6.0.1.tgz 857ms (cache miss)
383 http fetch GET 200 https://registry.npmjs.org/rimraf/-/rimraf-3.0.2.tgz 905ms (cache miss)
384 warn deprecated rimraf@3.0.2: Rimraf versions prior to v4 are no longer supported
385 http fetch GET 200 https://registry.npmjs.org/fs.realpath/-/fs.realpath-1.0.0.tgz 911ms (cache miss)
386 http fetch GET 200 https://registry.npmjs.org/doctrine/-/doctrine-3.0.0.tgz 905ms (cache miss)
387 http fetch GET 200 https://registry.npmjs.org/@eslint/js/-/js-8.57.0.tgz 873ms (cache miss)
388 http fetch GET 200 https://registry.npmjs.org/@humanwhocodes/object-schema/-/object-schema-2.0.3.tgz 934ms (cache miss)
389 warn deprecated @humanwhocodes/object-schema@2.0.3: Use @eslint/object-schema instead
390 http fetch GET 200 https://registry.npmjs.org/next 890ms (cache revalidated)
391 silly packumentCache corgi:https://registry.npmjs.org/next set size:23040026 disposed:false
392 http fetch GET 200 https://registry.npmjs.org/espree/-/espree-9.6.1.tgz 3202ms (cache miss)
393 http fetch GET 200 https://registry.npmjs.org/glob/-/glob-7.2.3.tgz 3245ms (cache miss)
394 warn deprecated glob@7.2.3: Glob versions prior to v9 are no longer supported
395 http fetch GET 200 https://registry.npmjs.org/text-table/-/text-table-0.2.0.tgz 3250ms (cache miss)
396 http fetch GET 200 https://registry.npmjs.org/@ungap/structured-clone/-/structured-clone-1.3.0.tgz 3242ms (cache miss)
397 http fetch GET 200 https://registry.npmjs.org/eslint-scope/-/eslint-scope-7.2.2.tgz 3266ms (cache miss)
398 http fetch GET 200 https://registry.npmjs.org/graphemer/-/graphemer-1.4.0.tgz 3566ms (cache miss)
399 http fetch GET 200 https://registry.npmjs.org/type-fest/-/type-fest-0.20.2.tgz 3665ms (cache miss)
400 http fetch GET 200 https://registry.npmjs.org/@eslint/eslintrc/-/eslintrc-2.1.4.tgz 3637ms (cache miss)
401 http fetch GET 200 https://registry.npmjs.org/eslint/-/eslint-8.57.0.tgz 4455ms (cache miss)
402 warn deprecated eslint@8.57.0: This version is no longer supported. Please see https://eslint.org/version-support for other options.
403 silly ADD node_modules/ansi-regex
404 silly ADD node_modules/wrappy
405 silly ADD node_modules/path-is-absolute
406 silly ADD node_modules/once
407 silly ADD node_modules/inherits
408 silly ADD node_modules/inflight
409 silly ADD node_modules/fs.realpath
410 silly ADD node_modules/glob
411 silly ADD node_modules/type-fest
412 silly ADD node_modules/rimraf
413 silly ADD node_modules/@humanwhocodes/object-schema
414 silly ADD node_modules/text-table
415 silly ADD node_modules/strip-ansi
416 silly ADD node_modules/is-path-inside
417 silly ADD node_modules/graphemer
418 silly ADD node_modules/doctrine
419 silly ADD node_modules/@ungap/structured-clone
420 silly ADD node_modules/@humanwhocodes/config-array
421 silly CHANGE node_modules/globals
422 silly CHANGE node_modules/flat-cache
423 silly CHANGE node_modules/file-entry-cache
424 silly CHANGE node_modules/espree
425 silly CHANGE node_modules/eslint-visitor-keys
426 silly CHANGE node_modules/eslint-scope
427 silly CHANGE node_modules/eslint
428 silly REMOVE node_modules/@types/json-schema
429 silly REMOVE node_modules/@types/estree
430 silly REMOVE node_modules/@humanwhocodes/retry
431 silly REMOVE node_modules/@humanfs/node
432 silly REMOVE node_modules/@humanfs/core
433 silly REMOVE node_modules/@eslint/plugin-kit
434 silly REMOVE node_modules/@eslint/object-schema
435 silly CHANGE node_modules/@eslint/js
436 silly CHANGE node_modules/@eslint/eslintrc
437 silly REMOVE node_modules/@eslint/core
438 silly REMOVE node_modules/@eslint/config-helpers
439 silly REMOVE node_modules/@eslint/config-array
440 silly REMOVE node_modules/@eslint-community/eslint-utils/node_modules/eslint-visitor-keys
441 verbose cwd /Users/timothycheng/fd-staging
442 verbose os Darwin 23.6.0
443 verbose node v20.19.0
444 verbose npm  v11.7.0
445 verbose exit 0
446 info ok
