0 verbose cli /Users/timothycheng/.nvm/versions/node/v20.19.0/bin/node /Users/timothycheng/.nvm/versions/node/v20.19.0/bin/npm
1 info using npm@11.7.0
2 info using node@v20.19.0
3 silly config load:file:/Users/timothycheng/.nvm/versions/node/v20.19.0/lib/node_modules/npm/npmrc
4 silly config load:file:/Users/timothycheng/fd-staging/.npmrc
5 silly config load:file:/Users/timothycheng/.npmrc
6 silly config load:file:/Users/timothycheng/.nvm/versions/node/v20.19.0/etc/npmrc
7 verbose title npm install eslint
8 verbose argv "install" "--save-dev" "eslint" "--cache" "/Users/timothycheng/fd-staging/.npm-cache"
9 verbose logfile logs-max:10 dir:/Users/timothycheng/fd-staging/.npm-cache/_logs/2025-12-17T02_06_52_853Z-
10 verbose logfile /Users/timothycheng/fd-staging/.npm-cache/_logs/2025-12-17T02_06_52_853Z-debug-0.log
11 silly logfile done cleaning log files
12 silly packumentCache heap:2197815296 maxSize:549453824 maxEntrySize:274726912
13 silly idealTree buildDeps
14 silly fetch manifest eslint@*
15 silly packumentCache full:https://registry.npmjs.org/eslint cache-miss
16 http fetch GET 200 https://registry.npmjs.org/eslint 604ms (cache miss)
17 silly packumentCache full:https://registry.npmjs.org/eslint set size:undefined disposed:false
18 silly fetch manifest jiti@*
19 silly packumentCache full:https://registry.npmjs.org/jiti cache-miss
20 http fetch GET 200 https://registry.npmjs.org/jiti 77ms (cache miss)
21 silly packumentCache full:https://registry.npmjs.org/jiti set size:undefined disposed:false
22 silly placeDep ROOT eslint@9.39.2 OK for: fd-staging-elite@1.0.0 want: *
23 silly fetch manifest @eslint-community/eslint-utils@^4.8.0
24 silly packumentCache full:https://registry.npmjs.org/@eslint-community%2feslint-utils cache-miss
25 silly fetch manifest @eslint-community/regexpp@^4.12.1
26 silly packumentCache full:https://registry.npmjs.org/@eslint-community%2fregexpp cache-miss
27 silly fetch manifest @eslint/config-array@^0.21.1
28 silly packumentCache full:https://registry.npmjs.org/@eslint%2fconfig-array cache-miss
29 http fetch GET 200 https://registry.npmjs.org/@eslint-community%2feslint-utils 107ms (cache miss)
30 silly packumentCache full:https://registry.npmjs.org/@eslint-community%2feslint-utils set size:undefined disposed:false
31 silly fetch manifest @eslint/config-helpers@^0.4.2
32 silly packumentCache full:https://registry.npmjs.org/@eslint%2fconfig-helpers cache-miss
33 http fetch GET 200 https://registry.npmjs.org/@eslint-community%2fregexpp 159ms (cache miss)
34 silly packumentCache full:https://registry.npmjs.org/@eslint-community%2fregexpp set size:undefined disposed:false
35 silly fetch manifest @eslint/core@^0.17.0
36 silly packumentCache full:https://registry.npmjs.org/@eslint%2fcore cache-miss
37 http fetch GET 200 https://registry.npmjs.org/@eslint%2fconfig-array 220ms (cache miss)
38 silly packumentCache full:https://registry.npmjs.org/@eslint%2fconfig-array set size:undefined disposed:false
39 silly fetch manifest @eslint/eslintrc@^3.3.1
40 silly packumentCache full:https://registry.npmjs.org/@eslint%2feslintrc cache-miss
41 http fetch GET 200 https://registry.npmjs.org/@eslint%2fconfig-helpers 144ms (cache miss)
42 silly packumentCache full:https://registry.npmjs.org/@eslint%2fconfig-helpers set size:undefined disposed:false
43 silly fetch manifest @eslint/js@9.39.2
44 silly packumentCache full:https://registry.npmjs.org/@eslint%2fjs cache-miss
45 http fetch GET 200 https://registry.npmjs.org/@eslint%2fcore 116ms (cache miss)
46 silly packumentCache full:https://registry.npmjs.org/@eslint%2fcore set size:undefined disposed:false
47 silly fetch manifest @eslint/plugin-kit@^0.4.1
48 silly packumentCache full:https://registry.npmjs.org/@eslint%2fplugin-kit cache-miss
49 http fetch GET 200 https://registry.npmjs.org/@eslint%2feslintrc 76ms (cache miss)
50 silly packumentCache full:https://registry.npmjs.org/@eslint%2feslintrc set size:undefined disposed:false
51 silly fetch manifest @humanfs/node@^0.16.6
52 silly packumentCache full:https://registry.npmjs.org/@humanfs%2fnode cache-miss
53 http fetch GET 200 https://registry.npmjs.org/@humanfs%2fnode 79ms (cache miss)
54 silly packumentCache full:https://registry.npmjs.org/@humanfs%2fnode set size:undefined disposed:false
55 silly fetch manifest @humanwhocodes/module-importer@^1.0.1
56 silly packumentCache full:https://registry.npmjs.org/@humanwhocodes%2fmodule-importer cache-miss
57 http fetch GET 200 https://registry.npmjs.org/@eslint%2fjs 150ms (cache miss)
58 silly packumentCache full:https://registry.npmjs.org/@eslint%2fjs set size:undefined disposed:false
59 silly fetch manifest @humanwhocodes/retry@^0.4.2
60 silly packumentCache full:https://registry.npmjs.org/@humanwhocodes%2fretry cache-miss
61 http fetch GET 200 https://registry.npmjs.org/@eslint%2fplugin-kit 129ms (cache miss)
62 silly packumentCache full:https://registry.npmjs.org/@eslint%2fplugin-kit set size:undefined disposed:false
63 silly fetch manifest @types/estree@^1.0.6
64 silly packumentCache full:https://registry.npmjs.org/@types%2festree cache-miss
65 http fetch GET 200 https://registry.npmjs.org/@humanwhocodes%2fmodule-importer 86ms (cache miss)
66 silly packumentCache full:https://registry.npmjs.org/@humanwhocodes%2fmodule-importer set size:undefined disposed:false
67 silly fetch manifest ajv@^6.12.4
68 silly packumentCache full:https://registry.npmjs.org/ajv cache-miss
69 http fetch GET 200 https://registry.npmjs.org/@humanwhocodes%2fretry 117ms (cache miss)
70 silly packumentCache full:https://registry.npmjs.org/@humanwhocodes%2fretry set size:undefined disposed:false
71 silly fetch manifest chalk@^4.0.0
72 silly packumentCache full:https://registry.npmjs.org/chalk cache-miss
73 http fetch GET 200 https://registry.npmjs.org/@types%2festree 118ms (cache miss)
74 silly packumentCache full:https://registry.npmjs.org/@types%2festree set size:undefined disposed:false
75 silly fetch manifest cross-spawn@^7.0.6
76 silly packumentCache full:https://registry.npmjs.org/cross-spawn cache-miss
77 http fetch GET 200 https://registry.npmjs.org/cross-spawn 108ms (cache miss)
78 silly packumentCache full:https://registry.npmjs.org/cross-spawn set size:undefined disposed:false
79 silly fetch manifest debug@^4.3.2
80 silly packumentCache full:https://registry.npmjs.org/debug cache-miss
81 http fetch GET 200 https://registry.npmjs.org/chalk 135ms (cache miss)
82 silly packumentCache full:https://registry.npmjs.org/chalk set size:undefined disposed:false
83 silly fetch manifest escape-string-regexp@^4.0.0
84 silly packumentCache full:https://registry.npmjs.org/escape-string-regexp cache-miss
85 http fetch GET 200 https://registry.npmjs.org/ajv 215ms (cache miss)
86 silly packumentCache full:https://registry.npmjs.org/ajv set size:undefined disposed:false
87 silly fetch manifest eslint-scope@^8.4.0
88 silly packumentCache full:https://registry.npmjs.org/eslint-scope cache-miss
89 http fetch GET 200 https://registry.npmjs.org/escape-string-regexp 133ms (cache miss)
90 silly packumentCache full:https://registry.npmjs.org/escape-string-regexp set size:undefined disposed:false
91 silly fetch manifest eslint-visitor-keys@^4.2.1
92 silly packumentCache full:https://registry.npmjs.org/eslint-visitor-keys cache-miss
93 http fetch GET 200 https://registry.npmjs.org/debug 154ms (cache miss)
94 silly packumentCache full:https://registry.npmjs.org/debug set size:undefined disposed:false
95 silly fetch manifest espree@^10.4.0
96 silly packumentCache full:https://registry.npmjs.org/espree cache-miss
97 http fetch GET 200 https://registry.npmjs.org/eslint-scope 114ms (cache miss)
98 silly packumentCache full:https://registry.npmjs.org/eslint-scope set size:undefined disposed:false
99 silly fetch manifest esquery@^1.5.0
100 silly packumentCache full:https://registry.npmjs.org/esquery cache-miss
101 http fetch GET 200 https://registry.npmjs.org/eslint-visitor-keys 86ms (cache miss)
102 silly packumentCache full:https://registry.npmjs.org/eslint-visitor-keys set size:undefined disposed:false
103 silly fetch manifest esutils@^2.0.2
104 silly packumentCache full:https://registry.npmjs.org/esutils cache-miss
105 http fetch GET 200 https://registry.npmjs.org/espree 79ms (cache miss)
106 silly packumentCache full:https://registry.npmjs.org/espree set size:undefined disposed:false
107 silly fetch manifest fast-deep-equal@^3.1.3
108 silly packumentCache full:https://registry.npmjs.org/fast-deep-equal cache-miss
109 http fetch GET 200 https://registry.npmjs.org/esquery 57ms (cache miss)
110 silly packumentCache full:https://registry.npmjs.org/esquery set size:undefined disposed:false
111 silly fetch manifest file-entry-cache@^8.0.0
112 silly packumentCache full:https://registry.npmjs.org/file-entry-cache cache-miss
113 http fetch GET 200 https://registry.npmjs.org/esutils 52ms (cache miss)
114 silly packumentCache full:https://registry.npmjs.org/esutils set size:undefined disposed:false
115 silly fetch manifest find-up@^5.0.0
116 silly packumentCache full:https://registry.npmjs.org/find-up cache-miss
117 http fetch GET 200 https://registry.npmjs.org/fast-deep-equal 54ms (cache miss)
118 silly packumentCache full:https://registry.npmjs.org/fast-deep-equal set size:undefined disposed:false
119 silly fetch manifest ignore@^5.2.0
120 silly packumentCache full:https://registry.npmjs.org/ignore cache-miss
121 http fetch GET 200 https://registry.npmjs.org/file-entry-cache 58ms (cache miss)
122 silly packumentCache full:https://registry.npmjs.org/file-entry-cache set size:undefined disposed:false
123 silly fetch manifest imurmurhash@^0.1.4
124 silly packumentCache full:https://registry.npmjs.org/imurmurhash cache-miss
125 http fetch GET 200 https://registry.npmjs.org/find-up 75ms (cache miss)
126 silly packumentCache full:https://registry.npmjs.org/find-up set size:undefined disposed:false
127 silly fetch manifest json-stable-stringify-without-jsonify@^1.0.1
128 silly packumentCache full:https://registry.npmjs.org/json-stable-stringify-without-jsonify cache-miss
129 http fetch GET 200 https://registry.npmjs.org/json-stable-stringify-without-jsonify 100ms (cache miss)
130 silly packumentCache full:https://registry.npmjs.org/json-stable-stringify-without-jsonify set size:undefined disposed:false
131 silly fetch manifest lodash.merge@^4.6.2
132 silly packumentCache full:https://registry.npmjs.org/lodash.merge cache-miss
133 http fetch GET 200 https://registry.npmjs.org/imurmurhash 161ms (cache miss)
134 silly packumentCache full:https://registry.npmjs.org/imurmurhash set size:undefined disposed:false
135 silly fetch manifest minimatch@^3.1.2
136 silly packumentCache full:https://registry.npmjs.org/minimatch cache-miss
137 http fetch GET 200 https://registry.npmjs.org/ignore 266ms (cache miss)
138 silly packumentCache full:https://registry.npmjs.org/ignore set size:undefined disposed:false
139 silly fetch manifest natural-compare@^1.4.0
140 silly packumentCache full:https://registry.npmjs.org/natural-compare cache-miss
141 http fetch GET 200 https://registry.npmjs.org/lodash.merge 179ms (cache miss)
142 silly packumentCache full:https://registry.npmjs.org/lodash.merge set size:undefined disposed:false
143 silly fetch manifest optionator@^0.9.3
144 silly packumentCache full:https://registry.npmjs.org/optionator cache-miss
145 http fetch GET 200 https://registry.npmjs.org/natural-compare 99ms (cache miss)
146 silly packumentCache full:https://registry.npmjs.org/natural-compare set size:undefined disposed:false
147 http fetch GET 200 https://registry.npmjs.org/minimatch 160ms (cache miss)
148 silly packumentCache full:https://registry.npmjs.org/minimatch set size:undefined disposed:false
149 http fetch GET 200 https://registry.npmjs.org/optionator 91ms (cache miss)
150 silly packumentCache full:https://registry.npmjs.org/optionator set size:undefined disposed:false
151 silly fetch manifest eslint@^6.0.0 || ^7.0.0 || >=8.0.0
152 silly packumentCache full:https://registry.npmjs.org/eslint cache-miss
153 http cache https://registry.npmjs.org/eslint 77ms (cache hit)
154 silly packumentCache full:https://registry.npmjs.org/eslint set size:1900943 disposed:false
155 silly placeDep ROOT @eslint-community/eslint-utils@4.9.0 OK for: eslint@9.39.2 want: ^4.8.0
156 silly placeDep ROOT @eslint-community/regexpp@4.12.2 OK for: eslint@9.39.2 want: ^4.12.1
157 silly placeDep ROOT @eslint/config-array@0.21.1 OK for: eslint@9.39.2 want: ^0.21.1
158 silly placeDep ROOT @eslint/config-helpers@0.4.2 OK for: eslint@9.39.2 want: ^0.4.2
159 silly placeDep ROOT @eslint/core@0.17.0 OK for: eslint@9.39.2 want: ^0.17.0
160 silly placeDep ROOT @eslint/eslintrc@3.3.3 OK for: eslint@9.39.2 want: ^3.3.1
161 silly placeDep ROOT @eslint/js@9.39.2 OK for: eslint@9.39.2 want: 9.39.2
162 silly placeDep ROOT @eslint/plugin-kit@0.4.1 OK for: eslint@9.39.2 want: ^0.4.1
163 silly placeDep ROOT @humanfs/node@0.16.7 OK for: eslint@9.39.2 want: ^0.16.6
164 silly placeDep ROOT @humanwhocodes/module-importer@1.0.1 OK for: eslint@9.39.2 want: ^1.0.1
165 silly placeDep ROOT @humanwhocodes/retry@0.4.3 OK for: eslint@9.39.2 want: ^0.4.2
166 silly placeDep ROOT @types/estree@1.0.8 OK for: eslint@9.39.2 want: ^1.0.6
167 silly placeDep ROOT ajv@6.12.6 OK for: eslint@9.39.2 want: ^6.12.4
168 silly placeDep ROOT chalk@4.1.2 OK for: eslint@9.39.2 want: ^4.0.0
169 silly placeDep ROOT cross-spawn@7.0.6 OK for: eslint@9.39.2 want: ^7.0.6
170 silly placeDep ROOT debug@4.4.3 OK for: eslint@9.39.2 want: ^4.3.2
171 silly placeDep ROOT escape-string-regexp@4.0.0 OK for: eslint@9.39.2 want: ^4.0.0
172 silly placeDep ROOT eslint-scope@8.4.0 OK for: eslint@9.39.2 want: ^8.4.0
173 silly placeDep ROOT eslint-visitor-keys@4.2.1 OK for: eslint@9.39.2 want: ^4.2.1
174 silly placeDep ROOT espree@10.4.0 OK for: eslint@9.39.2 want: ^10.4.0
175 silly placeDep ROOT esquery@1.6.0 OK for: eslint@9.39.2 want: ^1.5.0
176 silly placeDep ROOT esutils@2.0.3 OK for: eslint@9.39.2 want: ^2.0.2
177 silly placeDep ROOT fast-deep-equal@3.1.3 OK for: eslint@9.39.2 want: ^3.1.3
178 silly placeDep ROOT file-entry-cache@8.0.0 OK for: eslint@9.39.2 want: ^8.0.0
179 silly placeDep ROOT find-up@5.0.0 OK for: eslint@9.39.2 want: ^5.0.0
180 silly placeDep ROOT ignore@5.3.2 OK for: eslint@9.39.2 want: ^5.2.0
181 silly placeDep ROOT imurmurhash@0.1.4 OK for: eslint@9.39.2 want: ^0.1.4
182 silly placeDep ROOT json-stable-stringify-without-jsonify@1.0.1 OK for: eslint@9.39.2 want: ^1.0.1
183 silly placeDep ROOT lodash.merge@4.6.2 OK for: eslint@9.39.2 want: ^4.6.2
184 silly placeDep ROOT minimatch@3.1.2 OK for: eslint@9.39.2 want: ^3.1.2
185 silly placeDep ROOT natural-compare@1.4.0 OK for: eslint@9.39.2 want: ^1.4.0
186 silly placeDep ROOT optionator@0.9.4 OK for: eslint@9.39.2 want: ^0.9.3
187 silly fetch manifest eslint-visitor-keys@^3.4.3
188 silly packumentCache full:https://registry.npmjs.org/eslint-visitor-keys cache-miss
189 silly fetch manifest debug@^4.3.1
190 silly packumentCache full:https://registry.npmjs.org/debug cache-miss
191 silly fetch manifest @eslint/object-schema@^2.1.7
192 silly packumentCache full:https://registry.npmjs.org/@eslint%2fobject-schema cache-miss
193 http cache https://registry.npmjs.org/eslint-visitor-keys 53ms (cache hit)
194 silly packumentCache full:https://registry.npmjs.org/eslint-visitor-keys set size:67352 disposed:false
195 silly fetch manifest @types/json-schema@^7.0.15
196 silly packumentCache full:https://registry.npmjs.org/@types%2fjson-schema cache-miss
197 http cache https://registry.npmjs.org/debug 63ms (cache hit)
198 silly packumentCache full:https://registry.npmjs.org/debug set size:195840 disposed:false
199 silly fetch manifest espree@^10.0.1
200 silly packumentCache full:https://registry.npmjs.org/espree cache-miss
201 http cache https://registry.npmjs.org/espree 25ms (cache hit)
202 silly packumentCache full:https://registry.npmjs.org/espree set size:317497 disposed:false
203 silly fetch manifest globals@^14.0.0
204 silly packumentCache full:https://registry.npmjs.org/globals cache-miss
205 http fetch GET 200 https://registry.npmjs.org/@eslint%2fobject-schema 134ms (cache miss)
206 silly packumentCache full:https://registry.npmjs.org/@eslint%2fobject-schema set size:undefined disposed:false
207 silly fetch manifest import-fresh@^3.2.1
208 silly packumentCache full:https://registry.npmjs.org/import-fresh cache-miss
209 http fetch GET 200 https://registry.npmjs.org/@types%2fjson-schema 104ms (cache miss)
210 silly packumentCache full:https://registry.npmjs.org/@types%2fjson-schema set size:undefined disposed:false
211 silly fetch manifest js-yaml@^4.1.1
212 silly packumentCache full:https://registry.npmjs.org/js-yaml cache-miss
213 http fetch GET 200 https://registry.npmjs.org/import-fresh 67ms (cache miss)
214 silly packumentCache full:https://registry.npmjs.org/import-fresh set size:undefined disposed:false
215 silly fetch manifest strip-json-comments@^3.1.1
216 silly packumentCache full:https://registry.npmjs.org/strip-json-comments cache-miss
217 http fetch GET 200 https://registry.npmjs.org/globals 95ms (cache miss)
218 silly packumentCache full:https://registry.npmjs.org/globals set size:undefined disposed:false
219 silly fetch manifest levn@^0.4.1
220 silly packumentCache full:https://registry.npmjs.org/levn cache-miss
221 http fetch GET 200 https://registry.npmjs.org/strip-json-comments 75ms (cache miss)
222 silly packumentCache full:https://registry.npmjs.org/strip-json-comments set size:undefined disposed:false
223 silly fetch manifest @humanwhocodes/retry@^0.4.0
224 silly packumentCache full:https://registry.npmjs.org/@humanwhocodes%2fretry cache-miss
225 http fetch GET 200 https://registry.npmjs.org/js-yaml 123ms (cache miss)
226 silly packumentCache full:https://registry.npmjs.org/js-yaml set size:undefined disposed:false
227 silly fetch manifest @humanfs/core@^0.19.1
228 silly packumentCache full:https://registry.npmjs.org/@humanfs%2fcore cache-miss
229 http cache https://registry.npmjs.org/@humanwhocodes%2fretry 50ms (cache hit)
230 silly packumentCache full:https://registry.npmjs.org/@humanwhocodes%2fretry set size:42348 disposed:false
231 silly fetch manifest uri-js@^4.2.2
232 silly packumentCache full:https://registry.npmjs.org/uri-js cache-miss
233 http fetch GET 200 https://registry.npmjs.org/levn 104ms (cache miss)
234 silly packumentCache full:https://registry.npmjs.org/levn set size:undefined disposed:false
235 silly fetch manifest fast-deep-equal@^3.1.1
236 silly packumentCache full:https://registry.npmjs.org/fast-deep-equal cache-miss
237 http cache https://registry.npmjs.org/fast-deep-equal 17ms (cache hit)
238 silly packumentCache full:https://registry.npmjs.org/fast-deep-equal set size:48634 disposed:false
239 silly fetch manifest json-schema-traverse@^0.4.1
240 silly packumentCache full:https://registry.npmjs.org/json-schema-traverse cache-miss
241 http fetch GET 200 https://registry.npmjs.org/@humanfs%2fcore 87ms (cache miss)
242 silly packumentCache full:https://registry.npmjs.org/@humanfs%2fcore set size:undefined disposed:false
243 silly fetch manifest fast-json-stable-stringify@^2.0.0
244 silly packumentCache full:https://registry.npmjs.org/fast-json-stable-stringify cache-miss
245 http fetch GET 200 https://registry.npmjs.org/uri-js 59ms (cache miss)
246 silly packumentCache full:https://registry.npmjs.org/uri-js set size:undefined disposed:false
247 silly fetch manifest ansi-styles@^4.1.0
248 silly packumentCache full:https://registry.npmjs.org/ansi-styles cache-miss
249 http fetch GET 200 https://registry.npmjs.org/json-schema-traverse 59ms (cache miss)
250 silly packumentCache full:https://registry.npmjs.org/json-schema-traverse set size:undefined disposed:false
251 silly fetch manifest supports-color@^7.1.0
252 silly packumentCache full:https://registry.npmjs.org/supports-color cache-miss
253 http fetch GET 200 https://registry.npmjs.org/fast-json-stable-stringify 61ms (cache miss)
254 silly packumentCache full:https://registry.npmjs.org/fast-json-stable-stringify set size:undefined disposed:false
255 silly fetch manifest which@^2.0.1
256 silly packumentCache full:https://registry.npmjs.org/which cache-miss
257 http fetch GET 200 https://registry.npmjs.org/ansi-styles 67ms (cache miss)
258 silly packumentCache full:https://registry.npmjs.org/ansi-styles set size:undefined disposed:false
259 silly fetch manifest path-key@^3.1.0
260 silly packumentCache full:https://registry.npmjs.org/path-key cache-miss
261 http fetch GET 200 https://registry.npmjs.org/supports-color 98ms (cache miss)
262 silly packumentCache full:https://registry.npmjs.org/supports-color set size:undefined disposed:false
263 silly fetch manifest shebang-command@^2.0.0
264 silly packumentCache full:https://registry.npmjs.org/shebang-command cache-miss
265 http fetch GET 200 https://registry.npmjs.org/which 88ms (cache miss)
266 silly packumentCache full:https://registry.npmjs.org/which set size:undefined disposed:false
267 silly fetch manifest ms@^2.1.3
268 silly packumentCache full:https://registry.npmjs.org/ms cache-miss
269 http fetch GET 200 https://registry.npmjs.org/path-key 77ms (cache miss)
270 silly packumentCache full:https://registry.npmjs.org/path-key set size:undefined disposed:false
271 silly fetch manifest esrecurse@^4.3.0
272 silly packumentCache full:https://registry.npmjs.org/esrecurse cache-miss
273 http fetch GET 200 https://registry.npmjs.org/shebang-command 87ms (cache miss)
274 silly packumentCache full:https://registry.npmjs.org/shebang-command set size:undefined disposed:false
275 silly fetch manifest estraverse@^5.2.0
276 silly packumentCache full:https://registry.npmjs.org/estraverse cache-miss
277 http fetch GET 200 https://registry.npmjs.org/esrecurse 78ms (cache miss)
278 silly packumentCache full:https://registry.npmjs.org/esrecurse set size:undefined disposed:false
279 silly fetch manifest acorn@^8.15.0
280 silly packumentCache full:https://registry.npmjs.org/acorn cache-miss
281 http fetch GET 200 https://registry.npmjs.org/ms 86ms (cache miss)
282 silly packumentCache full:https://registry.npmjs.org/ms set size:undefined disposed:false
283 silly fetch manifest acorn-jsx@^5.3.2
284 silly packumentCache full:https://registry.npmjs.org/acorn-jsx cache-miss
285 http fetch GET 200 https://registry.npmjs.org/estraverse 53ms (cache miss)
286 silly packumentCache full:https://registry.npmjs.org/estraverse set size:undefined disposed:false
287 silly fetch manifest estraverse@^5.1.0
288 silly packumentCache full:https://registry.npmjs.org/estraverse cache-miss
289 http cache https://registry.npmjs.org/estraverse 17ms (cache hit)
290 silly packumentCache full:https://registry.npmjs.org/estraverse set size:62412 disposed:false
291 silly fetch manifest flat-cache@^4.0.0
292 silly packumentCache full:https://registry.npmjs.org/flat-cache cache-miss
293 http fetch GET 200 https://registry.npmjs.org/acorn-jsx 98ms (cache miss)
294 silly packumentCache full:https://registry.npmjs.org/acorn-jsx set size:undefined disposed:false
295 silly fetch manifest locate-path@^6.0.0
296 silly packumentCache full:https://registry.npmjs.org/locate-path cache-miss
297 http fetch GET 200 https://registry.npmjs.org/acorn 115ms (cache miss)
298 silly packumentCache full:https://registry.npmjs.org/acorn set size:undefined disposed:false
299 silly fetch manifest path-exists@^4.0.0
300 silly packumentCache full:https://registry.npmjs.org/path-exists cache-miss
301 http fetch GET 200 https://registry.npmjs.org/flat-cache 78ms (cache miss)
302 silly packumentCache full:https://registry.npmjs.org/flat-cache set size:undefined disposed:false
303 silly fetch manifest brace-expansion@^1.1.7
304 silly packumentCache full:https://registry.npmjs.org/brace-expansion cache-miss
305 http fetch GET 200 https://registry.npmjs.org/locate-path 62ms (cache miss)
306 silly packumentCache full:https://registry.npmjs.org/locate-path set size:undefined disposed:false
307 silly fetch manifest prelude-ls@^1.2.1
308 silly packumentCache full:https://registry.npmjs.org/prelude-ls cache-miss
309 http fetch GET 200 https://registry.npmjs.org/path-exists 66ms (cache miss)
310 silly packumentCache full:https://registry.npmjs.org/path-exists set size:undefined disposed:false
311 silly fetch manifest deep-is@^0.1.3
312 silly packumentCache full:https://registry.npmjs.org/deep-is cache-miss
313 http fetch GET 200 https://registry.npmjs.org/brace-expansion 64ms (cache miss)
314 silly packumentCache full:https://registry.npmjs.org/brace-expansion set size:undefined disposed:false
315 silly fetch manifest word-wrap@^1.2.5
316 silly packumentCache full:https://registry.npmjs.org/word-wrap cache-miss
317 http fetch GET 200 https://registry.npmjs.org/prelude-ls 95ms (cache miss)
318 silly packumentCache full:https://registry.npmjs.org/prelude-ls set size:undefined disposed:false
319 silly fetch manifest type-check@^0.4.0
320 silly packumentCache full:https://registry.npmjs.org/type-check cache-miss
321 http fetch GET 200 https://registry.npmjs.org/deep-is 75ms (cache miss)
322 silly packumentCache full:https://registry.npmjs.org/deep-is set size:undefined disposed:false
323 silly fetch manifest fast-levenshtein@^2.0.6
324 silly packumentCache full:https://registry.npmjs.org/fast-levenshtein cache-miss
325 http fetch GET 200 https://registry.npmjs.org/word-wrap 76ms (cache miss)
326 silly packumentCache full:https://registry.npmjs.org/word-wrap set size:undefined disposed:false
327 http fetch GET 200 https://registry.npmjs.org/type-check 53ms (cache miss)
328 silly packumentCache full:https://registry.npmjs.org/type-check set size:undefined disposed:false
329 http fetch GET 200 https://registry.npmjs.org/fast-levenshtein 58ms (cache miss)
330 silly packumentCache full:https://registry.npmjs.org/fast-levenshtein set size:undefined disposed:false
331 silly placeDep node_modules/@eslint-community/eslint-utils eslint-visitor-keys@3.4.3 OK for: @eslint-community/eslint-utils@4.9.0 want: ^3.4.3
332 silly placeDep ROOT @eslint/object-schema@2.1.7 OK for: @eslint/config-array@0.21.1 want: ^2.1.7
333 silly placeDep ROOT @types/json-schema@7.0.15 OK for: @eslint/core@0.17.0 want: ^7.0.15
334 silly placeDep ROOT globals@14.0.0 OK for: @eslint/eslintrc@3.3.3 want: ^14.0.0
335 silly placeDep ROOT import-fresh@3.3.1 OK for: @eslint/eslintrc@3.3.3 want: ^3.2.1
336 silly placeDep ROOT js-yaml@4.1.1 OK for: @eslint/eslintrc@3.3.3 want: ^4.1.1
337 silly placeDep ROOT strip-json-comments@3.1.1 OK for: @eslint/eslintrc@3.3.3 want: ^3.1.1
338 silly fetch manifest parent-module@^1.0.0
339 silly packumentCache full:https://registry.npmjs.org/parent-module cache-miss
340 silly fetch manifest resolve-from@^4.0.0
341 silly packumentCache full:https://registry.npmjs.org/resolve-from cache-miss
342 silly fetch manifest argparse@^2.0.1
343 silly packumentCache full:https://registry.npmjs.org/argparse cache-miss
344 http fetch GET 200 https://registry.npmjs.org/resolve-from 81ms (cache miss)
345 silly packumentCache full:https://registry.npmjs.org/resolve-from set size:undefined disposed:false
346 http fetch GET 200 https://registry.npmjs.org/parent-module 84ms (cache miss)
347 silly packumentCache full:https://registry.npmjs.org/parent-module set size:undefined disposed:false
348 http fetch GET 200 https://registry.npmjs.org/argparse 83ms (cache miss)
349 silly packumentCache full:https://registry.npmjs.org/argparse set size:undefined disposed:false
350 silly placeDep ROOT levn@0.4.1 OK for: @eslint/plugin-kit@0.4.1 want: ^0.4.1
351 silly fetch manifest type-check@~0.4.0
352 silly packumentCache full:https://registry.npmjs.org/type-check cache-miss
353 http cache https://registry.npmjs.org/type-check 7ms (cache hit)
354 silly packumentCache full:https://registry.npmjs.org/type-check set size:21221 disposed:false
355 silly placeDep ROOT @humanfs/core@0.19.1 OK for: @humanfs/node@0.16.7 want: ^0.19.1
356 silly placeDep ROOT fast-json-stable-stringify@2.1.0 OK for: ajv@6.12.6 want: ^2.0.0
357 silly placeDep ROOT json-schema-traverse@0.4.1 OK for: ajv@6.12.6 want: ^0.4.1
358 silly placeDep ROOT uri-js@4.4.1 OK for: ajv@6.12.6 want: ^4.2.2
359 silly fetch manifest punycode@^2.1.0
360 silly packumentCache full:https://registry.npmjs.org/punycode cache-miss
361 http fetch GET 200 https://registry.npmjs.org/punycode 51ms (cache miss)
362 silly packumentCache full:https://registry.npmjs.org/punycode set size:undefined disposed:false
363 silly placeDep ROOT ansi-styles@4.3.0 OK for: chalk@4.1.2 want: ^4.1.0
364 silly placeDep ROOT supports-color@7.2.0 OK for: chalk@4.1.2 want: ^7.1.0
365 silly fetch manifest color-convert@^2.0.1
366 silly packumentCache full:https://registry.npmjs.org/color-convert cache-miss
367 silly fetch manifest has-flag@^4.0.0
368 silly packumentCache full:https://registry.npmjs.org/has-flag cache-miss
369 http fetch GET 200 https://registry.npmjs.org/color-convert 52ms (cache miss)
370 silly packumentCache full:https://registry.npmjs.org/color-convert set size:undefined disposed:false
371 http fetch GET 200 https://registry.npmjs.org/has-flag 52ms (cache miss)
372 silly packumentCache full:https://registry.npmjs.org/has-flag set size:undefined disposed:false
373 silly placeDep ROOT color-convert@2.0.1 OK for: ansi-styles@4.3.0 want: ^2.0.1
374 silly fetch manifest color-name@~1.1.4
375 silly packumentCache full:https://registry.npmjs.org/color-name cache-miss
376 http fetch GET 200 https://registry.npmjs.org/color-name 51ms (cache miss)
377 silly packumentCache full:https://registry.npmjs.org/color-name set size:undefined disposed:false
378 silly placeDep ROOT color-name@1.1.4 OK for: color-convert@2.0.1 want: ~1.1.4
379 silly placeDep ROOT path-key@3.1.1 OK for: cross-spawn@7.0.6 want: ^3.1.0
380 silly placeDep ROOT shebang-command@2.0.0 OK for: cross-spawn@7.0.6 want: ^2.0.0
381 silly placeDep ROOT which@2.0.2 OK for: cross-spawn@7.0.6 want: ^2.0.1
382 silly fetch manifest shebang-regex@^3.0.0
383 silly packumentCache full:https://registry.npmjs.org/shebang-regex cache-miss
384 silly fetch manifest isexe@^2.0.0
385 silly packumentCache full:https://registry.npmjs.org/isexe cache-miss
386 http fetch GET 200 https://registry.npmjs.org/isexe 55ms (cache miss)
387 silly packumentCache full:https://registry.npmjs.org/isexe set size:undefined disposed:false
388 http fetch GET 200 https://registry.npmjs.org/shebang-regex 66ms (cache miss)
389 silly packumentCache full:https://registry.npmjs.org/shebang-regex set size:undefined disposed:false
390 silly placeDep ROOT ms@2.1.3 OK for: debug@4.4.3 want: ^2.1.3
391 silly placeDep ROOT esrecurse@4.3.0 OK for: eslint-scope@8.4.0 want: ^4.3.0
392 silly placeDep ROOT estraverse@5.3.0 OK for: eslint-scope@8.4.0 want: ^5.2.0
393 silly placeDep ROOT acorn@8.15.0 OK for: espree@10.4.0 want: ^8.15.0
394 silly placeDep ROOT acorn-jsx@5.3.2 OK for: espree@10.4.0 want: ^5.3.2
395 silly placeDep ROOT flat-cache@4.0.1 OK for: file-entry-cache@8.0.0 want: ^4.0.0
396 silly fetch manifest keyv@^4.5.4
397 silly packumentCache full:https://registry.npmjs.org/keyv cache-miss
398 silly fetch manifest flatted@^3.2.9
399 silly packumentCache full:https://registry.npmjs.org/flatted cache-miss
400 http fetch GET 200 https://registry.npmjs.org/flatted 89ms (cache miss)
401 silly packumentCache full:https://registry.npmjs.org/flatted set size:undefined disposed:false
402 http fetch GET 200 https://registry.npmjs.org/keyv 98ms (cache miss)
403 silly packumentCache full:https://registry.npmjs.org/keyv set size:undefined disposed:false
404 silly placeDep ROOT locate-path@6.0.0 OK for: find-up@5.0.0 want: ^6.0.0
405 silly placeDep ROOT path-exists@4.0.0 OK for: find-up@5.0.0 want: ^4.0.0
406 silly fetch manifest p-locate@^5.0.0
407 silly packumentCache full:https://registry.npmjs.org/p-locate cache-miss
408 http fetch GET 200 https://registry.npmjs.org/p-locate 49ms (cache miss)
409 silly packumentCache full:https://registry.npmjs.org/p-locate set size:undefined disposed:false
410 silly placeDep ROOT flatted@3.3.3 OK for: flat-cache@4.0.1 want: ^3.2.9
411 silly placeDep ROOT keyv@4.5.4 OK for: flat-cache@4.0.1 want: ^4.5.4
412 silly fetch manifest json-buffer@3.0.1
413 silly packumentCache full:https://registry.npmjs.org/json-buffer cache-miss
414 http fetch GET 200 https://registry.npmjs.org/json-buffer 63ms (cache miss)
415 silly packumentCache full:https://registry.npmjs.org/json-buffer set size:undefined disposed:false
416 silly placeDep ROOT parent-module@1.0.1 OK for: import-fresh@3.3.1 want: ^1.0.0
417 silly placeDep ROOT resolve-from@4.0.0 OK for: import-fresh@3.3.1 want: ^4.0.0
418 silly fetch manifest callsites@^3.0.0
419 silly packumentCache full:https://registry.npmjs.org/callsites cache-miss
420 http fetch GET 200 https://registry.npmjs.org/callsites 54ms (cache miss)
421 silly packumentCache full:https://registry.npmjs.org/callsites set size:undefined disposed:false
422 silly placeDep ROOT argparse@2.0.1 OK for: js-yaml@4.1.1 want: ^2.0.1
423 silly placeDep ROOT json-buffer@3.0.1 OK for: keyv@4.5.4 want: 3.0.1
424 silly placeDep ROOT prelude-ls@1.2.1 OK for: levn@0.4.1 want: ^1.2.1
425 silly placeDep ROOT type-check@0.4.0 OK for: levn@0.4.1 want: ~0.4.0
426 silly placeDep ROOT p-locate@5.0.0 OK for: locate-path@6.0.0 want: ^5.0.0
427 silly fetch manifest p-limit@^3.0.2
428 silly packumentCache full:https://registry.npmjs.org/p-limit cache-miss
429 http fetch GET 200 https://registry.npmjs.org/p-limit 59ms (cache miss)
430 silly packumentCache full:https://registry.npmjs.org/p-limit set size:undefined disposed:false
431 silly placeDep ROOT brace-expansion@1.1.12 OK for: minimatch@3.1.2 want: ^1.1.7
432 silly fetch manifest balanced-match@^1.0.0
433 silly packumentCache full:https://registry.npmjs.org/balanced-match cache-miss
434 silly fetch manifest concat-map@0.0.1
435 silly packumentCache full:https://registry.npmjs.org/concat-map cache-miss
436 http fetch GET 200 https://registry.npmjs.org/balanced-match 48ms (cache miss)
437 silly packumentCache full:https://registry.npmjs.org/balanced-match set size:undefined disposed:false
438 http fetch GET 200 https://registry.npmjs.org/concat-map 50ms (cache miss)
439 silly packumentCache full:https://registry.npmjs.org/concat-map set size:undefined disposed:false
440 silly placeDep ROOT balanced-match@1.0.2 OK for: brace-expansion@1.1.12 want: ^1.0.0
441 silly placeDep ROOT concat-map@0.0.1 OK for: brace-expansion@1.1.12 want: 0.0.1
442 silly placeDep ROOT deep-is@0.1.4 OK for: optionator@0.9.4 want: ^0.1.3
443 silly placeDep ROOT fast-levenshtein@2.0.6 OK for: optionator@0.9.4 want: ^2.0.6
444 silly placeDep ROOT word-wrap@1.2.5 OK for: optionator@0.9.4 want: ^1.2.5
445 silly placeDep ROOT p-limit@3.1.0 OK for: p-locate@5.0.0 want: ^3.0.2
446 silly fetch manifest yocto-queue@^0.1.0
447 silly packumentCache full:https://registry.npmjs.org/yocto-queue cache-miss
448 http fetch GET 200 https://registry.npmjs.org/yocto-queue 50ms (cache miss)
449 silly packumentCache full:https://registry.npmjs.org/yocto-queue set size:undefined disposed:false
450 silly placeDep ROOT yocto-queue@0.1.0 OK for: p-limit@3.1.0 want: ^0.1.0
451 silly placeDep ROOT callsites@3.1.0 OK for: parent-module@1.0.1 want: ^3.0.0
452 silly placeDep ROOT shebang-regex@3.0.0 OK for: shebang-command@2.0.0 want: ^3.0.0
453 silly placeDep ROOT has-flag@4.0.0 OK for: supports-color@7.2.0 want: ^4.0.0
454 silly placeDep ROOT punycode@2.3.1 OK for: uri-js@4.4.1 want: ^2.1.0
455 silly placeDep ROOT isexe@2.0.0 OK for: which@2.0.2 want: ^2.0.0
456 silly reify moves {}
457 silly audit bulk request {
457 silly audit   '@alloc/quick-lru': [ '5.2.0' ],
457 silly audit   '@emotion/is-prop-valid': [ '0.8.8' ],
457 silly audit   '@emotion/memoize': [ '0.7.4' ],
457 silly audit   '@jridgewell/gen-mapping': [ '0.3.13' ],
457 silly audit   '@jridgewell/resolve-uri': [ '3.1.2' ],
457 silly audit   '@jridgewell/sourcemap-codec': [ '1.5.5' ],
457 silly audit   '@jridgewell/trace-mapping': [ '0.3.31' ],
457 silly audit   '@next/env': [ '14.1.0' ],
457 silly audit   '@next/swc-darwin-arm64': [ '14.1.0' ],
457 silly audit   '@next/swc-darwin-x64': [ '14.1.0' ],
457 silly audit   '@next/swc-linux-arm64-gnu': [ '14.1.0' ],
457 silly audit   '@next/swc-linux-arm64-musl': [ '14.1.0' ],
457 silly audit   '@next/swc-linux-x64-gnu': [ '14.1.0' ],
457 silly audit   '@next/swc-linux-x64-musl': [ '14.1.0' ],
457 silly audit   '@next/swc-win32-arm64-msvc': [ '14.1.0' ],
457 silly audit   '@next/swc-win32-ia32-msvc': [ '14.1.0' ],
457 silly audit   '@next/swc-win32-x64-msvc': [ '14.1.0' ],
457 silly audit   '@nodelib/fs.scandir': [ '2.1.5' ],
457 silly audit   '@nodelib/fs.stat': [ '2.0.5' ],
457 silly audit   '@nodelib/fs.walk': [ '1.2.8' ],
457 silly audit   '@swc/helpers': [ '0.5.2' ],
457 silly audit   'any-promise': [ '1.3.0' ],
457 silly audit   anymatch: [ '3.1.3' ],
457 silly audit   arg: [ '5.0.2' ],
457 silly audit   autoprefixer: [ '10.4.16' ],
457 silly audit   'baseline-browser-mapping': [ '2.9.5' ],
457 silly audit   'binary-extensions': [ '2.3.0' ],
457 silly audit   braces: [ '3.0.3' ],
457 silly audit   browserslist: [ '4.28.1' ],
457 silly audit   busboy: [ '1.6.0' ],
457 silly audit   'camelcase-css': [ '2.0.1' ],
457 silly audit   'caniuse-lite': [ '1.0.30001759' ],
457 silly audit   chokidar: [ '3.6.0' ],
457 silly audit   'glob-parent': [ '5.1.2', '6.0.2' ],
457 silly audit   'client-only': [ '0.0.1' ],
457 silly audit   commander: [ '4.1.1' ],
457 silly audit   cssesc: [ '3.0.0' ],
457 silly audit   didyoumean: [ '1.2.2' ],
457 silly audit   dlv: [ '1.1.3' ],
457 silly audit   'electron-to-chromium': [ '1.5.267' ],
457 silly audit   escalade: [ '3.2.0' ],
457 silly audit   'fast-glob': [ '3.3.3' ],
457 silly audit   fastq: [ '1.19.1' ],
457 silly audit   'fill-range': [ '7.1.1' ],
457 silly audit   'fraction.js': [ '4.3.7' ],
457 silly audit   'framer-motion': [ '11.0.3' ],
457 silly audit   fsevents: [ '2.3.3' ],
457 silly audit   'function-bind': [ '1.1.2' ],
457 silly audit   'graceful-fs': [ '4.2.11' ],
457 silly audit   hasown: [ '2.0.2' ],
457 silly audit   'is-binary-path': [ '2.1.0' ],
457 silly audit   'is-core-module': [ '2.16.1' ],
457 silly audit   'is-extglob': [ '2.1.1' ],
457 silly audit   'is-glob': [ '4.0.3' ],
457 silly audit   'is-number': [ '7.0.0' ],
457 silly audit   jiti: [ '1.21.7' ],
457 silly audit   'js-tokens': [ '4.0.0' ],
457 silly audit   lilconfig: [ '2.1.0', '3.1.3' ],
457 silly audit   'lines-and-columns': [ '1.2.4' ],
457 silly audit   'loose-envify': [ '1.4.0' ],
457 silly audit   merge2: [ '1.4.1' ],
457 silly audit   micromatch: [ '4.0.8' ],
457 silly audit   mz: [ '2.7.0' ],
457 silly audit   nanoid: [ '3.3.11' ],
457 silly audit   next: [ '14.1.0' ],
457 silly audit   postcss: [ '8.4.31', '8.4.33' ],
457 silly audit   'node-releases': [ '2.0.27' ],
457 silly audit   'normalize-path': [ '3.0.0' ],
457 silly audit   'normalize-range': [ '0.1.2' ],
457 silly audit   'object-assign': [ '4.1.1' ],
457 silly audit   'object-hash': [ '3.0.0' ],
457 silly audit   'path-parse': [ '1.0.7' ],
457 silly audit   picocolors: [ '1.1.1' ],
457 silly audit   picomatch: [ '2.3.1', '4.0.3' ],
457 silly audit   pify: [ '2.3.0' ],
457 silly audit   pirates: [ '4.0.7' ],
457 silly audit   'postcss-import': [ '15.1.0' ],
457 silly audit   'postcss-js': [ '4.1.0' ],
457 silly audit   'postcss-nested': [ '6.2.0' ],
457 silly audit   'postcss-selector-parser': [ '6.1.2' ],
457 silly audit   'postcss-value-parser': [ '4.2.0' ],
457 silly audit   'queue-microtask': [ '1.2.3' ],
457 silly audit   react: [ '18.2.0' ],
457 silly audit   'react-dom': [ '18.2.0' ],
457 silly audit   'read-cache': [ '1.0.0' ],
457 silly audit   readdirp: [ '3.6.0' ],
457 silly audit   resolve: [ '1.22.11' ],
457 silly audit   reusify: [ '1.1.0' ],
457 silly audit   'run-parallel': [ '1.2.0' ],
457 silly audit   scheduler: [ '0.23.2' ],
457 silly audit   'source-map-js': [ '1.2.1' ],
457 silly audit   streamsearch: [ '1.1.0' ],
457 silly audit   'styled-jsx': [ '5.1.1' ],
457 silly audit   sucrase: [ '3.35.1' ],
457 silly audit   'supports-preserve-symlinks-flag': [ '1.0.0' ],
457 silly audit   tailwindcss: [ '3.4.1' ],
457 silly audit   'postcss-load-config': [ '4.0.2' ],
457 silly audit   thenify: [ '3.3.1' ],
457 silly audit   'thenify-all': [ '1.6.0' ],
457 silly audit   tinyglobby: [ '0.2.15' ],
457 silly audit   fdir: [ '6.5.0' ],
457 silly audit   'to-regex-range': [ '5.0.1' ],
457 silly audit   'ts-interface-checker': [ '0.1.13' ],
457 silly audit   tslib: [ '2.8.1' ],
457 silly audit   'update-browserslist-db': [ '1.2.2' ],
457 silly audit   'util-deprecate': [ '1.0.2' ],
457 silly audit   yaml: [ '2.8.2' ],
457 silly audit   eslint: [ '9.39.2' ],
457 silly audit   '@eslint-community/eslint-utils': [ '4.9.0' ],
457 silly audit   '@eslint-community/regexpp': [ '4.12.2' ],
457 silly audit   '@eslint/config-array': [ '0.21.1' ],
457 silly audit   '@eslint/config-helpers': [ '0.4.2' ],
457 silly audit   '@eslint/core': [ '0.17.0' ],
457 silly audit   '@eslint/eslintrc': [ '3.3.3' ],
457 silly audit   '@eslint/js': [ '9.39.2' ],
457 silly audit   '@eslint/plugin-kit': [ '0.4.1' ],
457 silly audit   '@humanfs/node': [ '0.16.7' ],
457 silly audit   '@humanwhocodes/module-importer': [ '1.0.1' ],
457 silly audit   '@humanwhocodes/retry': [ '0.4.3' ],
457 silly audit   '@types/estree': [ '1.0.8' ],
457 silly audit   ajv: [ '6.12.6' ],
457 silly audit   chalk: [ '4.1.2' ],
457 silly audit   'cross-spawn': [ '7.0.6' ],
457 silly audit   debug: [ '4.4.3' ],
457 silly audit   'escape-string-regexp': [ '4.0.0' ],
457 silly audit   'eslint-scope': [ '8.4.0' ],
457 silly audit   'eslint-visitor-keys': [ '4.2.1', '3.4.3' ],
457 silly audit   espree: [ '10.4.0' ],
457 silly audit   esquery: [ '1.6.0' ],
457 silly audit   esutils: [ '2.0.3' ],
457 silly audit   'fast-deep-equal': [ '3.1.3' ],
457 silly audit   'file-entry-cache': [ '8.0.0' ],
457 silly audit   'find-up': [ '5.0.0' ],
457 silly audit   ignore: [ '5.3.2' ],
457 silly audit   imurmurhash: [ '0.1.4' ],
457 silly audit   'json-stable-stringify-without-jsonify': [ '1.0.1' ],
457 silly audit   'lodash.merge': [ '4.6.2' ],
457 silly audit   minimatch: [ '3.1.2' ],
457 silly audit   'natural-compare': [ '1.4.0' ],
457 silly audit   optionator: [ '0.9.4' ],
457 silly audit   '@eslint/object-schema': [ '2.1.7' ],
457 silly audit   '@types/json-schema': [ '7.0.15' ],
457 silly audit   globals: [ '14.0.0' ],
457 silly audit   'import-fresh': [ '3.3.1' ],
457 silly audit   'js-yaml': [ '4.1.1' ],
457 silly audit   'strip-json-comments': [ '3.1.1' ],
457 silly audit   levn: [ '0.4.1' ],
457 silly audit   '@humanfs/core': [ '0.19.1' ],
457 silly audit   'fast-json-stable-stringify': [ '2.1.0' ],
457 silly audit   'json-schema-traverse': [ '0.4.1' ],
457 silly audit   'uri-js': [ '4.4.1' ],
457 silly audit   'ansi-styles': [ '4.3.0' ],
457 silly audit   'supports-color': [ '7.2.0' ],
457 silly audit   'color-convert': [ '2.0.1' ],
457 silly audit   'color-name': [ '1.1.4' ],
457 silly audit   'path-key': [ '3.1.1' ],
457 silly audit   'shebang-command': [ '2.0.0' ],
457 silly audit   which: [ '2.0.2' ],
457 silly audit   ms: [ '2.1.3' ],
457 silly audit   esrecurse: [ '4.3.0' ],
457 silly audit   estraverse: [ '5.3.0' ],
457 silly audit   acorn: [ '8.15.0' ],
457 silly audit   'acorn-jsx': [ '5.3.2' ],
457 silly audit   'flat-cache': [ '4.0.1' ],
457 silly audit   'locate-path': [ '6.0.0' ],
457 silly audit   'path-exists': [ '4.0.0' ],
457 silly audit   flatted: [ '3.3.3' ],
457 silly audit   keyv: [ '4.5.4' ],
457 silly audit   'parent-module': [ '1.0.1' ],
457 silly audit   'resolve-from': [ '4.0.0' ],
457 silly audit   argparse: [ '2.0.1' ],
457 silly audit   'json-buffer': [ '3.0.1' ],
457 silly audit   'prelude-ls': [ '1.2.1' ],
457 silly audit   'type-check': [ '0.4.0' ],
457 silly audit   'p-locate': [ '5.0.0' ],
457 silly audit   'brace-expansion': [ '1.1.12' ],
457 silly audit   'balanced-match': [ '1.0.2' ],
457 silly audit   'concat-map': [ '0.0.1' ],
457 silly audit   'deep-is': [ '0.1.4' ],
457 silly audit   'fast-levenshtein': [ '2.0.6' ],
457 silly audit   'word-wrap': [ '1.2.5' ],
457 silly audit   'p-limit': [ '3.1.0' ],
457 silly audit   'yocto-queue': [ '0.1.0' ],
457 silly audit   callsites: [ '3.1.0' ],
457 silly audit   'shebang-regex': [ '3.0.0' ],
457 silly audit   'has-flag': [ '4.0.0' ],
457 silly audit   punycode: [ '2.3.1' ],
457 silly audit   isexe: [ '2.0.0' ]
457 silly audit }
458 http cache isexe@https://registry.npmjs.org/isexe/-/isexe-2.0.0.tgz 0ms (cache hit)
459 http cache punycode@https://registry.npmjs.org/punycode/-/punycode-2.3.1.tgz 0ms (cache hit)
460 http cache has-flag@https://registry.npmjs.org/has-flag/-/has-flag-4.0.0.tgz 0ms (cache hit)
461 http cache yocto-queue@https://registry.npmjs.org/yocto-queue/-/yocto-queue-0.1.0.tgz 0ms (cache hit)
462 http cache shebang-regex@https://registry.npmjs.org/shebang-regex/-/shebang-regex-3.0.0.tgz 0ms (cache hit)
463 http cache p-limit@https://registry.npmjs.org/p-limit/-/p-limit-3.1.0.tgz 0ms (cache hit)
464 http cache word-wrap@https://registry.npmjs.org/word-wrap/-/word-wrap-1.2.5.tgz 0ms (cache hit)
465 http cache fast-levenshtein@https://registry.npmjs.org/fast-levenshtein/-/fast-levenshtein-2.0.6.tgz 0ms (cache hit)
466 http cache deep-is@https://registry.npmjs.org/deep-is/-/deep-is-0.1.4.tgz 0ms (cache hit)
467 http cache concat-map@https://registry.npmjs.org/concat-map/-/concat-map-0.0.1.tgz 0ms (cache hit)
468 http cache balanced-match@https://registry.npmjs.org/balanced-match/-/balanced-match-1.0.2.tgz 0ms (cache hit)
469 http cache p-locate@https://registry.npmjs.org/p-locate/-/p-locate-5.0.0.tgz 0ms (cache hit)
470 http cache type-check@https://registry.npmjs.org/type-check/-/type-check-0.4.0.tgz 0ms (cache hit)
471 http cache brace-expansion@https://registry.npmjs.org/brace-expansion/-/brace-expansion-1.1.12.tgz 0ms (cache hit)
472 http cache json-buffer@https://registry.npmjs.org/json-buffer/-/json-buffer-3.0.1.tgz 0ms (cache hit)
473 http cache prelude-ls@https://registry.npmjs.org/prelude-ls/-/prelude-ls-1.2.1.tgz 0ms (cache hit)
474 http cache argparse@https://registry.npmjs.org/argparse/-/argparse-2.0.1.tgz 0ms (cache hit)
475 http cache resolve-from@https://registry.npmjs.org/resolve-from/-/resolve-from-4.0.0.tgz 0ms (cache hit)
476 http cache parent-module@https://registry.npmjs.org/parent-module/-/parent-module-1.0.1.tgz 0ms (cache hit)
477 http cache keyv@https://registry.npmjs.org/keyv/-/keyv-4.5.4.tgz 0ms (cache hit)
478 http cache path-exists@https://registry.npmjs.org/path-exists/-/path-exists-4.0.0.tgz 0ms (cache hit)
479 http cache flatted@https://registry.npmjs.org/flatted/-/flatted-3.3.3.tgz 0ms (cache hit)
480 http cache locate-path@https://registry.npmjs.org/locate-path/-/locate-path-6.0.0.tgz 0ms (cache hit)
481 http cache flat-cache@https://registry.npmjs.org/flat-cache/-/flat-cache-4.0.1.tgz 0ms (cache hit)
482 http cache acorn-jsx@https://registry.npmjs.org/acorn-jsx/-/acorn-jsx-5.3.2.tgz 0ms (cache hit)
483 http cache estraverse@https://registry.npmjs.org/estraverse/-/estraverse-5.3.0.tgz 0ms (cache hit)
484 http cache esrecurse@https://registry.npmjs.org/esrecurse/-/esrecurse-4.3.0.tgz 1ms (cache hit)
485 http cache ms@https://registry.npmjs.org/ms/-/ms-2.1.3.tgz 0ms (cache hit)
486 http cache which@https://registry.npmjs.org/which/-/which-2.0.2.tgz 0ms (cache hit)
487 http cache shebang-command@https://registry.npmjs.org/shebang-command/-/shebang-command-2.0.0.tgz 0ms (cache hit)
488 http cache path-key@https://registry.npmjs.org/path-key/-/path-key-3.1.1.tgz 1ms (cache hit)
489 http cache color-name@https://registry.npmjs.org/color-name/-/color-name-1.1.4.tgz 0ms (cache hit)
490 http cache color-convert@https://registry.npmjs.org/color-convert/-/color-convert-2.0.1.tgz 0ms (cache hit)
491 http cache supports-color@https://registry.npmjs.org/supports-color/-/supports-color-7.2.0.tgz 0ms (cache hit)
492 http cache acorn@https://registry.npmjs.org/acorn/-/acorn-8.15.0.tgz 0ms (cache hit)
493 http cache ansi-styles@https://registry.npmjs.org/ansi-styles/-/ansi-styles-4.3.0.tgz 0ms (cache hit)
494 http cache uri-js@https://registry.npmjs.org/uri-js/-/uri-js-4.4.1.tgz 0ms (cache hit)
495 http cache fast-json-stable-stringify@https://registry.npmjs.org/fast-json-stable-stringify/-/fast-json-stable-stringify-2.1.0.tgz 0ms (cache hit)
496 http cache json-schema-traverse@https://registry.npmjs.org/json-schema-traverse/-/json-schema-traverse-0.4.1.tgz 0ms (cache hit)
497 http cache @humanfs/core@https://registry.npmjs.org/@humanfs/core/-/core-0.19.1.tgz 0ms (cache hit)
498 http cache strip-json-comments@https://registry.npmjs.org/strip-json-comments/-/strip-json-comments-3.1.1.tgz 0ms (cache hit)
499 http cache levn@https://registry.npmjs.org/levn/-/levn-0.4.1.tgz 0ms (cache hit)
500 http cache js-yaml@https://registry.npmjs.org/js-yaml/-/js-yaml-4.1.1.tgz 0ms (cache hit)
501 http cache import-fresh@https://registry.npmjs.org/import-fresh/-/import-fresh-3.3.1.tgz 0ms (cache hit)
502 http cache globals@https://registry.npmjs.org/globals/-/globals-14.0.0.tgz 0ms (cache hit)
503 http cache @types/json-schema@https://registry.npmjs.org/@types/json-schema/-/json-schema-7.0.15.tgz 0ms (cache hit)
504 http cache @eslint/object-schema@https://registry.npmjs.org/@eslint/object-schema/-/object-schema-2.1.7.tgz 0ms (cache hit)
505 http cache natural-compare@https://registry.npmjs.org/natural-compare/-/natural-compare-1.4.0.tgz 0ms (cache hit)
506 http cache optionator@https://registry.npmjs.org/optionator/-/optionator-0.9.4.tgz 0ms (cache hit)
507 http cache minimatch@https://registry.npmjs.org/minimatch/-/minimatch-3.1.2.tgz 0ms (cache hit)
508 http cache lodash.merge@https://registry.npmjs.org/lodash.merge/-/lodash.merge-4.6.2.tgz 0ms (cache hit)
509 http cache json-stable-stringify-without-jsonify@https://registry.npmjs.org/json-stable-stringify-without-jsonify/-/json-stable-stringify-without-jsonify-1.0.1.tgz 0ms (cache hit)
510 http cache imurmurhash@https://registry.npmjs.org/imurmurhash/-/imurmurhash-0.1.4.tgz 0ms (cache hit)
511 http cache ignore@https://registry.npmjs.org/ignore/-/ignore-5.3.2.tgz 0ms (cache hit)
512 http cache find-up@https://registry.npmjs.org/find-up/-/find-up-5.0.0.tgz 0ms (cache hit)
513 http cache file-entry-cache@https://registry.npmjs.org/file-entry-cache/-/file-entry-cache-8.0.0.tgz 0ms (cache hit)
514 http cache fast-deep-equal@https://registry.npmjs.org/fast-deep-equal/-/fast-deep-equal-3.1.3.tgz 0ms (cache hit)
515 http cache esutils@https://registry.npmjs.org/esutils/-/esutils-2.0.3.tgz 0ms (cache hit)
516 http cache esquery@https://registry.npmjs.org/esquery/-/esquery-1.6.0.tgz 0ms (cache hit)
517 http cache espree@https://registry.npmjs.org/espree/-/espree-10.4.0.tgz 0ms (cache hit)
518 http cache eslint-visitor-keys@https://registry.npmjs.org/eslint-visitor-keys/-/eslint-visitor-keys-4.2.1.tgz 0ms (cache hit)
519 http cache eslint-scope@https://registry.npmjs.org/eslint-scope/-/eslint-scope-8.4.0.tgz 0ms (cache hit)
520 http cache escape-string-regexp@https://registry.npmjs.org/escape-string-regexp/-/escape-string-regexp-4.0.0.tgz 0ms (cache hit)
521 http cache cross-spawn@https://registry.npmjs.org/cross-spawn/-/cross-spawn-7.0.6.tgz 0ms (cache hit)
522 http cache debug@https://registry.npmjs.org/debug/-/debug-4.4.3.tgz 0ms (cache hit)
523 http cache chalk@https://registry.npmjs.org/chalk/-/chalk-4.1.2.tgz 0ms (cache hit)
524 http cache @types/estree@https://registry.npmjs.org/@types/estree/-/estree-1.0.8.tgz 0ms (cache hit)
525 http cache ajv@https://registry.npmjs.org/ajv/-/ajv-6.12.6.tgz 0ms (cache hit)
526 http cache @humanwhocodes/retry@https://registry.npmjs.org/@humanwhocodes/retry/-/retry-0.4.3.tgz 0ms (cache hit)
527 http cache @humanfs/node@https://registry.npmjs.org/@humanfs/node/-/node-0.16.7.tgz 0ms (cache hit)
528 http cache @humanwhocodes/module-importer@https://registry.npmjs.org/@humanwhocodes/module-importer/-/module-importer-1.0.1.tgz 0ms (cache hit)
529 http cache @eslint/plugin-kit@https://registry.npmjs.org/@eslint/plugin-kit/-/plugin-kit-0.4.1.tgz 0ms (cache hit)
530 http cache @eslint/js@https://registry.npmjs.org/@eslint/js/-/js-9.39.2.tgz 0ms (cache hit)
531 http cache @eslint/eslintrc@https://registry.npmjs.org/@eslint/eslintrc/-/eslintrc-3.3.3.tgz 0ms (cache hit)
532 http cache @eslint/core@https://registry.npmjs.org/@eslint/core/-/core-0.17.0.tgz 0ms (cache hit)
533 http cache @eslint/config-helpers@https://registry.npmjs.org/@eslint/config-helpers/-/config-helpers-0.4.2.tgz 0ms (cache hit)
534 http cache @eslint/config-array@https://registry.npmjs.org/@eslint/config-array/-/config-array-0.21.1.tgz 0ms (cache hit)
535 http cache @eslint-community/regexpp@https://registry.npmjs.org/@eslint-community/regexpp/-/regexpp-4.12.2.tgz 0ms (cache hit)
536 http cache eslint@https://registry.npmjs.org/eslint/-/eslint-9.39.2.tgz 0ms (cache hit)
537 http cache @eslint-community/eslint-utils@https://registry.npmjs.org/@eslint-community/eslint-utils/-/eslint-utils-4.9.0.tgz 0ms (cache hit)
538 http cache callsites@https://registry.npmjs.org/callsites/-/callsites-3.1.0.tgz 0ms (cache hit)
539 silly tarball no local data for isexe@https://registry.npmjs.org/isexe/-/isexe-2.0.0.tgz. Extracting by manifest.
540 silly tarball no local data for punycode@https://registry.npmjs.org/punycode/-/punycode-2.3.1.tgz. Extracting by manifest.
541 silly tarball no local data for has-flag@https://registry.npmjs.org/has-flag/-/has-flag-4.0.0.tgz. Extracting by manifest.
542 http cache eslint-visitor-keys@https://registry.npmjs.org/eslint-visitor-keys/-/eslint-visitor-keys-3.4.3.tgz 0ms (cache hit)
543 silly tarball no local data for yocto-queue@https://registry.npmjs.org/yocto-queue/-/yocto-queue-0.1.0.tgz. Extracting by manifest.
544 silly tarball no local data for shebang-regex@https://registry.npmjs.org/shebang-regex/-/shebang-regex-3.0.0.tgz. Extracting by manifest.
545 silly tarball no local data for p-limit@https://registry.npmjs.org/p-limit/-/p-limit-3.1.0.tgz. Extracting by manifest.
546 silly tarball no local data for word-wrap@https://registry.npmjs.org/word-wrap/-/word-wrap-1.2.5.tgz. Extracting by manifest.
547 silly tarball no local data for fast-levenshtein@https://registry.npmjs.org/fast-levenshtein/-/fast-levenshtein-2.0.6.tgz. Extracting by manifest.
548 silly tarball no local data for deep-is@https://registry.npmjs.org/deep-is/-/deep-is-0.1.4.tgz. Extracting by manifest.
549 silly tarball no local data for concat-map@https://registry.npmjs.org/concat-map/-/concat-map-0.0.1.tgz. Extracting by manifest.
550 silly tarball no local data for balanced-match@https://registry.npmjs.org/balanced-match/-/balanced-match-1.0.2.tgz. Extracting by manifest.
551 silly tarball no local data for p-locate@https://registry.npmjs.org/p-locate/-/p-locate-5.0.0.tgz. Extracting by manifest.
552 silly tarball no local data for type-check@https://registry.npmjs.org/type-check/-/type-check-0.4.0.tgz. Extracting by manifest.
553 silly tarball no local data for brace-expansion@https://registry.npmjs.org/brace-expansion/-/brace-expansion-1.1.12.tgz. Extracting by manifest.
554 silly tarball no local data for json-buffer@https://registry.npmjs.org/json-buffer/-/json-buffer-3.0.1.tgz. Extracting by manifest.
555 silly tarball no local data for prelude-ls@https://registry.npmjs.org/prelude-ls/-/prelude-ls-1.2.1.tgz. Extracting by manifest.
556 silly tarball no local data for argparse@https://registry.npmjs.org/argparse/-/argparse-2.0.1.tgz. Extracting by manifest.
557 silly tarball no local data for resolve-from@https://registry.npmjs.org/resolve-from/-/resolve-from-4.0.0.tgz. Extracting by manifest.
558 silly tarball no local data for parent-module@https://registry.npmjs.org/parent-module/-/parent-module-1.0.1.tgz. Extracting by manifest.
559 silly tarball no local data for keyv@https://registry.npmjs.org/keyv/-/keyv-4.5.4.tgz. Extracting by manifest.
560 silly tarball no local data for path-exists@https://registry.npmjs.org/path-exists/-/path-exists-4.0.0.tgz. Extracting by manifest.
561 silly tarball no local data for flatted@https://registry.npmjs.org/flatted/-/flatted-3.3.3.tgz. Extracting by manifest.
562 silly tarball no local data for locate-path@https://registry.npmjs.org/locate-path/-/locate-path-6.0.0.tgz. Extracting by manifest.
563 silly tarball no local data for flat-cache@https://registry.npmjs.org/flat-cache/-/flat-cache-4.0.1.tgz. Extracting by manifest.
564 silly tarball no local data for acorn-jsx@https://registry.npmjs.org/acorn-jsx/-/acorn-jsx-5.3.2.tgz. Extracting by manifest.
565 silly tarball no local data for estraverse@https://registry.npmjs.org/estraverse/-/estraverse-5.3.0.tgz. Extracting by manifest.
566 silly tarball no local data for esrecurse@https://registry.npmjs.org/esrecurse/-/esrecurse-4.3.0.tgz. Extracting by manifest.
567 silly tarball no local data for ms@https://registry.npmjs.org/ms/-/ms-2.1.3.tgz. Extracting by manifest.
568 silly tarball no local data for which@https://registry.npmjs.org/which/-/which-2.0.2.tgz. Extracting by manifest.
569 silly tarball no local data for shebang-command@https://registry.npmjs.org/shebang-command/-/shebang-command-2.0.0.tgz. Extracting by manifest.
570 silly tarball no local data for path-key@https://registry.npmjs.org/path-key/-/path-key-3.1.1.tgz. Extracting by manifest.
571 silly tarball no local data for color-name@https://registry.npmjs.org/color-name/-/color-name-1.1.4.tgz. Extracting by manifest.
572 silly tarball no local data for color-convert@https://registry.npmjs.org/color-convert/-/color-convert-2.0.1.tgz. Extracting by manifest.
573 silly tarball no local data for supports-color@https://registry.npmjs.org/supports-color/-/supports-color-7.2.0.tgz. Extracting by manifest.
574 silly tarball no local data for acorn@https://registry.npmjs.org/acorn/-/acorn-8.15.0.tgz. Extracting by manifest.
575 silly tarball no local data for ansi-styles@https://registry.npmjs.org/ansi-styles/-/ansi-styles-4.3.0.tgz. Extracting by manifest.
576 silly tarball no local data for uri-js@https://registry.npmjs.org/uri-js/-/uri-js-4.4.1.tgz. Extracting by manifest.
577 silly tarball no local data for fast-json-stable-stringify@https://registry.npmjs.org/fast-json-stable-stringify/-/fast-json-stable-stringify-2.1.0.tgz. Extracting by manifest.
578 silly tarball no local data for json-schema-traverse@https://registry.npmjs.org/json-schema-traverse/-/json-schema-traverse-0.4.1.tgz. Extracting by manifest.
579 silly tarball no local data for @humanfs/core@https://registry.npmjs.org/@humanfs/core/-/core-0.19.1.tgz. Extracting by manifest.
580 silly tarball no local data for strip-json-comments@https://registry.npmjs.org/strip-json-comments/-/strip-json-comments-3.1.1.tgz. Extracting by manifest.
581 silly tarball no local data for levn@https://registry.npmjs.org/levn/-/levn-0.4.1.tgz. Extracting by manifest.
582 silly tarball no local data for js-yaml@https://registry.npmjs.org/js-yaml/-/js-yaml-4.1.1.tgz. Extracting by manifest.
583 silly tarball no local data for import-fresh@https://registry.npmjs.org/import-fresh/-/import-fresh-3.3.1.tgz. Extracting by manifest.
584 silly tarball no local data for globals@https://registry.npmjs.org/globals/-/globals-14.0.0.tgz. Extracting by manifest.
585 silly tarball no local data for @types/json-schema@https://registry.npmjs.org/@types/json-schema/-/json-schema-7.0.15.tgz. Extracting by manifest.
586 silly tarball no local data for @eslint/object-schema@https://registry.npmjs.org/@eslint/object-schema/-/object-schema-2.1.7.tgz. Extracting by manifest.
587 silly tarball no local data for natural-compare@https://registry.npmjs.org/natural-compare/-/natural-compare-1.4.0.tgz. Extracting by manifest.
588 silly tarball no local data for optionator@https://registry.npmjs.org/optionator/-/optionator-0.9.4.tgz. Extracting by manifest.
589 silly tarball no local data for minimatch@https://registry.npmjs.org/minimatch/-/minimatch-3.1.2.tgz. Extracting by manifest.
590 silly tarball no local data for lodash.merge@https://registry.npmjs.org/lodash.merge/-/lodash.merge-4.6.2.tgz. Extracting by manifest.
591 silly tarball no local data for json-stable-stringify-without-jsonify@https://registry.npmjs.org/json-stable-stringify-without-jsonify/-/json-stable-stringify-without-jsonify-1.0.1.tgz. Extracting by manifest.
592 silly tarball no local data for imurmurhash@https://registry.npmjs.org/imurmurhash/-/imurmurhash-0.1.4.tgz. Extracting by manifest.
593 silly tarball no local data for ignore@https://registry.npmjs.org/ignore/-/ignore-5.3.2.tgz. Extracting by manifest.
594 silly tarball no local data for find-up@https://registry.npmjs.org/find-up/-/find-up-5.0.0.tgz. Extracting by manifest.
595 silly tarball no local data for file-entry-cache@https://registry.npmjs.org/file-entry-cache/-/file-entry-cache-8.0.0.tgz. Extracting by manifest.
596 silly tarball no local data for fast-deep-equal@https://registry.npmjs.org/fast-deep-equal/-/fast-deep-equal-3.1.3.tgz. Extracting by manifest.
597 silly tarball no local data for esutils@https://registry.npmjs.org/esutils/-/esutils-2.0.3.tgz. Extracting by manifest.
598 silly tarball no local data for esquery@https://registry.npmjs.org/esquery/-/esquery-1.6.0.tgz. Extracting by manifest.
599 silly tarball no local data for espree@https://registry.npmjs.org/espree/-/espree-10.4.0.tgz. Extracting by manifest.
600 silly tarball no local data for eslint-visitor-keys@https://registry.npmjs.org/eslint-visitor-keys/-/eslint-visitor-keys-4.2.1.tgz. Extracting by manifest.
601 silly tarball no local data for eslint-scope@https://registry.npmjs.org/eslint-scope/-/eslint-scope-8.4.0.tgz. Extracting by manifest.
602 silly tarball no local data for escape-string-regexp@https://registry.npmjs.org/escape-string-regexp/-/escape-string-regexp-4.0.0.tgz. Extracting by manifest.
603 silly tarball no local data for cross-spawn@https://registry.npmjs.org/cross-spawn/-/cross-spawn-7.0.6.tgz. Extracting by manifest.
604 silly tarball no local data for debug@https://registry.npmjs.org/debug/-/debug-4.4.3.tgz. Extracting by manifest.
605 silly tarball no local data for chalk@https://registry.npmjs.org/chalk/-/chalk-4.1.2.tgz. Extracting by manifest.
606 silly tarball no local data for @types/estree@https://registry.npmjs.org/@types/estree/-/estree-1.0.8.tgz. Extracting by manifest.
607 silly tarball no local data for ajv@https://registry.npmjs.org/ajv/-/ajv-6.12.6.tgz. Extracting by manifest.
608 silly tarball no local data for @humanwhocodes/retry@https://registry.npmjs.org/@humanwhocodes/retry/-/retry-0.4.3.tgz. Extracting by manifest.
609 silly tarball no local data for @humanfs/node@https://registry.npmjs.org/@humanfs/node/-/node-0.16.7.tgz. Extracting by manifest.
610 silly tarball no local data for @humanwhocodes/module-importer@https://registry.npmjs.org/@humanwhocodes/module-importer/-/module-importer-1.0.1.tgz. Extracting by manifest.
611 silly tarball no local data for @eslint/plugin-kit@https://registry.npmjs.org/@eslint/plugin-kit/-/plugin-kit-0.4.1.tgz. Extracting by manifest.
612 silly tarball no local data for @eslint/js@https://registry.npmjs.org/@eslint/js/-/js-9.39.2.tgz. Extracting by manifest.
613 silly tarball no local data for @eslint/eslintrc@https://registry.npmjs.org/@eslint/eslintrc/-/eslintrc-3.3.3.tgz. Extracting by manifest.
614 silly tarball no local data for @eslint/core@https://registry.npmjs.org/@eslint/core/-/core-0.17.0.tgz. Extracting by manifest.
615 silly tarball no local data for @eslint/config-helpers@https://registry.npmjs.org/@eslint/config-helpers/-/config-helpers-0.4.2.tgz. Extracting by manifest.
616 silly tarball no local data for @eslint/config-array@https://registry.npmjs.org/@eslint/config-array/-/config-array-0.21.1.tgz. Extracting by manifest.
617 silly tarball no local data for @eslint-community/regexpp@https://registry.npmjs.org/@eslint-community/regexpp/-/regexpp-4.12.2.tgz. Extracting by manifest.
618 silly tarball no local data for eslint@https://registry.npmjs.org/eslint/-/eslint-9.39.2.tgz. Extracting by manifest.
619 silly tarball no local data for @eslint-community/eslint-utils@https://registry.npmjs.org/@eslint-community/eslint-utils/-/eslint-utils-4.9.0.tgz. Extracting by manifest.
620 silly tarball no local data for callsites@https://registry.npmjs.org/callsites/-/callsites-3.1.0.tgz. Extracting by manifest.
621 silly tarball no local data for eslint-visitor-keys@https://registry.npmjs.org/eslint-visitor-keys/-/eslint-visitor-keys-3.4.3.tgz. Extracting by manifest.
622 http fetch POST 200 https://registry.npmjs.org/-/npm/v1/security/advisories/bulk 366ms
623 silly audit report {
623 silly audit report   next: [
623 silly audit report     {
623 silly audit report       id: 1099638,
623 silly audit report       url: 'https://github.com/advisories/GHSA-gp8f-8m3g-qvj9',
623 silly audit report       title: 'Next.js Cache Poisoning',
623 silly audit report       severity: 'high',
623 silly audit report       vulnerable_versions: '>=14.0.0 <14.2.10',
623 silly audit report       cwe: [Array],
623 silly audit report       cvss: [Object]
623 silly audit report     },
623 silly audit report     {
623 silly audit report       id: 1100421,
623 silly audit report       url: 'https://github.com/advisories/GHSA-g77x-44xx-532m',
623 silly audit report       title: 'Denial of Service condition in Next.js image optimization',
623 silly audit report       severity: 'moderate',
623 silly audit report       vulnerable_versions: '>=10.0.0 <14.2.7',
623 silly audit report       cwe: [Array],
623 silly audit report       cvss: [Object]
623 silly audit report     },
623 silly audit report     {
623 silly audit report       id: 1101438,
623 silly audit report       url: 'https://github.com/advisories/GHSA-7m27-7ghc-44w9',
623 silly audit report       title: 'Next.js Allows a Denial of Service (DoS) with Server Actions',
623 silly audit report       severity: 'moderate',
623 silly audit report       vulnerable_versions: '>=14.0.0 <14.2.21',
623 silly audit report       cwe: [Array],
623 silly audit report       cvss: [Object]
623 silly audit report     },
623 silly audit report     {
623 silly audit report       id: 1105461,
623 silly audit report       url: 'https://github.com/advisories/GHSA-3h52-269p-cp9r',
623 silly audit report       title: 'Information exposure in Next.js dev server due to lack of origin verification',
623 silly audit report       severity: 'low',
623 silly audit report       vulnerable_versions: '>=13.0 <14.2.30',
623 silly audit report       cwe: [Array],
623 silly audit report       cvss: [Object]
623 silly audit report     },
623 silly audit report     {
623 silly audit report       id: 1111391,
623 silly audit report       url: 'https://github.com/advisories/GHSA-mwv6-3258-q52c',
623 silly audit report       title: 'Next Vulnerable to Denial of Service with Server Components',
623 silly audit report       severity: 'high',
623 silly audit report       vulnerable_versions: '>=13.3.0 <14.2.34',
623 silly audit report       cwe: [Array],
623 silly audit report       cvss: [Object]
623 silly audit report     },
623 silly audit report     {
623 silly audit report       id: 1111461,
623 silly audit report       url: 'https://github.com/advisories/GHSA-5j59-xgg2-r9c4',
623 silly audit report       title: 'Next has a Denial of Service with Server Components - Incomplete Fix Follow-Up',
623 silly audit report       severity: 'high',
623 silly audit report       vulnerable_versions: '>=13.3.1-canary.0 <14.2.35',
623 silly audit report       cwe: [Array],
623 silly audit report       cvss: [Object]
623 silly audit report     },
623 silly audit report     {
623 silly audit report       id: 1107226,
623 silly audit report       url: 'https://github.com/advisories/GHSA-g5qg-72qw-gw5v',
623 silly audit report       title: 'Next.js Affected by Cache Key Confusion for Image Optimization API Routes',
623 silly audit report       severity: 'moderate',
623 silly audit report       vulnerable_versions: '>=0.9.9 <14.2.31',
623 silly audit report       cwe: [Array],
623 silly audit report       cvss: [Object]
623 silly audit report     },
623 silly audit report     {
623 silly audit report       id: 1107420,
623 silly audit report       url: 'https://github.com/advisories/GHSA-7gfc-8cq8-jh5f',
623 silly audit report       title: 'Next.js authorization bypass vulnerability',
623 silly audit report       severity: 'high',
623 silly audit report       vulnerable_versions: '>=9.5.5 <14.2.15',
623 silly audit report       cwe: [Array],
623 silly audit report       cvss: [Object]
623 silly audit report     },
623 silly audit report     {
623 silly audit report       id: 1107512,
623 silly audit report       url: 'https://github.com/advisories/GHSA-4342-x723-ch2f',
623 silly audit report       title: 'Next.js Improper Middleware Redirect Handling Leads to SSRF',
623 silly audit report       severity: 'moderate',
623 silly audit report       vulnerable_versions: '>=0.9.9 <14.2.32',
623 silly audit report       cwe: [Array],
623 silly audit report       cvss: [Object]
623 silly audit report     },
623 silly audit report     {
623 silly audit report       id: 1107513,
623 silly audit report       url: 'https://github.com/advisories/GHSA-xv57-4mr9-wg8v',
623 silly audit report       title: 'Next.js Content Injection Vulnerability for Image Optimization',
623 silly audit report       severity: 'moderate',
623 silly audit report       vulnerable_versions: '>=0.9.9 <14.2.31',
623 silly audit report       cwe: [Array],
623 silly audit report       cvss: [Object]
623 silly audit report     },
623 silly audit report     {
623 silly audit report       id: 1108291,
623 silly audit report       url: 'https://github.com/advisories/GHSA-qpjv-v59x-3qc4',
623 silly audit report       title: 'Next.js Race Condition to Cache Poisoning',
623 silly audit report       severity: 'low',
623 silly audit report       vulnerable_versions: '>=0.9.9 <14.2.24',
623 silly audit report       cwe: [Array],
623 silly audit report       cvss: [Object]
623 silly audit report     },
623 silly audit report     {
623 silly audit report       id: 1108953,
623 silly audit report       url: 'https://github.com/advisories/GHSA-f82v-jwr5-mffw',
623 silly audit report       title: 'Authorization Bypass in Next.js Middleware',
623 silly audit report       severity: 'critical',
623 silly audit report       vulnerable_versions: '>=14.0.0 <14.2.25',
623 silly audit report       cwe: [Array],
623 silly audit report       cvss: [Object]
623 silly audit report     },
623 silly audit report     {
623 silly audit report       id: 1097295,
623 silly audit report       url: 'https://github.com/advisories/GHSA-fr5h-rqp8-mj6g',
623 silly audit report       title: 'Next.js Server-Side Request Forgery in Server Actions',
623 silly audit report       severity: 'high',
623 silly audit report       vulnerable_versions: '>=13.4.0 <14.1.1',
623 silly audit report       cwe: [Array],
623 silly audit report       cvss: [Object]
623 silly audit report     }
623 silly audit report   ]
623 silly audit report }
624 silly packumentCache corgi:https://registry.npmjs.org/next cache-miss
625 http fetch GET 200 https://registry.npmjs.org/isexe/-/isexe-2.0.0.tgz 1416ms (cache miss)
626 http fetch GET 200 https://registry.npmjs.org/prelude-ls/-/prelude-ls-1.2.1.tgz 1490ms (cache miss)
627 http fetch GET 200 https://registry.npmjs.org/punycode/-/punycode-2.3.1.tgz 1558ms (cache miss)
628 http fetch GET 200 https://registry.npmjs.org/json-buffer/-/json-buffer-3.0.1.tgz 1532ms (cache miss)
629 http fetch GET 200 https://registry.npmjs.org/parent-module/-/parent-module-1.0.1.tgz 1530ms (cache miss)
630 http fetch GET 200 https://registry.npmjs.org/resolve-from/-/resolve-from-4.0.0.tgz 1562ms (cache miss)
631 http fetch GET 200 https://registry.npmjs.org/keyv/-/keyv-4.5.4.tgz 1607ms (cache miss)
632 http fetch GET 200 https://registry.npmjs.org/flatted/-/flatted-3.3.3.tgz 1638ms (cache miss)
633 http fetch GET 200 https://registry.npmjs.org/yocto-queue/-/yocto-queue-0.1.0.tgz 1703ms (cache miss)
634 http fetch GET 200 https://registry.npmjs.org/path-exists/-/path-exists-4.0.0.tgz 1759ms (cache miss)
635 http fetch GET 200 https://registry.npmjs.org/shebang-regex/-/shebang-regex-3.0.0.tgz 1785ms (cache miss)
636 http fetch GET 200 https://registry.npmjs.org/argparse/-/argparse-2.0.1.tgz 1797ms (cache miss)
637 http fetch GET 200 https://registry.npmjs.org/has-flag/-/has-flag-4.0.0.tgz 1820ms (cache miss)
638 http fetch GET 200 https://registry.npmjs.org/shebang-command/-/shebang-command-2.0.0.tgz 1786ms (cache miss)
639 http fetch GET 200 https://registry.npmjs.org/p-locate/-/p-locate-5.0.0.tgz 1814ms (cache miss)
640 http fetch GET 200 https://registry.npmjs.org/p-limit/-/p-limit-3.1.0.tgz 1865ms (cache miss)
641 http fetch GET 200 https://registry.npmjs.org/deep-is/-/deep-is-0.1.4.tgz 1864ms (cache miss)
642 http fetch GET 200 https://registry.npmjs.org/concat-map/-/concat-map-0.0.1.tgz 1862ms (cache miss)
643 http fetch GET 200 https://registry.npmjs.org/ms/-/ms-2.1.3.tgz 1838ms (cache miss)
644 http fetch GET 200 https://registry.npmjs.org/path-key/-/path-key-3.1.1.tgz 1837ms (cache miss)
645 http fetch GET 200 https://registry.npmjs.org/import-fresh/-/import-fresh-3.3.1.tgz 1807ms (cache miss)
646 http fetch GET 200 https://registry.npmjs.org/levn/-/levn-0.4.1.tgz 1812ms (cache miss)
647 http fetch GET 200 https://registry.npmjs.org/which/-/which-2.0.2.tgz 1846ms (cache miss)
648 http fetch GET 200 https://registry.npmjs.org/balanced-match/-/balanced-match-1.0.2.tgz 1883ms (cache miss)
649 http fetch GET 200 https://registry.npmjs.org/fast-levenshtein/-/fast-levenshtein-2.0.6.tgz 1890ms (cache miss)
650 http fetch GET 200 https://registry.npmjs.org/locate-path/-/locate-path-6.0.0.tgz 1868ms (cache miss)
651 http fetch GET 200 https://registry.npmjs.org/word-wrap/-/word-wrap-1.2.5.tgz 1904ms (cache miss)
652 http fetch GET 200 https://registry.npmjs.org/brace-expansion/-/brace-expansion-1.1.12.tgz 1891ms (cache miss)
653 http fetch GET 200 https://registry.npmjs.org/esrecurse/-/esrecurse-4.3.0.tgz 1876ms (cache miss)
654 http fetch GET 200 https://registry.npmjs.org/color-name/-/color-name-1.1.4.tgz 1876ms (cache miss)
655 http fetch GET 200 https://registry.npmjs.org/json-schema-traverse/-/json-schema-traverse-0.4.1.tgz 1893ms (cache miss)
656 http fetch GET 200 https://registry.npmjs.org/find-up/-/find-up-5.0.0.tgz 1863ms (cache miss)
657 http fetch GET 200 https://registry.npmjs.org/lodash.merge/-/lodash.merge-4.6.2.tgz 1891ms (cache miss)
658 http fetch GET 200 https://registry.npmjs.org/fast-deep-equal/-/fast-deep-equal-3.1.3.tgz 1883ms (cache miss)
659 http fetch GET 200 https://registry.npmjs.org/file-entry-cache/-/file-entry-cache-8.0.0.tgz 1888ms (cache miss)
660 http fetch GET 200 https://registry.npmjs.org/supports-color/-/supports-color-7.2.0.tgz 1968ms (cache miss)
661 http fetch GET 200 https://registry.npmjs.org/callsites/-/callsites-3.1.0.tgz 1921ms (cache miss)
662 http fetch GET 200 https://registry.npmjs.org/strip-json-comments/-/strip-json-comments-3.1.1.tgz 2001ms (cache miss)
663 http fetch GET 200 https://registry.npmjs.org/imurmurhash/-/imurmurhash-0.1.4.tgz 1987ms (cache miss)
664 http fetch GET 200 https://registry.npmjs.org/@humanwhocodes/module-importer/-/module-importer-1.0.1.tgz 1956ms (cache miss)
665 http fetch GET 200 https://registry.npmjs.org/minimatch/-/minimatch-3.1.2.tgz 2007ms (cache miss)
666 http fetch GET 200 https://registry.npmjs.org/natural-compare/-/natural-compare-1.4.0.tgz 2010ms (cache miss)
667 http fetch GET 200 https://registry.npmjs.org/@humanfs/node/-/node-0.16.7.tgz 1979ms (cache miss)
668 http fetch GET 200 https://registry.npmjs.org/acorn-jsx/-/acorn-jsx-5.3.2.tgz 2068ms (cache miss)
669 http fetch GET 200 https://registry.npmjs.org/flat-cache/-/flat-cache-4.0.1.tgz 2072ms (cache miss)
670 http fetch GET 200 https://registry.npmjs.org/ansi-styles/-/ansi-styles-4.3.0.tgz 2058ms (cache miss)
671 http fetch GET 200 https://registry.npmjs.org/chalk/-/chalk-4.1.2.tgz 1999ms (cache miss)
672 http fetch GET 200 https://registry.npmjs.org/escape-string-regexp/-/escape-string-regexp-4.0.0.tgz 2013ms (cache miss)
673 http fetch GET 200 https://registry.npmjs.org/eslint-visitor-keys/-/eslint-visitor-keys-3.4.3.tgz 2036ms (cache miss)
674 http fetch GET 200 https://registry.npmjs.org/@types/json-schema/-/json-schema-7.0.15.tgz 2116ms (cache miss)
675 http fetch GET 200 https://registry.npmjs.org/estraverse/-/estraverse-5.3.0.tgz 2160ms (cache miss)
676 http fetch GET 200 https://registry.npmjs.org/type-check/-/type-check-0.4.0.tgz 2199ms (cache miss)
677 http fetch GET 200 https://registry.npmjs.org/@types/estree/-/estree-1.0.8.tgz 2108ms (cache miss)
678 http fetch GET 200 https://registry.npmjs.org/color-convert/-/color-convert-2.0.1.tgz 2181ms (cache miss)
679 http fetch GET 200 https://registry.npmjs.org/ignore/-/ignore-5.3.2.tgz 2187ms (cache miss)
680 http fetch GET 200 https://registry.npmjs.org/esutils/-/esutils-2.0.3.tgz 2222ms (cache miss)
681 http fetch GET 200 https://registry.npmjs.org/eslint-visitor-keys/-/eslint-visitor-keys-4.2.1.tgz 2223ms (cache miss)
682 http fetch GET 200 https://registry.npmjs.org/@eslint/js/-/js-9.39.2.tgz 2212ms (cache miss)
683 http fetch GET 200 https://registry.npmjs.org/globals/-/globals-14.0.0.tgz 2280ms (cache miss)
684 http fetch GET 200 https://registry.npmjs.org/json-stable-stringify-without-jsonify/-/json-stable-stringify-without-jsonify-1.0.1.tgz 2274ms (cache miss)
685 http fetch GET 200 https://registry.npmjs.org/optionator/-/optionator-0.9.4.tgz 2286ms (cache miss)
686 http fetch GET 200 https://registry.npmjs.org/@humanwhocodes/retry/-/retry-0.4.3.tgz 2247ms (cache miss)
687 http fetch GET 200 https://registry.npmjs.org/cross-spawn/-/cross-spawn-7.0.6.tgz 2277ms (cache miss)
688 http fetch GET 200 https://registry.npmjs.org/debug/-/debug-4.4.3.tgz 2293ms (cache miss)
689 http fetch GET 200 https://registry.npmjs.org/@eslint/core/-/core-0.17.0.tgz 2328ms (cache miss)
690 http fetch GET 200 https://registry.npmjs.org/@eslint/config-helpers/-/config-helpers-0.4.2.tgz 2338ms (cache miss)
691 http fetch GET 200 https://registry.npmjs.org/@eslint/plugin-kit/-/plugin-kit-0.4.1.tgz 2344ms (cache miss)
692 http fetch GET 200 https://registry.npmjs.org/fast-json-stable-stringify/-/fast-json-stable-stringify-2.1.0.tgz 2412ms (cache miss)
693 http fetch GET 200 https://registry.npmjs.org/@eslint/object-schema/-/object-schema-2.1.7.tgz 2394ms (cache miss)
694 http fetch GET 200 https://registry.npmjs.org/espree/-/espree-10.4.0.tgz 2440ms (cache miss)
695 http fetch GET 200 https://registry.npmjs.org/@humanfs/core/-/core-0.19.1.tgz 2505ms (cache miss)
696 http fetch GET 200 https://registry.npmjs.org/@eslint-community/eslint-utils/-/eslint-utils-4.9.0.tgz 2477ms (cache miss)
697 http fetch GET 200 https://registry.npmjs.org/eslint-scope/-/eslint-scope-8.4.0.tgz 2557ms (cache miss)
698 http fetch GET 200 https://registry.npmjs.org/@eslint-community/regexpp/-/regexpp-4.12.2.tgz 2530ms (cache miss)
699 http fetch GET 200 https://registry.npmjs.org/acorn/-/acorn-8.15.0.tgz 2705ms (cache miss)
700 http fetch GET 200 https://registry.npmjs.org/@eslint/config-array/-/config-array-0.21.1.tgz 2622ms (cache miss)
701 http fetch GET 200 https://registry.npmjs.org/esquery/-/esquery-1.6.0.tgz 2678ms (cache miss)
702 http fetch GET 200 https://registry.npmjs.org/@eslint/eslintrc/-/eslintrc-3.3.3.tgz 2735ms (cache miss)
703 http fetch GET 200 https://registry.npmjs.org/js-yaml/-/js-yaml-4.1.1.tgz 2817ms (cache miss)
704 http fetch GET 200 https://registry.npmjs.org/uri-js/-/uri-js-4.4.1.tgz 2982ms (cache miss)
705 http fetch GET 200 https://registry.npmjs.org/ajv/-/ajv-6.12.6.tgz 3538ms (cache miss)
706 http fetch GET 200 https://registry.npmjs.org/next 4281ms (cache miss)
707 silly packumentCache corgi:https://registry.npmjs.org/next set size:undefined disposed:false
708 http fetch GET 200 https://registry.npmjs.org/eslint/-/eslint-9.39.2.tgz 9646ms (cache miss)
709 silly ADD node_modules/isexe
710 silly ADD node_modules/punycode
711 silly ADD node_modules/has-flag
712 silly ADD node_modules/shebang-regex
713 silly ADD node_modules/callsites
714 silly ADD node_modules/yocto-queue
715 silly ADD node_modules/p-limit
716 silly ADD node_modules/word-wrap
717 silly ADD node_modules/fast-levenshtein
718 silly ADD node_modules/deep-is
719 silly ADD node_modules/concat-map
720 silly ADD node_modules/balanced-match
721 silly ADD node_modules/brace-expansion
722 silly ADD node_modules/p-locate
723 silly ADD node_modules/type-check
724 silly ADD node_modules/prelude-ls
725 silly ADD node_modules/json-buffer
726 silly ADD node_modules/argparse
727 silly ADD node_modules/resolve-from
728 silly ADD node_modules/parent-module
729 silly ADD node_modules/keyv
730 silly ADD node_modules/flatted
731 silly ADD node_modules/path-exists
732 silly ADD node_modules/locate-path
733 silly ADD node_modules/flat-cache
734 silly ADD node_modules/acorn-jsx
735 silly ADD node_modules/acorn
736 silly ADD node_modules/estraverse
737 silly ADD node_modules/esrecurse
738 silly ADD node_modules/ms
739 silly ADD node_modules/which
740 silly ADD node_modules/shebang-command
741 silly ADD node_modules/path-key
742 silly ADD node_modules/color-name
743 silly ADD node_modules/color-convert
744 silly ADD node_modules/supports-color
745 silly ADD node_modules/ansi-styles
746 silly ADD node_modules/uri-js
747 silly ADD node_modules/json-schema-traverse
748 silly ADD node_modules/fast-json-stable-stringify
749 silly ADD node_modules/@humanfs/core
750 silly ADD node_modules/levn
751 silly ADD node_modules/strip-json-comments
752 silly ADD node_modules/js-yaml
753 silly ADD node_modules/import-fresh
754 silly ADD node_modules/globals
755 silly ADD node_modules/@types/json-schema
756 silly ADD node_modules/@eslint/object-schema
757 silly ADD node_modules/optionator
758 silly ADD node_modules/natural-compare
759 silly ADD node_modules/minimatch
760 silly ADD node_modules/lodash.merge
761 silly ADD node_modules/json-stable-stringify-without-jsonify
762 silly ADD node_modules/imurmurhash
763 silly ADD node_modules/ignore
764 silly ADD node_modules/find-up
765 silly ADD node_modules/file-entry-cache
766 silly ADD node_modules/fast-deep-equal
767 silly ADD node_modules/esutils
768 silly ADD node_modules/esquery
769 silly ADD node_modules/espree
770 silly ADD node_modules/eslint-visitor-keys
771 silly ADD node_modules/eslint-scope
772 silly ADD node_modules/escape-string-regexp
773 silly ADD node_modules/debug
774 silly ADD node_modules/cross-spawn
775 silly ADD node_modules/chalk
776 silly ADD node_modules/ajv
777 silly ADD node_modules/@types/estree
778 silly ADD node_modules/@humanwhocodes/retry
779 silly ADD node_modules/@humanwhocodes/module-importer
780 silly ADD node_modules/@humanfs/node
781 silly ADD node_modules/@eslint/plugin-kit
782 silly ADD node_modules/@eslint/js
783 silly ADD node_modules/@eslint/eslintrc
784 silly ADD node_modules/@eslint/core
785 silly ADD node_modules/@eslint/config-helpers
786 silly ADD node_modules/@eslint/config-array
787 silly ADD node_modules/@eslint-community/regexpp
788 silly ADD node_modules/@eslint-community/eslint-utils
789 silly ADD node_modules/@eslint-community/eslint-utils/node_modules/eslint-visitor-keys
790 silly ADD node_modules/eslint
791 verbose cwd /Users/timothycheng/fd-staging
792 verbose os Darwin 23.6.0
793 verbose node v20.19.0
794 verbose npm  v11.7.0
795 verbose exit 0
796 info ok
